$ date
Tuesday 5 March  09:36:14 EST 2013
$ git checkout master
Already on 'master'
$ git reset --hard stable
HEAD is now at ea882c2 Merge tag 'disintegrate-fbdev-20121220' of git://git.infradead.org/users/dhowells/linux-headers
Merging origin/master (6dbe51c Linux 3.9-rc1)
$ git merge origin/master
Updating ea882c2..6dbe51c
Fast-forward
 Makefile | 4 ++--
 1 file changed, 2 insertions(+), 2 deletions(-)
Merging fixes/master (d287b87 Merge branch 'for-linus' of git://git.kernel.org/pub/scm/linux/kernel/git/viro/vfs)
$ git merge fixes/master
Already up-to-date.
Merging kbuild-current/rc-fixes (02f3e53 Merge branch 'yem-kconfig-rc-fixes' of git://gitorious.org/linux-kconfig/linux-kconfig into kbuild/rc-fixes)
$ git merge kbuild-current/rc-fixes
Already up-to-date.
Merging arm-current/fixes (3f7d1fe ARM: 7665/1: Wire up kcmp syscall)
$ git merge arm-current/fixes
Merge made by the 'recursive' strategy.
 arch/arm/include/asm/mmu.h             |  8 ++---
 arch/arm/include/asm/mmu_context.h     |  2 +-
 arch/arm/include/asm/tlbflush.h        | 34 ++++++++++++++----
 arch/arm/include/uapi/asm/unistd.h     |  2 +-
 arch/arm/kernel/asm-offsets.c          |  2 +-
 arch/arm/kernel/calls.S                |  2 +-
 arch/arm/kernel/head.S                 | 26 +++++++++++---
 arch/arm/kernel/hw_breakpoint.c        |  2 +-
 arch/arm/kernel/perf_event.c           |  2 +-
 arch/arm/kernel/perf_event_v7.c        |  2 +-
 arch/arm/kernel/smp.c                  |  1 +
 arch/arm/kernel/smp_tlb.c              | 12 +++++++
 arch/arm/kernel/smp_twd.c              |  4 +++
 arch/arm/kernel/suspend.c              |  1 +
 arch/arm/mach-netx/generic.c           |  2 +-
 arch/arm/mach-netx/include/mach/irqs.h | 64 +++++++++++++++++-----------------
 arch/arm/mm/context.c                  | 29 +++++++++------
 arch/arm/mm/idmap.c                    |  1 +
 arch/arm/mm/proc-v7-3level.S           |  2 +-
 19 files changed, 132 insertions(+), 66 deletions(-)
Merging m68k-current/for-linus (5618395 m68k: Sort out !CONFIG_MMU_SUN3 vs. CONFIG_HAS_DMA)
$ git merge m68k-current/for-linus
Already up-to-date.
Merging powerpc-merge/merge (eda8eeb powerpc/mm: Fix hash computation function)
$ git merge powerpc-merge/merge
Already up-to-date.
Merging sparc/master (a295642 sparc,leon: fix GRPCI2 device0 PCI config space access)
$ git merge sparc/master
Merge made by the 'recursive' strategy.
 arch/sparc/kernel/leon_pci_grpci2.c | 41 +++++++++++++++++++++++--------------
 drivers/tty/serial/sunsu.c          | 21 ++++++++-----------
 2 files changed, 35 insertions(+), 27 deletions(-)
Merging net/master (aab2b4b tcp: fix double-counted receiver RTT when leaving receiver fast path)
$ git merge net/master
Auto-merging net/sctp/socket.c
Auto-merging net/sctp/endpointola.c
Auto-merging net/mac80211/tx.c
Auto-merging drivers/net/ethernet/broadcom/bgmac.c
Auto-merging MAINTAINERS
Merge made by the 'recursive' strategy.
 MAINTAINERS                                        |   18 -
 drivers/bcma/driver_pci_host.c                     |    2 +
 drivers/connector/cn_proc.c                        |    8 +
 drivers/isdn/hisax/st5481_usb.c                    |   12 +-
 drivers/net/bonding/bond_main.c                    |    2 +-
 drivers/net/ethernet/broadcom/bgmac.c              |    4 +
 drivers/net/ethernet/broadcom/bnx2x/bnx2x_cmn.c    |    2 +-
 .../net/ethernet/broadcom/bnx2x/bnx2x_ethtool.c    |    6 +
 drivers/net/ethernet/broadcom/bnx2x/bnx2x_link.c   |   64 +-
 drivers/net/ethernet/broadcom/bnx2x/bnx2x_link.h   |    3 +-
 drivers/net/ethernet/freescale/fec.c               |   85 +-
 drivers/net/ethernet/freescale/fec.h               |   18 +-
 drivers/net/ethernet/realtek/r8169.c               |   27 +-
 drivers/net/ethernet/sfc/efx.c                     |   16 +-
 drivers/net/ethernet/sfc/net_driver.h              |    4 +-
 drivers/net/ethernet/sfc/rx.c                      |   25 +-
 drivers/net/ethernet/ti/cpsw.c                     |    2 +-
 drivers/net/phy/micrel.c                           |    3 +-
 drivers/net/phy/phy_device.c                       |   10 +-
 drivers/net/usb/Kconfig                            |   18 +
 drivers/net/usb/Makefile                           |    1 +
 drivers/net/usb/asix_devices.c                     |   31 +
 drivers/net/usb/ax88179_178a.c                     | 1448 ++++++++++++++++++++
 drivers/net/usb/cdc_ncm.c                          |    8 +
 drivers/net/wireless/ath/ath9k/common.h            |    2 +-
 drivers/net/wireless/ath/ath9k/htc.h               |    1 +
 drivers/net/wireless/ath/ath9k/htc_drv_txrx.c      |   18 +-
 drivers/net/wireless/ath/ath9k/hw.c                |    4 +-
 drivers/net/wireless/iwlwifi/iwl-devtrace.h        |   10 +-
 drivers/net/wireless/iwlwifi/iwl-phy-db.c          |   16 -
 drivers/net/wireless/iwlwifi/mvm/d3.c              |  104 +-
 drivers/net/wireless/iwlwifi/mvm/mac80211.c        |   19 +-
 drivers/net/wireless/iwlwifi/mvm/mvm.h             |    4 +
 drivers/net/wireless/iwlwifi/pcie/internal.h       |    9 +
 drivers/net/wireless/iwlwifi/pcie/tx.c             |   75 +-
 drivers/net/wireless/libertas/if_sdio.c            |    6 +-
 drivers/net/wireless/mwifiex/pcie.c                |    2 +-
 drivers/net/wireless/rt2x00/rt2x00dev.c            |    8 +-
 include/linux/netfilter/ipset/ip_set_ahash.h       |    4 +-
 include/net/tcp.h                                  |    4 +
 net/caif/caif_dev.c                                |    2 +-
 net/caif/caif_usb.c                                |    4 +-
 net/ipv4/ip_input.c                                |    6 +-
 net/ipv4/tcp_input.c                               |    6 +-
 net/ipv6/ip6_input.c                               |    6 +-
 net/ipv6/route.c                                   |    3 +-
 net/irda/iriap.c                                   |    7 +-
 net/l2tp/l2tp_ppp.c                                |    1 +
 net/mac80211/cfg.c                                 |   12 +-
 net/mac80211/iface.c                               |    2 +-
 net/mac80211/tx.c                                  |   77 +-
 net/netfilter/ipset/ip_set_core.c                  |    3 +-
 net/rds/message.c                                  |    8 +-
 net/sctp/endpointola.c                             |    2 +-
 net/sctp/socket.c                                  |    6 +-
 net/sctp/ssnmap.c                                  |    8 +-
 net/sctp/tsnmap.c                                  |   13 +-
 net/sctp/ulpqueue.c                                |   87 +-
 net/wireless/nl80211.c                             |   61 +-
 59 files changed, 2083 insertions(+), 334 deletions(-)
 create mode 100644 drivers/net/usb/ax88179_178a.c
Merging ipsec/master (85dfb74 af_key: initialize satype in key_notify_policy_flush())
$ git merge ipsec/master
Auto-merging net/key/af_key.c
Merge made by the 'recursive' strategy.
 net/key/af_key.c | 1 +
 1 file changed, 1 insertion(+)
Merging sound-current/for-linus (85c50a5 ALSA: seq: seq_oss_event: missing range checks)
$ git merge sound-current/for-linus
Merge made by the 'recursive' strategy.
 sound/core/seq/oss/seq_oss_event.c | 14 ++++++++++++--
 1 file changed, 12 insertions(+), 2 deletions(-)
Merging pci-current/for-linus (249bfb8 PCI/PM: Clean up PME state when removing a device)
$ git merge pci-current/for-linus
Already up-to-date.
Merging wireless/master (4f21e7e Merge branch 'for-john' of git://git.kernel.org/pub/scm/linux/kernel/git/iwlwifi/iwlwifi-fixes)
$ git merge wireless/master
Auto-merging net/wireless/core.c
Auto-merging net/mac80211/tx.c
Merge made by the 'recursive' strategy.
 drivers/net/wireless/iwlwifi/dvm/sta.c       |   2 +-
 drivers/net/wireless/iwlwifi/iwl-devtrace.h  |   2 +-
 drivers/net/wireless/iwlwifi/iwl-drv.c       |   3 +-
 drivers/net/wireless/iwlwifi/iwl-modparams.h |   2 +-
 drivers/net/wireless/iwlwifi/iwl-trans.h     |  20 +-
 drivers/net/wireless/iwlwifi/mvm/fw-api.h    |  18 +-
 drivers/net/wireless/iwlwifi/mvm/fw.c        | 133 +-------------
 drivers/net/wireless/iwlwifi/mvm/mvm.h       |   3 +-
 drivers/net/wireless/iwlwifi/mvm/ops.c       |  18 +-
 drivers/net/wireless/iwlwifi/mvm/rx.c        |  37 ++--
 drivers/net/wireless/iwlwifi/mvm/sta.c       |  10 +
 drivers/net/wireless/iwlwifi/mvm/tx.c        |   6 +-
 drivers/net/wireless/iwlwifi/pcie/internal.h |  34 +++-
 drivers/net/wireless/iwlwifi/pcie/rx.c       |  14 +-
 drivers/net/wireless/iwlwifi/pcie/tx.c       | 266 +++++++++++++--------------
 net/mac80211/cfg.c                           |  21 ++-
 net/mac80211/iface.c                         |   6 +
 net/mac80211/mlme.c                          |  28 ++-
 net/mac80211/tx.c                            |   3 +-
 net/wireless/core.c                          |   3 +-
 net/wireless/nl80211.c                       |  51 +++--
 21 files changed, 299 insertions(+), 381 deletions(-)
Merging driver-core.current/driver-core-linus (6dbe51c Linux 3.9-rc1)
$ git merge driver-core.current/driver-core-linus
Already up-to-date.
Merging tty.current/tty-linus (34dcfb8 TTY: disable debugging warning)
$ git merge tty.current/tty-linus
Merge made by the 'recursive' strategy.
 drivers/tty/tty_buffer.c | 2 +-
 1 file changed, 1 insertion(+), 1 deletion(-)
Merging usb.current/usb-linus (6dbe51c Linux 3.9-rc1)
$ git merge usb.current/usb-linus
Already up-to-date.
Merging staging.current/staging-linus (6dbe51c Linux 3.9-rc1)
$ git merge staging.current/staging-linus
Already up-to-date.
Merging char-misc.current/char-misc-linus (6dbe51c Linux 3.9-rc1)
$ git merge char-misc.current/char-misc-linus
Already up-to-date.
Merging input-current/for-linus (171fb58 Input: ALPS - update documentation for recent touchpad driver mods)
$ git merge input-current/for-linus
Auto-merging Documentation/input/alps.txt
Merge made by the 'recursive' strategy.
 Documentation/input/alps.txt      | 67 ++++++++++++++++++++++++++----
 drivers/input/mouse/alps.c        | 85 +++++++++++++++++++++++++++++++++------
 drivers/input/mouse/alps.h        |  1 +
 drivers/input/mouse/cypress_ps2.c | 19 ++++++---
 4 files changed, 146 insertions(+), 26 deletions(-)
Merging md-current/for-linus (f3378b4 md: expedite metadata update when switching  read-auto -> active)
$ git merge md-current/for-linus
Auto-merging drivers/md/raid5.c
Auto-merging drivers/md/dm-raid.c
Auto-merging drivers/md/Kconfig
Merge made by the 'recursive' strategy.
 Documentation/device-mapper/dm-raid.txt |  44 ++++++++++--
 drivers/md/Kconfig                      |  11 ---
 drivers/md/dm-raid.c                    | 123 ++++++++++++++++++++++++++------
 drivers/md/md.c                         |  19 ++++-
 drivers/md/raid0.c                      |  13 +++-
 drivers/md/raid1.c                      |   8 ++-
 drivers/md/raid10.c                     |  97 +++++++++++++++++++------
 drivers/md/raid10.h                     |   5 ++
 drivers/md/raid5.c                      |  38 +---------
 9 files changed, 256 insertions(+), 102 deletions(-)
Merging audit-current/for-linus (c158a35 audit: no leading space in audit_log_d_path prefix)
$ git merge audit-current/for-linus
Already up-to-date.
Merging crypto-current/master (8fd61d3 crypto: user - ensure user supplied strings are nul-terminated)
$ git merge crypto-current/master
Already up-to-date.
Merging ide/master (9974e43 ide: fix generic_ide_suspend/resume Oops)
$ git merge ide/master
Already up-to-date.
Merging dwmw2/master (084a0ec x86: add CONFIG_X86_MOVBE option)
$ git merge dwmw2/master
Resolved 'arch/powerpc/Kconfig' using previous resolution.
Resolved 'arch/x86/Kconfig' using previous resolution.
Auto-merging arch/x86/Makefile
Auto-merging arch/x86/Kconfig
CONFLICT (content): Merge conflict in arch/x86/Kconfig
Auto-merging arch/powerpc/Kconfig
CONFLICT (content): Merge conflict in arch/powerpc/Kconfig
Automatic merge failed; fix conflicts and then commit the result.
$ git commit -v -a
[master 3d45c1a] Merge remote-tracking branch 'dwmw2/master'
$ git diff -M --stat --summary HEAD^..
 arch/x86/Kconfig.cpu | 4 ++++
 arch/x86/Makefile    | 1 +
 2 files changed, 5 insertions(+)
Merging sh-current/sh-fixes-for-linus (4403310 SH: Convert out[bwl] macros to inline functions)
$ git merge sh-current/sh-fixes-for-linus
Already up-to-date.
Merging irqdomain-current/irqdomain/merge (a0d271c Linux 3.6)
$ git merge irqdomain-current/irqdomain/merge
Already up-to-date.
Merging devicetree-current/devicetree/merge (ab28698 of: define struct device in of_platform.h if !OF_DEVICE and !OF_ADDRESS)
$ git merge devicetree-current/devicetree/merge
Already up-to-date.
Merging spi-current/spi/merge (d3601e5 spi/sh-hspi: fix return value check in hspi_probe().)
$ git merge spi-current/spi/merge
Already up-to-date.
Merging gpio-current/gpio/merge (e97f9b5 gpio/gpio-ich: fix ichx_gpio_check_available() return what callers expect)
$ git merge gpio-current/gpio/merge
Merge made by the 'recursive' strategy.
 drivers/gpio/gpio-ich.c |   4 +-
 drivers/gpio/gpiolib.c  | 143 +++++++++++++++++++++++++++---------------------
 2 files changed, 84 insertions(+), 63 deletions(-)
Merging rr-fixes/fixes (6515925 Merge tag 'ext4_for_linus' of git://git.kernel.org/pub/scm/linux/kernel/git/tytso/ext4)
$ git merge rr-fixes/fixes
Already up-to-date.
Merging asm-generic/master (fb9de7e xtensa: Use generic asm/mmu.h for nommu)
$ git merge asm-generic/master
Already up-to-date.
Merging arc/for-next (de4bcec ARC: fix typo with clock speed)
$ git merge arc/for-next
Merge made by the 'recursive' strategy.
 arch/arc/include/asm/elf.h      |  3 ---
 arch/arc/include/asm/syscalls.h |  2 --
 arch/arc/kernel/clk.c           |  2 +-
 arch/arc/kernel/entry.S         | 25 -------------------------
 arch/arc/kernel/sys.c           |  2 --
 arch/arc/mm/tlb.c               |  2 +-
 6 files changed, 2 insertions(+), 34 deletions(-)
Merging arm/for-next (3f7d1fe ARM: 7665/1: Wire up kcmp syscall)
$ git merge arm/for-next
Already up-to-date.
Merging arm-perf/for-next/perf (5ef1240 Merge branches 'for-rmk/hw-breakpoint' and 'for-rmk/perf' into for-next/perf)
$ git merge arm-perf/for-next/perf
Already up-to-date!
Merge made by the 'recursive' strategy.
Merging davinci/davinci-next (fe0d422 Linux 3.0-rc6)
$ git merge davinci/davinci-next
Already up-to-date.
Merging xilinx/arm-next (42ead3a arm: zynq: timer: Set clock_event cpumask)
$ git merge xilinx/arm-next
Resolved 'arch/arm/mach-zynq/common.c' using previous resolution.
Auto-merging arch/arm/mach-zynq/common.c
CONFLICT (content): Merge conflict in arch/arm/mach-zynq/common.c
Automatic merge failed; fix conflicts and then commit the result.
$ git commit -v -a
[master e38c784] Merge remote-tracking branch 'xilinx/arm-next'
$ git diff -M --stat --summary HEAD^..
Merging arm64/upstream (ec45d1c arm64: mm: update CONTEXTIDR register to contain PID of current process)
$ git merge arm64/upstream
Already up-to-date.
Merging blackfin/for-linus (f656c24 blackfin: time-ts: Remove duplicate assignment)
$ git merge blackfin/for-linus
Already up-to-date.
Merging c6x/for-linux-next (93bbd0c c6x: use generic kvm_para.h)
$ git merge c6x/for-linux-next
Already up-to-date.
Merging cris/for-next (77c8006 UAPI: Fix up empty files in arch/cris/)
$ git merge cris/for-next
Already up-to-date.
Merging hexagon/linux-next (e1858b2 Hexagon: Copyright marking changes)
$ git merge hexagon/linux-next
Already up-to-date.
Merging ia64/next (c9500a7 Merge branch 'pstore' into next)
$ git merge ia64/next
Already up-to-date!
Merge made by the 'recursive' strategy.
Merging m68k/for-next (5618395 m68k: Sort out !CONFIG_MMU_SUN3 vs. CONFIG_HAS_DMA)
$ git merge m68k/for-next
Already up-to-date.
Merging m68knommu/for-next (dc3cdbe m68knommu: fix MC68328.h defines)
$ git merge m68knommu/for-next
Merge made by the 'recursive' strategy.
 arch/m68k/include/asm/MC68328.h | 10 +++++-----
 arch/m68k/kernel/setup_no.c     |  3 +++
 arch/m68k/mm/init.c             |  2 +-
 3 files changed, 9 insertions(+), 6 deletions(-)
Merging metag/for-next (c60ac31 metag: Provide dma_get_sgtable())
$ git merge metag/for-next
Already up-to-date.
Merging microblaze/next (a7c1120 Merge tag 'ext4_for_linus' of git://git.kernel.org/pub/scm/linux/kernel/git/tytso/ext4)
$ git merge microblaze/next
Already up-to-date.
Merging mips/mips-for-linux-next (19aa5ac Merge branch 'master' of git://git.kernel.org/pub/scm/linux/kernel/git/torvalds/linux into mips-for-linux-next)
$ git merge mips/mips-for-linux-next
Merge made by the 'recursive' strategy.
Merging openrisc/for-upstream (545ebd0 openrisc: require gpiolib)
$ git merge openrisc/for-upstream
Merge made by the 'recursive' strategy.
 arch/openrisc/Kconfig | 2 +-
 1 file changed, 1 insertion(+), 1 deletion(-)
Merging parisc/for-next (6c700d7 [PARISC] hpux: Remove obsolete regs parameter from do_execve() in hpux_execve())
$ git merge parisc/for-next
Already up-to-date.
Merging powerpc/next (8520e44 powerpc/kexec: Disable hard IRQ before kexec)
$ git merge powerpc/next
Already up-to-date.
Merging 4xx/next (2074b1d powerpc: Fix irq distribution)
$ git merge 4xx/next
Already up-to-date.
Merging mpc5xxx/next (fa59f17 powerpc/5200: Use the gpt* labels to simplify mpc5200 dts files)
$ git merge mpc5xxx/next
Already up-to-date.
Merging galak/next (12c7e8f powerpc/85xx: l2sram - Add compatible string for BSC9131 platform)
$ git merge galak/next
Already up-to-date.
Merging s390/features (72a6b43 s390/module: fix compile warning)
$ git merge s390/features
Already up-to-date.
Merging sh/sh-latest (37284bd Merge branches 'sh/hw-breakpoints' and 'sh/serial-of' into sh-latest)
$ git merge sh/sh-latest
Merge made by the 'recursive' strategy.
 .../bindings/tty/serial/renesas,sci-serial.txt     |  53 +++++++
 arch/sh/include/asm/hw_breakpoint.h                |  12 +-
 arch/sh/include/cpu-common/cpu/ubc.h               |  17 +++
 arch/sh/include/cpu-sh2a/cpu/ubc.h                 |  14 ++
 arch/sh/kernel/cpu/sh2a/Makefile                   |   3 +-
 arch/sh/kernel/cpu/sh2a/ubc.c                      | 154 +++++++++++++++++++++
 arch/sh/kernel/hw_breakpoint.c                     |   8 ++
 drivers/tty/serial/sh-sci.c                        | 127 ++++++++++++++++-
 include/linux/serial_sci.h                         |   4 +
 9 files changed, 376 insertions(+), 16 deletions(-)
 create mode 100644 Documentation/devicetree/bindings/tty/serial/renesas,sci-serial.txt
 create mode 100644 arch/sh/include/cpu-common/cpu/ubc.h
 create mode 100644 arch/sh/include/cpu-sh2a/cpu/ubc.h
 create mode 100644 arch/sh/kernel/cpu/sh2a/ubc.c
Merging sparc-next/master (c4271c6 NFS: Kill fscache warnings when mounting without -ofsc)
$ git merge sparc-next/master
Already up-to-date.
Merging tile/master (ecc46c5 tile: support atomic64_dec_if_positive())
$ git merge tile/master
Auto-merging arch/tile/kernel/intvec_64.S
Auto-merging arch/tile/include/asm/syscalls.h
Auto-merging arch/tile/Kconfig
Merge made by the 'recursive' strategy.
 arch/tile/Kconfig                   |  3 +++
 arch/tile/include/asm/atomic.h      | 21 ++++++++++++++++++++
 arch/tile/include/asm/ptrace.h      |  3 ++-
 arch/tile/include/asm/syscall.h     |  6 ++++++
 arch/tile/include/asm/syscalls.h    |  6 ------
 arch/tile/include/asm/thread_info.h |  8 ++++++++
 arch/tile/include/uapi/asm/unistd.h |  2 ++
 arch/tile/kernel/intvec_32.S        | 10 ++++++++--
 arch/tile/kernel/intvec_64.S        | 24 +++++++++++++++++------
 arch/tile/kernel/ptrace.c           | 39 +++++++++++++++++++------------------
 10 files changed, 88 insertions(+), 34 deletions(-)
Merging unicore32/unicore32 (c284464 arch/unicore32: remove CONFIG_EXPERIMENTAL)
$ git merge unicore32/unicore32
Already up-to-date.
Merging xtensa/for_next (9cf81c7 xtensa: add accept4 syscall)
$ git merge xtensa/for_next
Already up-to-date.
Merging btrfs/next (6aec51f Merge branch 'master' of git://git.kernel.org/pub/scm/linux/kernel/git/torvalds/linux into for-linus-3.9)
$ git merge btrfs/next
Already up-to-date!
Merge made by the 'recursive' strategy.
Merging ceph/master (83ca14f libceph: add support for HASHPSPOOL pool flag)
$ git merge ceph/master
Already up-to-date.
Merging cifs/for-next (6dbe51c Linux 3.9-rc1)
$ git merge cifs/for-next
Already up-to-date.
Merging configfs/linux-next (b930c26 Merge branch 'for-linus' of git://git.kernel.org/pub/scm/linux/kernel/git/mason/linux-btrfs)
$ git merge configfs/linux-next
Already up-to-date.
Merging ecryptfs/next (290502b eCryptfs: allow userspace messaging to be disabled)
$ git merge ecryptfs/next
Auto-merging fs/ecryptfs/messaging.c
Auto-merging fs/ecryptfs/inode.c
Auto-merging fs/ecryptfs/file.c
Auto-merging fs/ecryptfs/ecryptfs_kernel.h
Auto-merging fs/ecryptfs/Kconfig
Merge made by the 'recursive' strategy.
 fs/ecryptfs/Kconfig           |  8 ++++++++
 fs/ecryptfs/Makefile          |  7 +++++--
 fs/ecryptfs/crypto.c          |  9 +++------
 fs/ecryptfs/dentry.c          |  2 --
 fs/ecryptfs/ecryptfs_kernel.h | 40 ++++++++++++++++++++++++++++++++++++++--
 fs/ecryptfs/file.c            |  2 --
 fs/ecryptfs/inode.c           |  8 ++++----
 fs/ecryptfs/keystore.c        |  9 ++++-----
 fs/ecryptfs/messaging.c       |  5 ++---
 include/linux/ecryptfs.h      | 12 ++----------
 10 files changed, 66 insertions(+), 36 deletions(-)
Merging ext3/for_next (712ddc5 Ext2: remove the static function release_blocks to optimize the kernel)
$ git merge ext3/for_next
Already up-to-date.
Merging ext4/dev (6ca470d7 ext4: invalidate extent status tree during extent migration)
$ git merge ext4/dev
Auto-merging fs/ext4/move_extent.c
Auto-merging fs/ext4/extents.c
Merge made by the 'recursive' strategy.
 fs/ext4/extents.c     | 46 ++++++++++++++++++++++++++++++++++------------
 fs/ext4/move_extent.c |  8 ++++++++
 2 files changed, 42 insertions(+), 12 deletions(-)
Merging f2fs/dev (7dd690c f2fs: avoid build warning)
$ git merge f2fs/dev
Already up-to-date.
Merging fuse/for-next (634734b fuse: allow control of adaptive readdirplus use)
$ git merge fuse/for-next
Already up-to-date.
Merging gfs2/master (2fa4e81 GFS2: use memchr_inv)
$ git merge gfs2/master
Merge made by the 'recursive' strategy.
 fs/gfs2/glock.c    |  13 ----
 fs/gfs2/glock.h    |   1 -
 fs/gfs2/inode.c    | 188 ++++++++++++++++++-----------------------------------
 fs/gfs2/lock_dlm.c |  20 +++---
 fs/gfs2/rgrp.c     |   8 +--
 5 files changed, 73 insertions(+), 157 deletions(-)
Merging jfs/jfs-next (9d48017 jfs: avoid undefined behavior from left-shifting by 32 bits)
$ git merge jfs/jfs-next
Merge made by the 'recursive' strategy.
 fs/jfs/jfs_imap.c | 2 +-
 1 file changed, 1 insertion(+), 1 deletion(-)
Merging logfs/master (3394661 Fix the call to BUG() caused by no free segment found)
$ git merge logfs/master
Merge made by the 'recursive' strategy.
 fs/logfs/dev_mtd.c | 2 +-
 fs/logfs/super.c   | 6 +++---
 2 files changed, 4 insertions(+), 4 deletions(-)
Merging nfs/linux-next (6dbe51c Linux 3.9-rc1)
$ git merge nfs/linux-next
Already up-to-date.
Merging nfsd/nfsd-next (dc10740 SUNRPC: make AF_LOCAL connect synchronous)
$ git merge nfsd/nfsd-next
Already up-to-date.
Merging ocfs2/linux-next (4538df6 ocfs2: Don't spam on -EDQUOT.)
$ git merge ocfs2/linux-next
Auto-merging fs/ocfs2/dlm/dlmrecovery.c
Auto-merging fs/ocfs2/dlm/dlmmaster.c
Auto-merging fs/ocfs2/cluster/heartbeat.c
Merge made by the 'recursive' strategy.
 fs/ocfs2/cluster/heartbeat.c | 40 +++++++++-------------------------------
 fs/ocfs2/cluster/masklog.h   |  3 ++-
 fs/ocfs2/dlm/dlmmaster.c     |  8 +++++++-
 fs/ocfs2/dlm/dlmrecovery.c   |  7 +++++++
 4 files changed, 25 insertions(+), 33 deletions(-)
Merging omfs/for-next (976d167 Linux 3.1-rc9)
$ git merge omfs/for-next
Already up-to-date.
Merging squashfs/master (4b0180a Squashfs: add mount time sanity check for block_size and block_log match)
$ git merge squashfs/master
Already up-to-date.
Merging v9fs/for-next (b6f4bee fs/9p: Fix atomic_open)
$ git merge v9fs/for-next
Already up-to-date.
Merging ubifs/linux-next (8afd500 UBIFS: fix double free of ubifs_orphan objects)
$ git merge ubifs/linux-next
Already up-to-date.
Merging xfs/for-next (1e82379 xfs: xfs_bmap_add_attrfork_local is too generic)
$ git merge xfs/for-next
Already up-to-date.
Merging vfs/for-next (dcf787f constify path_get/path_put and fs_struct.c stuff)
$ git merge vfs/for-next
Already up-to-date.
Merging pci/next (018ba0a Merge branch 'pci/yinghai-root-bus-hotplug' into next)
$ git merge pci/next
Already up-to-date.
Merging hid/for-next (e3dc8bf Merge branch 'for-3.9/logitech' into for-next)
$ git merge hid/for-next
Merge made by the 'recursive' strategy.
Merging i2c/i2c/for-next (21ea3f4 i2c: core: Pick i2c bus number from dt alias if present)
$ git merge i2c/i2c/for-next
Merge made by the 'recursive' strategy.
 drivers/i2c/i2c-core.c | 45 ++++++++++++++++++++++++++++++++++-----------
 1 file changed, 34 insertions(+), 11 deletions(-)
Merging jdelvare-hwmon/master (2a7d2b9 Merge branch 'akpm' (final batch from Andrew))
$ git merge jdelvare-hwmon/master
Already up-to-date.
Merging hwmon-staging/hwmon-next (3e78080 hwmon: (sht15) Check return value of regulator_enable())
$ git merge hwmon-staging/hwmon-next
Merge made by the 'recursive' strategy.
 Documentation/hwmon/adm1275     |  2 +-
 Documentation/hwmon/adt7410     | 11 ++++++++++-
 Documentation/hwmon/jc42        |  2 +-
 Documentation/hwmon/lineage-pem |  2 +-
 Documentation/hwmon/lm25066     |  2 +-
 Documentation/hwmon/ltc2978     |  6 +++---
 Documentation/hwmon/ltc4261     |  2 +-
 Documentation/hwmon/max16064    |  2 +-
 Documentation/hwmon/max16065    |  2 +-
 Documentation/hwmon/max34440    |  2 +-
 Documentation/hwmon/max8688     |  2 +-
 Documentation/hwmon/pmbus       |  2 +-
 Documentation/hwmon/smm665      |  2 +-
 Documentation/hwmon/ucd9000     |  2 +-
 Documentation/hwmon/ucd9200     |  2 +-
 Documentation/hwmon/zl6100      |  2 +-
 drivers/hwmon/pmbus/ltc2978.c   | 30 ++++++++++++++++--------------
 drivers/hwmon/sht15.c           |  8 +++++++-
 18 files changed, 50 insertions(+), 33 deletions(-)
Merging v4l-dvb/master (eccaaad Merge /home/v4l/v4l/patchwork)
$ git merge v4l-dvb/master
Already up-to-date!
Merge made by the 'recursive' strategy.
Merging kbuild/for-next (26901f2 Merge branches 'kbuild/kbuild' and 'kbuild/kconfig' into kbuild/for-next)
$ git merge kbuild/for-next
Already up-to-date!
Merge made by the 'recursive' strategy.
Merging kconfig/for-next (4eae518 localmodconfig: Fix localyesconfig to set to 'y' not 'm')
$ git merge kconfig/for-next
Already up-to-date.
Merging libata/NEXT (53637e0 [libata] fix smatch warning for zpodd_wake_dev)
$ git merge libata/NEXT
Already up-to-date.
Merging infiniband/for-next (ef4e359 Merge branches 'core', 'cxgb4', 'ipoib', 'iser', 'misc', 'mlx4', 'qib' and 'srp' into for-next)
$ git merge infiniband/for-next
Already up-to-date.
Merging pstore/master (ebacfd1 pstore/ftrace: Adjust for ftrace_ops->func prototype change)
$ git merge pstore/master
Already up-to-date.
Merging pm/linux-next (21f5a77 Merge branch 'pm-fixes-next' into linux-next)
$ git merge pm/linux-next
Merge made by the 'recursive' strategy.
 Documentation/power/opp.txt        |  25 ++++-
 drivers/acpi/glue.c                |  55 ++--------
 drivers/acpi/processor_core.c      |   3 +-
 drivers/acpi/processor_driver.c    |   2 +-
 drivers/acpi/sleep.c               |  16 ++-
 drivers/ata/libata-acpi.c          |   7 +-
 drivers/base/power/main.c          |   2 -
 drivers/base/power/power.h         |   8 +-
 drivers/base/power/qos.c           | 217 +++++++++++++++++++++----------------
 drivers/base/power/sysfs.c         |   1 +
 drivers/cpufreq/cpufreq_governor.h |   2 +-
 drivers/cpufreq/highbank-cpufreq.c |   8 +-
 drivers/mailbox/pl320-ipc.c        |   3 +-
 drivers/pci/pci-acpi.c             |   8 +-
 drivers/pnp/pnpacpi/core.c         |   8 +-
 drivers/scsi/scsi_lib.c            |   7 +-
 drivers/usb/core/usb-acpi.c        |   9 +-
 include/acpi/acpi_bus.h            |   6 +-
 18 files changed, 201 insertions(+), 186 deletions(-)
Merging idle/next (ca62cf5 Merge branch 'misc' into release)
$ git merge idle/next
Already up-to-date.
Merging apm/for-next (fb9d78a Merge branch 'for-linus' of git://git.kernel.org/pub/scm/linux/kernel/git/jikos/apm)
$ git merge apm/for-next
Already up-to-date.
Merging cpuidle/cpuidle-next (d1c3ed6 Linux 3.8-rc2)
$ git merge cpuidle/cpuidle-next
Already up-to-date.
Merging cpupowerutils/master (f166033 cpupower tools: add install target to the debug tools' makefiles)
$ git merge cpupowerutils/master
Already up-to-date.
Merging thermal/next (f5b6d45 thermal: rcar: remove __devinitconst)
$ git merge thermal/next
Already up-to-date.
Merging ieee1394/for-next (db2cad2 firewire: net: remove unused variable in fwnet_receive_broadcast())
$ git merge ieee1394/for-next
Already up-to-date.
Merging ubi/linux-next (19f949f Linux 3.8)
$ git merge ubi/linux-next
Already up-to-date.
Merging dlm/next (f117228 dlm: avoid scanning unchanged toss lists)
$ git merge dlm/next
Already up-to-date.
Merging swiotlb/linux-next (af51a9f swiotlb: Do not export swiotlb_bounce since there are no external consumers)
$ git merge swiotlb/linux-next
Already up-to-date.
Merging scsi/for-next (319cc77 Merge branch 'misc' into for-next)
$ git merge scsi/for-next
Already up-to-date!
Merge made by the 'recursive' strategy.
Merging target-updates/for-next (2dbe10a target/pscsi: Rename sg_num to nr_vecs in pscsi_get_bio())
$ git merge target-updates/for-next
Already up-to-date.
Merging target-merge/for-next-merge (d1c3ed6 Linux 3.8-rc2)
$ git merge target-merge/for-next-merge
Already up-to-date.
Merging ibft/linux-next (935a9fe ibft: Fix finding IBFT ACPI table on UEFI)
$ git merge ibft/linux-next
Already up-to-date.
Merging isci/all (6734092 isci: add a couple __iomem annotations)
$ git merge isci/all
Already up-to-date.
Merging slave-dma/next (90872c6 Merge branch 'for-linus' into next)
$ git merge slave-dma/next
Merge made by the 'recursive' strategy.
 drivers/dma/dw_dmac.c      | 23 +++++++++++++++++++----
 drivers/dma/dw_dmac_regs.h |  1 +
 drivers/dma/pch_dma.c      |  2 +-
 drivers/dma/pl330.c        |  3 +--
 drivers/dma/timb_dma.c     |  2 +-
 5 files changed, 23 insertions(+), 8 deletions(-)
Merging dmaengine/next (7f34986 dma: ipu: Drop unused spinlock)
$ git merge dmaengine/next
Resolved 'drivers/dma/ioat/dma_v3.c' using previous resolution.
Auto-merging drivers/dma/ioat/dma_v3.c
CONFLICT (content): Merge conflict in drivers/dma/ioat/dma_v3.c
Automatic merge failed; fix conflicts and then commit the result.
$ git commit -v -a
[master 5ff8bdb] Merge remote-tracking branch 'dmaengine/next'
$ git diff -M --stat --summary HEAD^..
Merging net-next/master (1cef935 Merge git://git.kernel.org/pub/scm/linux/kernel/git/davem/net)
$ git merge net-next/master
Already up-to-date.
Merging ipsec-next/master (a0b1c42 Merge git://git.kernel.org/pub/scm/linux/kernel/git/davem/net-next)
$ git merge ipsec-next/master
Already up-to-date.
Merging wireless-next/master (b53cf45 net: wireless: hostap: hostap_ap.c: Return -ENOMEM instead of -1 for if kmalloc() fails.)
$ git merge wireless-next/master
Already up-to-date.
Merging bluetooth/master (0d4b884 Bluetooth: Remove redundant RFCOMM BT_CLOSED settings)
$ git merge bluetooth/master
Resolved 'net/bluetooth/rfcomm/core.c' using previous resolution.
Auto-merging net/bluetooth/sco.c
Auto-merging net/bluetooth/rfcomm/sock.c
Auto-merging net/bluetooth/rfcomm/core.c
CONFLICT (content): Merge conflict in net/bluetooth/rfcomm/core.c
Auto-merging net/bluetooth/hci_sock.c
Auto-merging net/bluetooth/hci_core.c
Auto-merging net/bluetooth/af_bluetooth.c
Automatic merge failed; fix conflicts and then commit the result.
$ git commit -v -a
[master 3f2f3fe] Merge remote-tracking branch 'bluetooth/master'
$ git diff -M --stat --summary HEAD^..
 include/net/bluetooth/bluetooth.h |   2 +-
 include/net/bluetooth/hci_core.h  |   2 +-
 include/net/bluetooth/rfcomm.h    |   6 --
 net/bluetooth/af_bluetooth.c      |  15 +---
 net/bluetooth/bnep/sock.c         |   4 +-
 net/bluetooth/cmtp/sock.c         |   4 +-
 net/bluetooth/hci_conn.c          |   4 +-
 net/bluetooth/hci_core.c          |   2 +-
 net/bluetooth/hci_event.c         |   4 +-
 net/bluetooth/hci_sock.c          |   4 +-
 net/bluetooth/hidp/core.c         |   4 +
 net/bluetooth/hidp/sock.c         |   4 +-
 net/bluetooth/l2cap_sock.c        |   4 +-
 net/bluetooth/rfcomm/core.c       | 163 ++++++++++++++++++--------------------
 net/bluetooth/rfcomm/sock.c       |   3 +-
 net/bluetooth/sco.c               |   3 +-
 16 files changed, 97 insertions(+), 131 deletions(-)
Merging mtd/master (48476df Merge tag 'for-linus-20130301' of git://git.infradead.org/linux-mtd)
$ git merge mtd/master
Already up-to-date.
Merging l2-mtd/master (cc2e987 mtd: m25p80: add support for EON EN25QH256)
$ git merge l2-mtd/master
Merge made by the 'recursive' strategy.
 drivers/mtd/devices/m25p80.c | 2 ++
 1 file changed, 2 insertions(+)
Merging crypto/master (7eb9c5d crypto: caam - Added property fsl,sec-era in SEC4.0 device tree binding.)
$ git merge crypto/master
Already up-to-date.
Merging drm/drm-next (be88298 drm/tilcdc: only build on arm)
$ git merge drm/drm-next
Already up-to-date.
Merging drm-intel/drm-intel-next-queued (4f3a8bc drm/i915: rename some HDMI bit definitions)
$ git merge drm-intel/drm-intel-next-queued
Recorded preimage for 'drivers/gpu/drm/i915/intel_hdmi.c'
Recorded preimage for 'drivers/gpu/drm/i915/intel_sdvo.c'
Auto-merging include/linux/pm.h
Auto-merging drivers/video/fbmem.c
Auto-merging drivers/gpu/drm/i915/intel_sdvo.c
CONFLICT (content): Merge conflict in drivers/gpu/drm/i915/intel_sdvo.c
Auto-merging drivers/gpu/drm/i915/intel_hdmi.c
CONFLICT (content): Merge conflict in drivers/gpu/drm/i915/intel_hdmi.c
Auto-merging drivers/gpu/drm/i915/intel_fb.c
Auto-merging drivers/gpu/drm/i915/intel_drv.h
Auto-merging drivers/gpu/drm/i915/intel_dp.c
Auto-merging drivers/gpu/drm/i915/intel_display.c
Auto-merging drivers/gpu/drm/i915/intel_ddi.c
Auto-merging drivers/gpu/drm/i915/i915_gem.c
Automatic merge failed; fix conflicts and then commit the result.
$ git commit -v -a
Recorded resolution for 'drivers/gpu/drm/i915/intel_hdmi.c'.
Recorded resolution for 'drivers/gpu/drm/i915/intel_sdvo.c'.
[master 3d127a6] Merge remote-tracking branch 'drm-intel/drm-intel-next-queued'
$ git diff -M --stat --summary HEAD^..
 drivers/gpu/drm/i915/i915_dma.c            |  18 +++
 drivers/gpu/drm/i915/i915_drv.c            |  35 ++++--
 drivers/gpu/drm/i915/i915_drv.h            |   6 +-
 drivers/gpu/drm/i915/i915_gem.c            |  14 +--
 drivers/gpu/drm/i915/i915_gem_execbuffer.c |  20 ++--
 drivers/gpu/drm/i915/i915_irq.c            | 181 ++++++++++++++++++-----------
 drivers/gpu/drm/i915/i915_reg.h            | 129 ++++++++++----------
 drivers/gpu/drm/i915/i915_suspend.c        |   8 +-
 drivers/gpu/drm/i915/i915_sysfs.c          |  16 +--
 drivers/gpu/drm/i915/intel_ddi.c           |   4 +-
 drivers/gpu/drm/i915/intel_display.c       | 139 +++++++++++++---------
 drivers/gpu/drm/i915/intel_dp.c            |  77 +++++-------
 drivers/gpu/drm/i915/intel_drv.h           |   7 +-
 drivers/gpu/drm/i915/intel_fb.c            |   2 -
 drivers/gpu/drm/i915/intel_hdmi.c          | 106 ++++++++---------
 drivers/gpu/drm/i915/intel_pm.c            |  21 ++--
 drivers/gpu/drm/i915/intel_sdvo.c          |  46 ++++----
 drivers/video/fbmem.c                      |   7 ++
 include/linux/fb.h                         |   2 +
 include/linux/pm.h                         |  13 +++
 kernel/power/console.c                     | 116 ++++++++++++++++++
 21 files changed, 587 insertions(+), 380 deletions(-)
Merging sound/for-next (f1f6b8f ALSA: snd-usb-caiaq: switch to dev_*() logging)
$ git merge sound/for-next
Merge made by the 'recursive' strategy.
 sound/usb/caiaq/audio.c   | 459 ++++++++++++++++++++++++----------------------
 sound/usb/caiaq/audio.h   |   4 +-
 sound/usb/caiaq/control.c |  67 +++----
 sound/usb/caiaq/control.h |   2 +-
 sound/usb/caiaq/device.c  | 248 +++++++++++++------------
 sound/usb/caiaq/device.h  |  18 +-
 sound/usb/caiaq/input.c   | 328 +++++++++++++++++----------------
 sound/usb/caiaq/input.h   |   6 +-
 sound/usb/caiaq/midi.c    |  63 +++----
 sound/usb/caiaq/midi.h    |   5 +-
 10 files changed, 610 insertions(+), 590 deletions(-)
Merging sound-asoc/for-next (df4122b Merge remote-tracking branch 'asoc/topic/wm8960' into asoc-next)
$ git merge sound-asoc/for-next
Removing include/sound/tegra_wm8903.h
Merge made by the 'recursive' strategy.
 include/sound/soc-dapm.h           |   1 +
 include/sound/tegra_wm8903.h       |  26 -----
 sound/soc/atmel/atmel_ssc_dai.c    |  43 +++++++
 sound/soc/codecs/arizona.c         | 227 +++++++++++++++++++++++++++----------
 sound/soc/codecs/arizona.h         |  12 +-
 sound/soc/codecs/max98088.c        |  30 ++++-
 sound/soc/codecs/max98090.c        |  45 +++-----
 sound/soc/codecs/si476x.c          |  48 +++++++-
 sound/soc/codecs/wm5102.c          |  36 +++---
 sound/soc/codecs/wm5102.h          |   6 +-
 sound/soc/codecs/wm5110.c          |  56 +++++----
 sound/soc/codecs/wm5110.h          |   6 +-
 sound/soc/codecs/wm8350.c          |   4 +-
 sound/soc/codecs/wm8960.c          |  18 ++-
 sound/soc/davinci/davinci-mcasp.c  |  66 +++++++++--
 sound/soc/davinci/davinci-pcm.c    |  16 +--
 sound/soc/davinci/davinci-pcm.h    |   1 +
 sound/soc/omap/omap-dmic.c         |  11 +-
 sound/soc/omap/omap-mcpdm.c        |  14 +--
 sound/soc/omap/omap3pandora.c      |   8 +-
 sound/soc/soc-core.c               |  23 ++--
 sound/soc/soc-dapm.c               |  15 +++
 sound/soc/tegra/tegra_alc5632.c    |  15 +--
 sound/soc/tegra/tegra_asoc_utils.c |   4 -
 sound/soc/tegra/tegra_wm8753.c     |  15 ++-
 sound/soc/tegra/tegra_wm8903.c     | 179 ++++++++++++-----------------
 sound/soc/tegra/tegra_wm9712.c     |   5 -
 sound/soc/tegra/trimslice.c        |  56 ++++-----
 28 files changed, 589 insertions(+), 397 deletions(-)
 delete mode 100644 include/sound/tegra_wm8903.h
Merging modules/modules-next (fffddfd Merge branch 'drm-next' of git://people.freedesktop.org/~airlied/linux)
$ git merge modules/modules-next
Already up-to-date.
Merging pekey/devel-pekey (4ea349d MODSIGN: Fix including certificate twice when the signing_key.x509 already exists)
$ git merge pekey/devel-pekey
Auto-merging kernel/system_certificates.S
Removing kernel/modsign_pubkey.c
Auto-merging kernel/Makefile
Auto-merging init/Kconfig
Merge made by the 'recursive' strategy.
 crypto/asymmetric_keys/Kconfig                     |  20 +-
 crypto/asymmetric_keys/Makefile                    |  30 ++
 crypto/asymmetric_keys/mscode.asn1                 |  28 ++
 crypto/asymmetric_keys/mscode_parser.c             | 110 +++++
 crypto/asymmetric_keys/pefile_parser.c             | 479 +++++++++++++++++++++
 crypto/asymmetric_keys/pefile_parser.h             |  36 ++
 crypto/asymmetric_keys/pkcs7.asn1                  | 127 ++++++
 crypto/asymmetric_keys/pkcs7_parser.c              | 326 ++++++++++++++
 crypto/asymmetric_keys/pkcs7_parser.h              |  72 ++++
 crypto/asymmetric_keys/pkcs7_trust.c               | 149 +++++++
 crypto/asymmetric_keys/pkcs7_verify.c              | 260 +++++++++++
 crypto/asymmetric_keys/public_key.c                |  60 ++-
 crypto/asymmetric_keys/public_key.h                |   6 +
 crypto/asymmetric_keys/x509.asn1                   |   2 +-
 crypto/asymmetric_keys/x509_cert_parser.c          |  55 ++-
 crypto/asymmetric_keys/x509_parser.h               |  28 +-
 crypto/asymmetric_keys/x509_public_key.c           | 119 ++---
 include/crypto/public_key.h                        |   9 +-
 include/keys/system_keyring.h                      |  23 +
 include/linux/key-type.h                           |   1 +
 include/linux/key.h                                |   3 +
 include/linux/oid_registry.h                       |   7 +-
 include/linux/pe.h                                 | 448 +++++++++++++++++++
 init/Kconfig                                       |  13 +
 kernel/Makefile                                    |  47 +-
 kernel/modsign_pubkey.c                            | 104 -----
 kernel/module-internal.h                           |   2 -
 kernel/module_signing.c                            |   7 +-
 ...modsign_certificate.S => system_certificates.S} |   7 +-
 kernel/system_keyring.c                            | 103 +++++
 security/keys/key.c                                |   8 +
 security/keys/keyring.c                            |   4 +
 32 files changed, 2478 insertions(+), 215 deletions(-)
 create mode 100644 crypto/asymmetric_keys/mscode.asn1
 create mode 100644 crypto/asymmetric_keys/mscode_parser.c
 create mode 100644 crypto/asymmetric_keys/pefile_parser.c
 create mode 100644 crypto/asymmetric_keys/pefile_parser.h
 create mode 100644 crypto/asymmetric_keys/pkcs7.asn1
 create mode 100644 crypto/asymmetric_keys/pkcs7_parser.c
 create mode 100644 crypto/asymmetric_keys/pkcs7_parser.h
 create mode 100644 crypto/asymmetric_keys/pkcs7_trust.c
 create mode 100644 crypto/asymmetric_keys/pkcs7_verify.c
 create mode 100644 include/keys/system_keyring.h
 create mode 100644 include/linux/pe.h
 delete mode 100644 kernel/modsign_pubkey.c
 rename kernel/{modsign_certificate.S => system_certificates.S} (72%)
 create mode 100644 kernel/system_keyring.c
Merging virtio/virtio-next (6515925 Merge tag 'ext4_for_linus' of git://git.kernel.org/pub/scm/linux/kernel/git/tytso/ext4)
$ git merge virtio/virtio-next
Already up-to-date.
Merging input/next (005a69d Input: cyttsp-spi - remove duplicate MODULE_ALIAS())
$ git merge input/next
Already up-to-date.
Merging input-mt/for-next (6f0c058 Linux 3.7-rc2)
$ git merge input-mt/for-next
Already up-to-date.
Merging cgroup/for-next (f50daa7 cgroup: no need to check css refs for release notification)
$ git merge cgroup/for-next
Merge made by the 'recursive' strategy.
 block/blk-cgroup.h     |   2 -
 include/linux/cgroup.h |  24 +++++++
 kernel/cgroup.c        | 173 ++++++++++++++++++++++++-------------------------
 kernel/cpuset.c        |  32 +++------
 4 files changed, 117 insertions(+), 114 deletions(-)
Merging block/for-next (833dd2e Merge branch 'for-3.9/drivers' into for-next)
$ git merge block/for-next
Already up-to-date!
Merge made by the 'recursive' strategy.
Merging device-mapper/master (297e68f A simple cache policy that writes back all data to the origin.)
$ git merge device-mapper/master
Resolved 'drivers/md/dm-cache-target.c' using previous resolution.
Auto-merging drivers/md/dm-cache-target.c
CONFLICT (add/add): Merge conflict in drivers/md/dm-cache-target.c
Automatic merge failed; fix conflicts and then commit the result.
$ git commit -v -a
[master a4023eb] Merge branch 'device-mapper/master'
$ git diff -M --stat --summary HEAD^..
Merging embedded/master (4744b43 embedded: fix vc_translate operator precedence)
$ git merge embedded/master
Already up-to-date.
Merging firmware/master (6e03a20 firmware: speed up request_firmware(), v3)
$ git merge firmware/master
Already up-to-date.
Merging pcmcia/master (80af9e6 pcmcia at91_cf: fix raw gpio number usage)
$ git merge pcmcia/master
Already up-to-date.
Merging mmc/mmc-next (adf96e6 sysrq: don't depend on weak undefined arrays to have an address that compares as NULL)
$ git merge mmc/mmc-next
Already up-to-date.
Merging kgdb/kgdb-next (6bedf31 kdb: Remove unhandled ssb command)
$ git merge kgdb/kgdb-next
Merge made by the 'recursive' strategy.
Merging slab/for-next (7d557b3 slub: correctly bootstrap boot caches)
$ git merge slab/for-next
Auto-merging mm/slub.c
Auto-merging mm/slab.c
Removing include/linux/kmalloc_sizes.h
Merge made by the 'recursive' strategy.
 fs/proc/stat.c                |   2 +-
 include/linux/kmalloc_sizes.h |  45 ---
 include/linux/slab.h          | 231 +++++++++----
 include/linux/slab_def.h      |  48 +--
 include/linux/slub_def.h      | 136 +-------
 mm/slab.c                     | 789 ++++++++++++++++++------------------------
 mm/slab.h                     |  43 ++-
 mm/slab_common.c              | 165 ++++++++-
 mm/slub.c                     | 188 ++--------
 9 files changed, 745 insertions(+), 902 deletions(-)
 delete mode 100644 include/linux/kmalloc_sizes.h
Merging uclinux/for-next (6dbe51c Linux 3.9-rc1)
$ git merge uclinux/for-next
Already up-to-date.
Merging md/for-next (f1e79ce raid5: create multiple threads to handle stripes)
$ git merge md/for-next
Auto-merging drivers/md/raid5.c
Merge made by the 'recursive' strategy.
 drivers/md/md.c    |   8 +-
 drivers/md/md.h    |   8 ++
 drivers/md/raid5.c | 408 ++++++++++++++++++++++++++++++++++++++++++++++++++---
 drivers/md/raid5.h |  19 +++
 4 files changed, 419 insertions(+), 24 deletions(-)
Merging mfd/for-next (ff7109f mfd: lpc_ich: Use devres API to allocate private data)
$ git merge mfd/for-next
Already up-to-date.
Merging battery/master (845e37e Merge git://git.kernel.org/pub/scm/linux/kernel/git/torvalds/linux)
$ git merge battery/master
Resolved 'include/linux/mfd/abx500/ab8500-bm.h' using previous resolution.
Auto-merging include/linux/mfd/abx500/ab8500-bm.h
CONFLICT (content): Merge conflict in include/linux/mfd/abx500/ab8500-bm.h
Automatic merge failed; fix conflicts and then commit the result.
$ git commit -v -a
[master af50c80] Merge remote-tracking branch 'battery/master'
$ git diff -M --stat --summary HEAD^..
Merging fbdev/fbdev-next (a49f0d1 Linux 3.8-rc1)
$ git merge fbdev/fbdev-next
Already up-to-date.
Merging viafb/viafb-next (838ac78 viafb: avoid refresh and mode lookup in set_par)
$ git merge viafb/viafb-next
Already up-to-date.
Merging omap_dss2/for-next (e7f5c9a Merge tag 'omapdss-for-3.8' of git://gitorious.org/linux-omap-dss2/linux into for-linus)
$ git merge omap_dss2/for-next
Already up-to-date.
Merging regulator/for-next (d8e1b52 Merge remote-tracking branch 'regulator/topic/tps6586x' into regulator-next)
$ git merge regulator/for-next
Merge made by the 'recursive' strategy.
 drivers/regulator/core.c               | 154 ++++++++++++++++++++++++++++-----
 drivers/regulator/db8500-prcmu.c       |   4 +-
 drivers/regulator/lp8788-ldo.c         |  98 ++++-----------------
 drivers/regulator/max8925-regulator.c  |   5 +-
 drivers/regulator/max8998.c            |   9 +-
 drivers/regulator/palmas-regulator.c   |  11 +--
 drivers/regulator/s5m8767.c            |   2 +-
 drivers/regulator/tps6586x-regulator.c |   6 +-
 drivers/regulator/twl-regulator.c      |   9 +-
 include/linux/regulator/consumer.h     |  14 +--
 include/linux/regulator/driver.h       |   6 +-
 11 files changed, 182 insertions(+), 136 deletions(-)
Merging security/next (5b26603 tpm/ibmvtpm: build only when IBM pseries is configured)
$ git merge security/next
Already up-to-date.
Merging selinux/master (c2d7b24 Merge tag 'v3.4' into 20120409)
$ git merge selinux/master
Already up-to-date!
Merge made by the 'recursive' strategy.
Merging lblnet/master (7e27d6e Linux 2.6.35-rc3)
$ git merge lblnet/master
Already up-to-date.
Merging watchdog/master (d9c4996 Merge branch 'master' of ../linux-watchdog)
$ git merge watchdog/master
Already up-to-date!
Merge made by the 'recursive' strategy.
Merging dwmw2-iommu/master (6491d4d intel-iommu: Free old page tables before creating superpage)
$ git merge dwmw2-iommu/master
Already up-to-date.
Merging iommu/next (604542b Merge branches 'core', 'arm/omap', 'iommu/fixes', 'arm/tegra', 'arm/shmobile', 'arm/exynos', 'x86/vt-d' and 'x86/amd' into next)
$ git merge iommu/next
Already up-to-date.
Merging vfio/next (d65530f drivers/vfio: remove depends on CONFIG_EXPERIMENTAL)
$ git merge vfio/next
Already up-to-date.
Merging osd/linux-next (861d666 exofs: don't leak io_state and pages on read error)
$ git merge osd/linux-next
Already up-to-date.
Merging jc_docs/docs-next (5c050fb docs: update the development process document)
$ git merge jc_docs/docs-next
Already up-to-date.
Merging trivial/for-next (df63447 DocBook: update EXPORT_SYMBOL entry to point at export.h)
$ git merge trivial/for-next
Already up-to-date.
Merging audit/for-next (dcd6c92 Linux 3.3-rc1)
$ git merge audit/for-next
Already up-to-date.
Merging fsnotify/for-next (1ca39ab inotify: automatically restart syscalls)
$ git merge fsnotify/for-next
Already up-to-date.
Merging edac/linux_next (b076989 i5100_edac: convert to use simple_open())
$ git merge edac/linux_next
Already up-to-date.
Merging edac-amd/for-next (e7d2c21 mpc85xx_edac: Fix typo)
$ git merge edac-amd/for-next
Already up-to-date.
Merging devicetree/devicetree/next (02bbde7 Revert "of: use platform_device_add")
$ git merge devicetree/devicetree/next
Already up-to-date.
Merging dt-rh/for-next (1421954 documentation/devicetree: Fix a typo in exynos-dw-mshc.txt)
$ git merge dt-rh/for-next
Already up-to-date.
Merging spi/spi/next (095c375 spi: Document cs_gpios and cs_gpio in kernel-doc)
$ git merge spi/spi/next
Already up-to-date.
Merging spi-mb/spi-next (468050c spi: fix return value check in ce4100_spi_probe())
$ git merge spi-mb/spi-next
Merge made by the 'recursive' strategy.
 drivers/spi/spi-pxa2xx-pci.c | 4 ++--
 1 file changed, 2 insertions(+), 2 deletions(-)
Merging tip/auto-latest (641e71a Merge branch 'x86/urgent')
$ git merge tip/auto-latest
Resolved 'arch/x86/include/asm/pgtable.h' using previous resolution.
Auto-merging kernel/printk.c
Auto-merging arch/x86/include/asm/pgtable.h
CONFLICT (content): Merge conflict in arch/x86/include/asm/pgtable.h
Automatic merge failed; fix conflicts and then commit the result.
$ git commit -v -a
[master 17d07f4] Merge remote-tracking branch 'tip/auto-latest'
$ git diff -M --stat --summary HEAD^..
 arch/x86/include/asm/pgtable.h | 1 -
 kernel/printk.c                | 2 +-
 2 files changed, 1 insertion(+), 2 deletions(-)
Merging ftrace/for-next (cb0c38e tracing: Fix some section mismatch warnings)
$ git merge ftrace/for-next
Auto-merging kernel/trace/trace_output.c
Auto-merging kernel/trace/ring_buffer.c
Merge made by the 'recursive' strategy.
 include/linux/ftrace_event.h         |   66 ++-
 include/linux/ring_buffer.h          |    6 +
 include/trace/ftrace.h               |   39 +-
 kernel/trace/ring_buffer.c           |  146 +++++
 kernel/trace/trace.c                 | 1022 ++++++++++++++++++++++------------
 kernel/trace/trace.h                 |   80 ++-
 kernel/trace/trace_branch.c          |    6 +-
 kernel/trace/trace_events.c          |  998 ++++++++++++++++++++++++---------
 kernel/trace/trace_events_filter.c   |    5 +-
 kernel/trace/trace_export.c          |    4 +-
 kernel/trace/trace_functions.c       |    4 +-
 kernel/trace/trace_functions_graph.c |    4 +-
 kernel/trace/trace_irqsoff.c         |    6 +-
 kernel/trace/trace_kdb.c             |    8 +-
 kernel/trace/trace_mmiotrace.c       |    4 +-
 kernel/trace/trace_output.c          |   26 +
 kernel/trace/trace_sched_switch.c    |    4 +-
 kernel/trace/trace_sched_wakeup.c    |   14 +-
 kernel/trace/trace_syscalls.c        |   88 +--
 19 files changed, 1802 insertions(+), 728 deletions(-)
Merging rcu/rcu/next (7a6b55e srcu: use ACCESS_ONCE() to access sp->completed in srcu_read_lock())
$ git merge rcu/rcu/next
Already up-to-date.
Merging cputime/cputime (c3e0ef9 [S390] fix cputime overflow in uptime_proc_show)
$ git merge cputime/cputime
Already up-to-date.
Merging uprobes/for-next (0326f5a uprobes/core: Handle breakpoint and singlestep exceptions)
$ git merge uprobes/for-next
Already up-to-date.
Merging kvm/linux-next (3ab66e8 KVM: VMX: Pass vcpu to __vmx_complete_interrupts)
$ git merge kvm/linux-next
Resolved 'arch/x86/kernel/kvmclock.c' using previous resolution.
Auto-merging arch/x86/kvm/x86.c
Auto-merging arch/x86/kernel/kvmclock.c
CONFLICT (content): Merge conflict in arch/x86/kernel/kvmclock.c
Automatic merge failed; fix conflicts and then commit the result.
$ git commit -v -a
[master 4860287] Merge remote-tracking branch 'kvm/linux-next'
$ git diff -M --stat --summary HEAD^..
 arch/x86/kernel/kvmclock.c |   9 +++-
 arch/x86/kvm/vmx.c         | 103 +++++++++++++++++++++++++++++++++------------
 arch/x86/kvm/x86.c         |   2 +-
 3 files changed, 85 insertions(+), 29 deletions(-)
Merging kvm-ppc/kvm-ppc-next (bd31a7f KVM: nVMX: Trap unconditionally if msr bitmap access fails)
$ git merge kvm-ppc/kvm-ppc-next
Already up-to-date.
Merging oprofile/for-next (4400910 oprofile, x86: Fix wrapping bug in op_x86_get_ctrl())
$ git merge oprofile/for-next
Already up-to-date.
Merging fw-nohz/nohz/next (74876a9 printk: Wake up klogd using irq_work)
$ git merge fw-nohz/nohz/next
Already up-to-date.
Merging xen/upstream/xen (af3a3ab Merge git://git.kernel.org/pub/scm/linux/kernel/git/steve/gfs2-3.0-fixes)
$ git merge xen/upstream/xen
Already up-to-date.
Merging xen-two/linux-next (0e07643 x86/xen: remove depends on CONFIG_EXPERIMENTAL)
$ git merge xen-two/linux-next
Merge made by the 'recursive' strategy.
 arch/x86/include/asm/xen/interface.h |  11 ++-
 arch/x86/include/asm/xen/page.h      |   3 +
 arch/x86/xen/Kconfig                 |   8 ++
 arch/x86/xen/enlighten.c             |  76 ++++++++++++-----
 arch/x86/xen/irq.c                   |   5 +-
 arch/x86/xen/mmu.c                   | 158 ++++++++++++++++++++++++++++++++---
 arch/x86/xen/mmu.h                   |   2 +
 arch/x86/xen/p2m.c                   |   2 +-
 arch/x86/xen/setup.c                 |  59 ++++++++++---
 arch/x86/xen/smp.c                   |  39 ++++++---
 arch/x86/xen/xen-head.S              |  10 ++-
 drivers/xen/balloon.c                |  14 ++--
 drivers/xen/cpu_hotplug.c            |   4 +-
 drivers/xen/events.c                 |   9 +-
 drivers/xen/gntdev.c                 |   3 +-
 drivers/xen/grant-table.c            |  64 +++++++++++++-
 drivers/xen/privcmd.c                |   2 +-
 drivers/xen/xenbus/xenbus_client.c   |   3 +-
 18 files changed, 401 insertions(+), 71 deletions(-)
Merging xen-pvhvm/linux-next (b056b6a xen: suspend: remove xen_hvm_suspend)
$ git merge xen-pvhvm/linux-next
Already up-to-date.
Merging percpu/for-next (5479c78 mm, percpu: Make sure percpu_alloc early parameter has an argument)
$ git merge percpu/for-next
Already up-to-date.
Merging workqueues/for-next (a4791ca Merge branch 'for-3.9' into for-next)
$ git merge workqueues/for-next
Already up-to-date!
Merge made by the 'recursive' strategy.
Merging drivers-x86/linux-next (e6e5224 ideapad-laptop: Depend on BACKLIGHT_CLASS_DEVICE instead of selecting it)
$ git merge drivers-x86/linux-next
Merge made by the 'recursive' strategy.
Merging hwpoison/hwpoison (46e387b Merge branch 'hwpoison-hugepages' into hwpoison)
$ git merge hwpoison/hwpoison
Already up-to-date.
Merging sysctl/master (4e474a0 sysctl: protect poll() in entries that may go away)
$ git merge sysctl/master
Already up-to-date.
Merging regmap/for-next (d04f1a3 Merge remote-tracking branch 'regmap/topic/range' into regmap-next)
$ git merge regmap/for-next
Merge made by the 'recursive' strategy.
 drivers/base/regmap/internal.h        | 12 +++--
 drivers/base/regmap/regcache-lzo.c    |  6 +--
 drivers/base/regmap/regcache-rbtree.c | 56 ++++++++++-----------
 drivers/base/regmap/regcache.c        | 43 +++++++++-------
 drivers/base/regmap/regmap-debugfs.c  | 94 ++++++++++++++++++++++++++++++++---
 drivers/base/regmap/regmap-irq.c      |  1 +
 drivers/base/regmap/regmap.c          | 60 ++++++++++++++++------
 include/trace/events/regmap.h         | 48 ++++++++++++++++++
 8 files changed, 239 insertions(+), 81 deletions(-)
Merging hsi/for-next (43139a6 HSI: hsi_char: Update ioctl-number.txt)
$ git merge hsi/for-next
Already up-to-date.
Merging leds/for-next (4b07c5d leds: leds-sunfire: use dev_err()/pr_err() instead of printk())
$ git merge leds/for-next
Already up-to-date.
Merging driver-core/driver-core-next (6dbe51c Linux 3.9-rc1)
$ git merge driver-core/driver-core-next
Already up-to-date.
Merging tty/tty-next (6dbe51c Linux 3.9-rc1)
$ git merge tty/tty-next
Already up-to-date.
Merging usb/usb-next (6dbe51c Linux 3.9-rc1)
$ git merge usb/usb-next
Already up-to-date.
Merging usb-gadget/next (ab78265 Merge tag 'mfd-3.9-1' of git://git.kernel.org/pub/scm/linux/kernel/git/sameo/mfd-2.6)
$ git merge usb-gadget/next
Already up-to-date.
Merging staging/staging-next (573632c staging: sync: Fix timeout = 0 wait behavior)
$ git merge staging/staging-next
Merge made by the 'recursive' strategy.
 drivers/staging/android/Kconfig      |   27 +
 drivers/staging/android/Makefile     |    2 +
 drivers/staging/android/sw_sync.c    |  263 +++++++++
 drivers/staging/android/sw_sync.h    |   58 ++
 drivers/staging/android/sync.c       | 1016 ++++++++++++++++++++++++++++++++++
 drivers/staging/android/sync.h       |  426 ++++++++++++++
 drivers/staging/android/trace/sync.h |   82 +++
 7 files changed, 1874 insertions(+)
 create mode 100644 drivers/staging/android/sw_sync.c
 create mode 100644 drivers/staging/android/sw_sync.h
 create mode 100644 drivers/staging/android/sync.c
 create mode 100644 drivers/staging/android/sync.h
 create mode 100644 drivers/staging/android/trace/sync.h
Merging char-misc/char-misc-next (6dbe51c Linux 3.9-rc1)
$ git merge char-misc/char-misc-next
Already up-to-date.
Merging tmem/linux-next (8f0d816 Linux 3.7-rc3)
$ git merge tmem/linux-next
Already up-to-date.
Merging writeback/writeback-for-next (ed84825 Negative (setpoint-dirty) in bdi_position_ratio())
$ git merge writeback/writeback-for-next
Already up-to-date.
Merging arm-dt/devicetree/arm-next (ede338f dt: add documentation of ARM dt boot interface)
$ git merge arm-dt/devicetree/arm-next
Already up-to-date.
Merging hwspinlock/linux-next (8b37fcf hwspinlock: add MAINTAINERS entries)
$ git merge hwspinlock/linux-next
Already up-to-date.
Merging pinctrl/for-next (1bfc0da Merge branch 'devel' into for-next)
$ git merge pinctrl/for-next
Merge made by the 'recursive' strategy.
 Documentation/devicetree/bindings/gpio/gpio.txt    |   6 +-
 .../devicetree/bindings/pinctrl/pinctrl-single.txt | 107 ++++-
 arch/arm/boot/dts/spear1310.dtsi                   |   4 +-
 arch/arm/boot/dts/spear1340.dtsi                   |   4 +-
 arch/arm/boot/dts/spear310.dtsi                    |   4 +-
 arch/arm/boot/dts/spear320.dtsi                    |   4 +-
 drivers/gpio/gpio-pl061.c                          | 117 +++--
 drivers/gpio/gpiolib-of.c                          |  20 +-
 drivers/pinctrl/Kconfig                            |   1 +
 drivers/pinctrl/core.c                             |  39 +-
 drivers/pinctrl/devicetree.c                       |   4 +-
 drivers/pinctrl/mvebu/pinctrl-mvebu.c              |   6 +-
 drivers/pinctrl/pinconf-generic.c                  |  14 +
 drivers/pinctrl/pinconf.c                          |   2 +-
 drivers/pinctrl/pinconf.h                          |   8 +
 drivers/pinctrl/pinctrl-abx500.c                   |   7 +-
 drivers/pinctrl/pinctrl-at91.c                     |   6 +-
 drivers/pinctrl/pinctrl-bcm2835.c                  |   6 +-
 drivers/pinctrl/pinctrl-exynos5440.c               |   6 +-
 drivers/pinctrl/pinctrl-falcon.c                   |   2 +-
 drivers/pinctrl/pinctrl-imx.c                      |   6 +-
 drivers/pinctrl/pinctrl-lantiq.c                   |   4 +-
 drivers/pinctrl/pinctrl-mxs.c                      |   6 +-
 drivers/pinctrl/pinctrl-nomadik.c                  |   6 +-
 drivers/pinctrl/pinctrl-pxa3xx.c                   |   4 +-
 drivers/pinctrl/pinctrl-samsung.c                  |   6 +-
 drivers/pinctrl/pinctrl-single.c                   | 513 ++++++++++++++++++++-
 drivers/pinctrl/pinctrl-sirf.c                     |   4 +-
 drivers/pinctrl/pinctrl-sunxi.c                    |   6 +-
 drivers/pinctrl/pinctrl-tegra.c                    |   6 +-
 drivers/pinctrl/pinctrl-u300.c                     |   6 +-
 drivers/pinctrl/pinctrl-xway.c                     |   2 +-
 drivers/pinctrl/spear/pinctrl-spear.c              |   4 +-
 include/linux/pinctrl/pinctrl.h                    |   6 +-
 34 files changed, 809 insertions(+), 137 deletions(-)
Merging vhost/linux-next (0e9ff68 vhost-blk: add eventfd dependency)
$ git merge vhost/linux-next
Auto-merging drivers/vhost/Kconfig
Merge made by the 'recursive' strategy.
 drivers/vhost/Kconfig     |   1 +
 drivers/vhost/Kconfig.blk |  10 +
 drivers/vhost/Makefile    |   2 +
 drivers/vhost/blk.c       | 727 ++++++++++++++++++++++++++++++++++++++++++++++
 drivers/vhost/blk.h       |   8 +
 5 files changed, 748 insertions(+)
 create mode 100644 drivers/vhost/Kconfig.blk
 create mode 100644 drivers/vhost/blk.c
 create mode 100644 drivers/vhost/blk.h
Merging memblock/memblock-kill-early_node_map (7bd0b0f memblock: Reimplement memblock allocation using reverse free area iterator)
$ git merge memblock/memblock-kill-early_node_map
Already up-to-date.
Merging remoteproc/for-next (6f0c058 Linux 3.7-rc2)
$ git merge remoteproc/for-next
Already up-to-date.
Merging irqdomain/irqdomain/next (560aa53 irqdomain: document the simple domain first_irq)
$ git merge irqdomain/irqdomain/next
Merge made by the 'recursive' strategy.
 kernel/irq/irqdomain.c | 5 ++++-
 1 file changed, 4 insertions(+), 1 deletion(-)
Merging gpio/gpio/next (7ff2db4 gpio/em: Add Device Tree support)
$ git merge gpio/gpio/next
Merge made by the 'recursive' strategy.
 drivers/gpio/gpio-em.c     | 45 ++++++++++++++++++++++++++--
 drivers/gpio/gpio-omap.c   | 75 +++++++++++++++++++++-------------------------
 drivers/gpio/gpio-palmas.c | 75 ++++++++++++++++++++++++++++++++++++++--------
 drivers/gpio/gpio-tegra.c  | 11 ++++---
 include/linux/mfd/palmas.h | 12 +++++++-
 5 files changed, 154 insertions(+), 64 deletions(-)
Merging gpio-lw/for-next (c7886b1 gpio: em: Use irq_domain_add_simple() to fix runtime error)
$ git merge gpio-lw/for-next
Already up-to-date.
Merging arm-soc/for-next (344e819 Merge branch 'fixes' into for-next)
$ git merge arm-soc/for-next
Auto-merging arch/arm/boot/Makefile
Merge made by the 'recursive' strategy.
 arch/arm/boot/Makefile                     |  2 +-
 arch/arm/boot/dts/bcm2835.dtsi             |  2 +-
 arch/arm/boot/dts/sun4i-a10-cubieboard.dts | 26 ++++++++++++++++++++++++++
 arch/arm/boot/dts/sun4i-a10.dtsi           |  4 +++-
 arch/arm/boot/dts/sun5i-a13-olinuxino.dts  | 20 ++++++++++++++++++++
 arch/arm/boot/dts/sun5i-a13.dtsi           |  4 +++-
 arch/arm/boot/dts/tegra20.dtsi             |  1 +
 arch/arm/boot/dts/tegra30.dtsi             |  1 +
 drivers/clk/tegra/clk-tegra20.c            |  1 -
 drivers/clk/tegra/clk-tegra30.c            |  1 -
 drivers/irqchip/irq-gic.c                  |  2 +-
 11 files changed, 57 insertions(+), 7 deletions(-)
Merging bcm2835/for-next (836dc9e Linux 3.8-rc7)
$ git merge bcm2835/for-next
Already up-to-date.
Merging cortex/for-next (6ebd4d0 ARM: stub out read_cpuid and read_cpuid_ext for CPU_CP15=n)
$ git merge cortex/for-next
Resolved 'arch/arm/include/asm/cputype.h' using previous resolution.
Auto-merging arch/arm/mm/mmu.c
Auto-merging arch/arm/mm/alignment.c
Auto-merging arch/arm/mm/Kconfig
Auto-merging arch/arm/mach-omap2/omap-smp.c
Auto-merging arch/arm/mach-omap2/id.c
Auto-merging arch/arm/kernel/smp_scu.c
Auto-merging arch/arm/include/asm/cputype.h
CONFLICT (content): Merge conflict in arch/arm/include/asm/cputype.h
Auto-merging arch/arm/Kconfig
Automatic merge failed; fix conflicts and then commit the result.
$ git commit -v -a
[master a776de3] Merge remote-tracking branch 'cortex/for-next'
$ git diff -M --stat --summary HEAD^..
 arch/arm/Kconfig               |  3 ++-
 arch/arm/include/asm/cp15.h    | 16 +++++++++++++++-
 arch/arm/include/asm/cputype.h | 31 +++++++++++++++++++++++++++----
 arch/arm/include/asm/glue-df.h | 20 ++++++++++----------
 arch/arm/kernel/head-common.S  |  9 +++++++--
 arch/arm/kernel/head-nommu.S   |  8 +++++++-
 arch/arm/kernel/setup.c        |  2 +-
 arch/arm/kernel/smp_scu.c      |  2 +-
 arch/arm/mach-omap2/id.c       |  4 ++--
 arch/arm/mach-omap2/omap-smp.c |  2 +-
 arch/arm/mm/Kconfig            |  9 ++++++++-
 arch/arm/mm/alignment.c        |  2 ++
 arch/arm/mm/mmu.c              | 17 +++++++++++++++++
 13 files changed, 100 insertions(+), 25 deletions(-)
Merging ep93xx/ep93xx-for-next (cf92d86 Merge branch 'ep93xx-fixes' into ep93xx-for-next)
$ git merge ep93xx/ep93xx-for-next
Already up-to-date!
Merge made by the 'recursive' strategy.
Merging ixp4xx/next (19f949f Linux 3.8)
$ git merge ixp4xx/next
Already up-to-date.
Merging msm/for-next (a0d271c Linux 3.6)
$ git merge msm/for-next
Already up-to-date.
Merging renesas/next (f96c22b Merge branches 'heads/defconfig', 'heads/boards3', 'heads/pfc' and 'heads/clocksource' into next)
$ git merge renesas/next
Resolved 'arch/arm/mach-shmobile/board-armadillo800eva.c' using previous resolution.
Resolved 'arch/arm/mach-shmobile/board-mackerel.c' using previous resolution.
Resolved 'arch/arm/mach-shmobile/setup-sh73a0.c' using previous resolution.
Auto-merging arch/arm/mach-shmobile/setup-sh73a0.c
CONFLICT (content): Merge conflict in arch/arm/mach-shmobile/setup-sh73a0.c
Removing arch/arm/mach-shmobile/hotplug.c
Auto-merging arch/arm/mach-shmobile/headsmp-scu.S
Auto-merging arch/arm/mach-shmobile/board-mackerel.c
CONFLICT (content): Merge conflict in arch/arm/mach-shmobile/board-mackerel.c
Auto-merging arch/arm/mach-shmobile/board-kzm9g.c
Auto-merging arch/arm/mach-shmobile/board-armadillo800eva.c
CONFLICT (content): Merge conflict in arch/arm/mach-shmobile/board-armadillo800eva.c
Auto-merging arch/arm/boot/dts/Makefile
Automatic merge failed; fix conflicts and then commit the result.
$ git commit -v -a
[master 8125481] Merge remote-tracking branch 'renesas/next'
$ git diff -M --stat --summary HEAD^..
 arch/arm/boot/dts/Makefile                         |   2 +
 arch/arm/boot/dts/r8a7779-marzen-reference.dts     |  47 ++++++
 arch/arm/boot/dts/r8a7779.dtsi                     |  86 ++++++++++
 arch/arm/boot/dts/sh73a0-kzm9g-reference.dts       |  77 +++++++++
 arch/arm/configs/armadillo800eva_defconfig         |   3 +-
 arch/arm/configs/kzm9g_defconfig                   |   2 -
 arch/arm/configs/mackerel_defconfig                |   4 +
 arch/arm/mach-shmobile/Kconfig                     |  27 +++
 arch/arm/mach-shmobile/Makefile                    |   9 +-
 arch/arm/mach-shmobile/board-armadillo800eva.c     | 144 ++++++++++++----
 arch/arm/mach-shmobile/board-kzm9g-reference.c     | 104 ++++++++++++
 arch/arm/mach-shmobile/board-kzm9g.c               |   4 +-
 arch/arm/mach-shmobile/board-mackerel.c            | 106 +++++-------
 arch/arm/mach-shmobile/board-marzen-reference.c    |  72 ++++++++
 arch/arm/mach-shmobile/board-marzen.c              |  13 +-
 arch/arm/mach-shmobile/clock-r8a7740.c             |  13 ++
 arch/arm/mach-shmobile/clock-sh73a0.c              |   7 +-
 .../{headsmp-sh73a0.S => headsmp-scu.S}            |  15 +-
 arch/arm/mach-shmobile/hotplug.c                   |  68 --------
 arch/arm/mach-shmobile/include/mach/common.h       |  18 +-
 arch/arm/mach-shmobile/include/mach/irqs.h         |   1 +
 arch/arm/mach-shmobile/intc-r8a7779.c              |  27 ++-
 arch/arm/mach-shmobile/intc-sh73a0.c               |   8 -
 arch/arm/mach-shmobile/setup-emev2.c               |   4 +-
 arch/arm/mach-shmobile/setup-r8a7779.c             |  54 +++++-
 arch/arm/mach-shmobile/setup-sh73a0.c              |  36 ++--
 arch/arm/mach-shmobile/smp-emev2.c                 |  86 ++--------
 arch/arm/mach-shmobile/smp-r8a7779.c               | 129 +++++++-------
 arch/arm/mach-shmobile/smp-sh73a0.c                |  36 ++--
 drivers/clocksource/sh_cmt.c                       | 187 +++++++++++++--------
 30 files changed, 908 insertions(+), 481 deletions(-)
 create mode 100644 arch/arm/boot/dts/r8a7779-marzen-reference.dts
 create mode 100644 arch/arm/boot/dts/r8a7779.dtsi
 create mode 100644 arch/arm/boot/dts/sh73a0-kzm9g-reference.dts
 create mode 100644 arch/arm/mach-shmobile/board-kzm9g-reference.c
 create mode 100644 arch/arm/mach-shmobile/board-marzen-reference.c
 rename arch/arm/mach-shmobile/{headsmp-sh73a0.S => headsmp-scu.S} (85%)
 delete mode 100644 arch/arm/mach-shmobile/hotplug.c
Merging samsung/for-next (786b270 Merge branch 'next/cpufreq-exynos' into for-next)
$ git merge samsung/for-next
Merge made by the 'recursive' strategy.
 arch/arm/boot/dts/exynos5440.dtsi | 5 -----
 arch/arm/mach-s5pc100/common.h    | 9 ---------
 arch/arm/mach-s5pv210/common.h    | 9 ---------
 3 files changed, 23 deletions(-)
Merging tegra/for-next (19f949f Linux 3.8)
$ git merge tegra/for-next
Already up-to-date.
Merging dma-mapping/dma-mapping-next (6dbe51c Linux 3.9-rc1)
$ git merge dma-mapping/dma-mapping-next
Already up-to-date.
Merging pwm/for-next (a32e1d1 pwm_backlight: remove unnecessary ifdefs)
$ git merge pwm/for-next
Auto-merging drivers/video/backlight/pwm_bl.c
Merge made by the 'recursive' strategy.
 drivers/video/backlight/pwm_bl.c | 7 ++-----
 1 file changed, 2 insertions(+), 5 deletions(-)
Merging dma-buf/for-next (6dbe51c Linux 3.9-rc1)
$ git merge dma-buf/for-next
Already up-to-date.
Merging userns/for-next (139321c cifs: Enable building with user namespaces enabled.)
$ git merge userns/for-next
Already up-to-date.
Merging ktest/for-next (7328735 ktest: Remove indexes from warnings check)
$ git merge ktest/for-next
Already up-to-date.
Merging signal/for-next (2ae80c4 sparc: no need to sign-extend in sync_file_range() wrapper)
$ git merge signal/for-next
Removing arch/x86/ia32/ipc32.c
Auto-merging arch/tile/Kconfig
Removing arch/powerpc/include/uapi/asm/linkage.h
Merge made by the 'recursive' strategy.
 arch/Kconfig                            |   3 -
 arch/alpha/Kconfig                      |   1 -
 arch/alpha/include/asm/linkage.h        |   4 +-
 arch/alpha/include/asm/unistd.h         |  12 ---
 arch/arm/include/asm/unistd.h           |   8 --
 arch/arm64/kernel/sys32.S               |   7 --
 arch/avr32/include/asm/unistd.h         |   8 --
 arch/blackfin/include/asm/unistd.h      |   8 --
 arch/cris/include/asm/unistd.h          |   8 --
 arch/frv/include/asm/unistd.h           |  10 --
 arch/h8300/include/asm/linkage.h        |   2 -
 arch/h8300/include/asm/unistd.h         |   7 --
 arch/ia64/include/asm/linkage.h         |   4 +
 arch/ia64/include/asm/unistd.h          |  10 --
 arch/m32r/include/asm/unistd.h          |  10 --
 arch/m68k/include/asm/unistd.h          |   8 --
 arch/microblaze/include/asm/unistd.h    |   8 --
 arch/mips/Kconfig                       |   1 -
 arch/mips/include/asm/linkage.h         |   3 +
 arch/mips/include/asm/unistd.h          |   8 --
 arch/mips/kernel/linux32.c              | 119 ------------------------
 arch/mips/kernel/scall64-n32.S          |   8 +-
 arch/mips/kernel/scall64-o32.S          |   6 +-
 arch/mn10300/include/asm/unistd.h       |  10 --
 arch/parisc/include/asm/unistd.h        |   8 --
 arch/parisc/kernel/sys_parisc32.c       |  26 ------
 arch/parisc/kernel/syscall_table.S      |   6 +-
 arch/powerpc/Kconfig                    |   1 -
 arch/powerpc/include/asm/linkage.h      |  13 +++
 arch/powerpc/include/asm/systbl.h       |  10 +-
 arch/powerpc/include/asm/unistd.h       |   6 --
 arch/powerpc/include/uapi/asm/linkage.h |   6 --
 arch/powerpc/kernel/sys_ppc32.c         | 109 ----------------------
 arch/s390/Kconfig                       |   1 -
 arch/s390/include/asm/unistd.h          |   8 --
 arch/s390/kernel/compat_linux.c         |  86 +----------------
 arch/s390/kernel/compat_linux.h         |   5 -
 arch/s390/kernel/compat_wrapper.S       |  64 -------------
 arch/s390/kernel/sys_s390.c             |  14 +--
 arch/s390/kernel/syscalls.S             |  18 ++--
 arch/sh/include/asm/unistd.h            |   8 --
 arch/sparc/Kconfig                      |   1 -
 arch/sparc/include/asm/unistd.h         |   8 --
 arch/sparc/kernel/sys32.S               |   4 -
 arch/sparc/kernel/sys_sparc32.c         |  75 +--------------
 arch/sparc/kernel/systbls_64.S          |   8 +-
 arch/tile/Kconfig                       |   1 -
 arch/tile/kernel/compat.c               |   5 -
 arch/x86/ia32/Makefile                  |   3 -
 arch/x86/ia32/ipc32.c                   |  54 -----------
 arch/x86/ia32/sys_ia32.c                |  37 --------
 arch/x86/include/asm/sys_ia32.h         |  12 ---
 arch/x86/include/asm/syscalls.h         |   4 +-
 arch/x86/include/asm/unistd.h           |   8 --
 arch/x86/kernel/tls.c                   |  14 +--
 arch/x86/syscalls/syscall_32.tbl        |  10 +-
 arch/x86/um/tls_32.c                    |   5 +-
 arch/xtensa/include/asm/unistd.h        |   8 --
 fs/aio.c                                |   2 -
 fs/compat.c                             | 121 ------------------------
 fs/dcookies.c                           |  15 ++-
 fs/eventpoll.c                          |  47 ++++++++++
 fs/notify/fanotify/fanotify_user.c      |  17 +---
 fs/open.c                               |  52 ++---------
 fs/read_write.c                         |  68 +++++++++-----
 fs/read_write.h                         |   2 -
 fs/signalfd.c                           |  31 +++++++
 fs/splice.c                             |  22 +++++
 fs/sync.c                               |  26 +-----
 include/asm-generic/unistd.h            |  17 ----
 include/linux/compat.h                  |  51 +++-------
 include/linux/linkage.h                 |  21 +++++
 include/linux/syscalls.h                | 109 +++++++---------------
 ipc/compat.c                            | 160 ++++++++++++++++++--------------
 ipc/sem.c                               |   2 -
 kernel/compat.c                         |  19 ----
 kernel/exit.c                           |   5 -
 kernel/fork.c                           |   5 +-
 kernel/sys.c                            |  14 +++
 kernel/sys_ni.c                         |   3 +-
 kernel/uid16.c                          |  55 +++--------
 mm/fadvise.c                            |  18 +---
 mm/readahead.c                          |   9 +-
 83 files changed, 434 insertions(+), 1376 deletions(-)
 create mode 100644 arch/powerpc/include/asm/linkage.h
 delete mode 100644 arch/powerpc/include/uapi/asm/linkage.h
 delete mode 100644 arch/x86/ia32/ipc32.c
Merging clk/clk-next (fde8bc5 clk: sunxi: remove stale Makefile entry)
$ git merge clk/clk-next
Already up-to-date.
Merging random/dev (6133705 random: Mix cputime from each thread that exits to the pool)
$ git merge random/dev
Already up-to-date.
Merging lzo-update/lzo-update (42b775a lib/lzo: huge LZO decompression speedup on ARM by using unaligned access)
$ git merge lzo-update/lzo-update
Merge made by the 'recursive' strategy.
 lib/lzo/lzo1x_decompress_safe.c | 4 ++++
 lib/lzo/lzodefs.h               | 6 ++++++
 2 files changed, 10 insertions(+)
Merging modem_shm/remoteproc-next (c68dc8d remoteproc: Always perserve resource table data)
$ git merge modem_shm/remoteproc-next
Auto-merging drivers/remoteproc/remoteproc_virtio.c
Auto-merging drivers/remoteproc/remoteproc_core.c
Merge made by the 'recursive' strategy.
 drivers/remoteproc/remoteproc_core.c       | 146 +++++++++++++++++------------
 drivers/remoteproc/remoteproc_elf_loader.c |  96 +++++++++++++------
 drivers/remoteproc/remoteproc_internal.h   |  13 +++
 drivers/remoteproc/remoteproc_virtio.c     |  38 +++++++-
 drivers/remoteproc/ste_modem_rproc.c       |  50 +++++++---
 include/linux/remoteproc.h                 |   7 +-
 6 files changed, 240 insertions(+), 110 deletions(-)
Merging scsi-post-merge/merge-base:master (65112dc Merge git://git.samba.org/sfrench/cifs-2.6)
Merging akpm-current/current (b0af9cd Merge tag 'lzo-update-signature-20130226' of git://github.com/markus-oberhumer/linux)
$ git merge akpm-current/current
Already up-to-date.
$ git clone -s -l -n -q . ../rebase-tmp
$ cd ../rebase-tmp
$ git checkout -b akpm remotes/origin/akpm/master
Switched to a new branch 'akpm'
$ git rebase --onto master remotes/origin/akpm/master-base
First, rewinding head to replay your work on top of it...
Applying: ipc: fix potential oops when src msg > 4k w/ MSG_COPY
Applying: ipc: don't allocate a copy larger than max
Applying: mm/mempolicy.c: fix wrong sp_node insertion
Applying: mm/mempolicy.c: fix sp_node_init() argument ordering
Applying: shmem: fix build regression
Applying: shmem-fix-build-regression-fix
Applying: idr: remove WARN_ON_ONCE() on negative IDs
Applying: kmsg: honor dmesg_restrict sysctl on /dev/kmsg
Applying: drivers/platform/x86/thinkpad_acpi.c: move hotkey_thread_mutex lock after set_freezable()
Applying: x86: make 'mem=' option to work for efi platform
Applying: mm: remove free_area_cache use in powerpc architecture
Applying: mm: use vm_unmapped_area() on powerpc architecture
Applying: drm/fb-helper: don't sleep for screen unblank when an oops is in progress
Applying: matroxfb: convert struct i2c_msg initialization to C99 format
Applying: cyber2000fb: avoid palette corruption at higher clocks
Applying: timer_list: split timer_list_show_tickdevices()
Applying: timer_list-split-timer_list_show_tickdevices-v4
Applying: timer_list: convert timer list to be a proper seq_file
Applying: timer_list-convert-timer-list-to-be-a-proper-seq_file-v3
Applying: timer_list-convert-timer-list-to-be-a-proper-seq_file-v3-fix
Applying: mkcapflags.pl: convert to mkcapflags.sh
Applying: headers_install.pl: convert to headers_install.sh
Applying: scripts/decodecode: make faulting insn ptr more robust
Applying: ipvs: change type of netns_ipvs->sysctl_sync_qlen_max
Applying: debug_locks.h: make warning more verbose
Applying: block: restore /proc/partitions to not display non-partitionable removable devices
Applying: fs/block_dev.c: no need to check inode->i_bdev in bd_forget()
Applying: fs: return EAGAIN when O_NONBLOCK write should block on frozen fs
Applying: fs: fix hang with BSD accounting on frozen filesystem
Applying: ocfs2: add freeze protection to ocfs2_file_splice_write()
Applying: watchdog: trigger all-cpu backtrace when locked up and going to panic
Applying: HWPOISON: check dirty flag to match against clean page
Applying: mm: trace filemap add and del
Applying: mm, show_mem: suppress page counts in non-blockable contexts
Applying: mm: remove free_area_cache
Applying: include/linux/mmzone.h: cleanups
Applying: include-linux-mmzoneh-cleanups-fix
Applying: mm: memmap_init_zone() performance improvement
Applying: drop_caches: add some documentation and info message
Applying: drivers/usb/gadget/amd5536udc.c: avoid calling dma_pool_create() with NULL dev
Applying: mm/dmapool.c: fix null dev in dma_pool_create()
Applying: memcg: debugging facility to access dangling memcgs
Applying: memcg-debugging-facility-to-access-dangling-memcgs-fix
Applying: mm: add vm event counters for balloon pages compaction
Applying: early_printk: consolidate random copies of identical code
Applying: smp: Give WARN()ing when calling smp_call_function_many()/single() in serving irq
Applying: include/linux/fs.h: disable preempt when acquire i_size_seqcount write lock
Applying: kernel/smp.c: cleanups
Applying: printk: avoid softlockups in console_unlock()
Applying: drivers/video/backlight/ams369fg06.c: convert ams369fg06 to dev_pm_ops
Applying: drivers-video-backlight-ams369fg06c-convert-ams369fg06-to-dev_pm_ops-fix
Applying: drivers/video/backlight/platform_lcd.c: remove unnecessary ifdefs
Applying: drivers/leds/leds-ot200.c: fix error caused by shifted mask
Applying: lib/int_sqrt.c: optimize square root algorithm
Applying: epoll: support for disabling items, and a self-test app
Applying: epoll: stop comparing pointers with 0 in self-test app
Applying: binfmt_elf.c: use get_random_int() to fix entropy depleting
Applying: i2o: check copy_from_user() size parameter
Applying: rtc: rtc-mv: add __init annotation
Applying: rtc: rtc-davinci: add __exit annotation
Applying: rtc: rtc-ds1302: add __exit annotation
Applying: rtc: rtc-imxdi: add __init/__exit annotation
Applying: rtc: rtc-nuc900: add __init/__exit annotation
Applying: rtc: rtc-pcap: add __init/__exit annotation
Applying: rtc: rtc-tegra: add __init/__exit annotation
Applying: rtc: add devm_rtc_device_{register,unregister}()
Applying: drivers/rtc/rtc-max77686.c: use module_platform_driver()
Applying: drivers/rtc/rtc-max77686.c: add missing module author name
Applying: drivers/rtc/rtc-max77686.c: use devm_kzalloc()
Applying: drivers/rtc/rtc-max77686.c: fix indentation of bit definitions
Applying: drivers/rtc/rtc-max77686.c: use dev_info()/dev_emerg() instead of pr_info()/pr_emerg()
Applying: drivers/rtc/rtc-v3020.c: use gpio_request_array()
Applying: drivers/rtc/rtc-pxa.c: fix set time sync time issue
Applying: drivers-rtc-rtc-pxac-fix-set-time-sync-time-issue-fix
Applying: drivers/rtc/rtc-ds1307.c: long block operations bugfix
Applying: rtc: rtc-palmas: use devm_request_threaded_irq()
Applying: coredump: only SIGKILL should interrupt the coredumping task
Applying: coredump: ensure that SIGKILL always kills the dumping thread
Applying: coredump: sanitize the setting of signal->group_exit_code
Applying: coredump: factor out the setting of PF_DUMPCORE
Applying: freezer: do not send a fake signal to a PF_DUMPCORE thread
Applying: coredump: make wait_for_dump_helpers() freezable
Applying: procfs: improve scaling in proc
Applying: kexec: fix wrong types of some local variables
Applying: kexec: Use min() and min_t() to simplify logic
Applying: kexec-use-min_t-to-simplify-logic-fix
Applying: ipc: clamp with min()
Applying: ipc: separate msg allocation from userspace copy
Applying: ipc: tighten msg copy loops
Applying: ipc: set EFAULT as default error in load_msg()
Applying: ipc: remove msg handling from queue scan
Applying: ipc: implement MSG_COPY as a new receive mode
Applying: ipc: simplify msg list search
Applying: ipc: refactor msg list search into separate function
Applying: ipc/sem.c: alternatives to preempt_disable()
Applying: semaphore: use unlikely() for down's timeout
Applying: semaphore: use `bool' type for semaphore_waiter's up
Applying: mm: remove old aio use_mm() comment
Applying: aio: remove dead code from aio.h
Applying: gadget: remove only user of aio retry
Applying: aio: remove retry-based AIO
Applying: char: add aio_{read,write} to /dev/{null,zero}
Applying: aio: kill return value of aio_complete()
Applying: aio: add kiocb_cancel()
Applying: aio-kiocb_cancel-fix
Applying: aio: move private stuff out of aio.h
Applying: aio: dprintk() -> pr_debug()
Applying: aio: do fget() after aio_get_req()
Applying: aio: make aio_put_req() lockless
Applying: aio: refcounting cleanup
Applying: wait: add wait_event_hrtimeout()
Applying: wait-add-wait_event_hrtimeout-fix
Applying: aio: make aio_read_evt() more efficient, convert to hrtimers
Applying: aio: use flush_dcache_page()
Applying: aio: use cancellation list lazily
Applying: aio-use-cancellation-list-lazily-fix
Applying: aio-use-cancellation-list-lazily-fix-fix
Applying: aio: change reqs_active to include unreaped completions
Applying: aio: kill batch allocation
Applying: aio: kill struct aio_ring_info
Applying: aio: give shared kioctx fields their own cachelines
Applying: aio-give-shared-kioctx-fields-their-own-cachelines-fix
Applying: aio: reqs_active -> reqs_available
Applying: aio: percpu reqs_available
Applying: generic dynamic per cpu refcounting
Applying: generic-dynamic-per-cpu-refcounting-fix
Applying: percpu-refcount: sparse fixes
Applying: generic-dynamic-per-cpu-refcounting-sparse-fixes-fix
Applying: generic-dynamic-per-cpu-refcounting-doc
Applying: generic-dynamic-per-cpu-refcounting-doc-fix
Applying: aio: percpu ioctx refcount
Applying: aio: use xchg() instead of completion_lock
Applying: aio: don't include aio.h in sched.h
Applying: aio-dont-include-aioh-in-schedh-fix
Applying: aio-dont-include-aioh-in-schedh-fix-fix
Applying: aio-dont-include-aioh-in-schedh-fix-3
Applying: aio-dont-include-aioh-in-schedh-fix-3-fix
Applying: aio-dont-include-aioh-in-schedh-fix-3-fix-fix
Applying: aio: kill ki_key
Applying: aio: kill ki_retry
Applying: aio-kill-ki_retry-fix
Applying: aio-kill-ki_retry-fix-fix
Applying: block, aio: batch completion for bios/kiocbs
Applying: block-aio-batch-completion-for-bios-kiocbs-fix
Applying: block-aio-batch-completion-for-bios-kiocbs-fix-fix
Applying: block-aio-batch-completion-for-bios-kiocbs-fix-fix-fix
Applying: block-aio-batch-completion-for-bios-kiocbs-fix-fix-fix-fix
Applying: Fix build error due to bio_endio_batch
Applying: block-aio-batch-completion-for-bios-kiocbs-fix-fix-fix-fix-fix-fix
Applying: aio: Fix a null pointer deref in batch_complete_aio
Applying: virtio-blk: convert to batch completion
Applying: mtip32xx: convert to batch completion
Applying: conversion to bio batch completion
Applying: aio: fix aio_read_events_ring() types
Applying: aio: document, clarify aio_read_events() and shadow_tail
Applying: aio: correct calculation of available events
Applying: aio: fix kioctx not being freed after cancellation at exit time
Applying: aio: v3: fix kioctx not being freed after cancellation at exit time
Applying: Kconfig: consolidate CONFIG_DEBUG_STRICT_USER_COPY_CHECKS
Applying: kernel/sys.c: make prctl(PR_SET_MM) generally available
$ cd ../next
$ git fetch -f ../rebase-tmp akpm:akpm/master
From ../rebase-tmp
 + 51e0bd8...d784888 akpm       -> akpm/master  (forced update)
$ rm -rf ../rebase-tmp
Merging akpm/master (d784888 kernel/sys.c: make prctl(PR_SET_MM) generally available)
$ git merge --no-ff akpm/master
Removing scripts/headers_install.pl
Auto-merging lib/usercopy.c
Removing arch/x86/kernel/cpu/mkcapflags.pl
Removing arch/sparc/lib/usercopy.c
Merge made by the 'recursive' strategy.
 Documentation/cgroups/memory.txt             |   16 +
 Documentation/sysctl/vm.txt                  |   33 +-
 arch/arm/kernel/early_printk.c               |   17 +-
 arch/arm/mm/init.c                           |    3 +
 arch/arm/mm/mmap.c                           |    2 -
 arch/arm64/mm/mmap.c                         |    2 -
 arch/blackfin/kernel/early_printk.c          |    2 -
 arch/ia64/mm/contig.c                        |    2 +
 arch/ia64/mm/discontig.c                     |    2 +
 arch/microblaze/kernel/early_printk.c        |   26 +-
 arch/mips/kernel/early_printk.c              |   11 +-
 arch/mips/mm/mmap.c                          |    2 -
 arch/parisc/Kconfig                          |    1 +
 arch/parisc/Kconfig.debug                    |   14 -
 arch/parisc/mm/init.c                        |    2 +
 arch/powerpc/include/asm/page_64.h           |    3 +-
 arch/powerpc/kernel/udbg.c                   |    6 +-
 arch/powerpc/mm/hugetlbpage.c                |    2 +-
 arch/powerpc/mm/mmap_64.c                    |    2 -
 arch/powerpc/mm/slice.c                      |  223 ++--
 arch/powerpc/platforms/cell/spufs/file.c     |    2 +-
 arch/s390/Kconfig                            |    1 +
 arch/s390/Kconfig.debug                      |   14 -
 arch/s390/hypfs/inode.c                      |    1 +
 arch/s390/lib/Makefile                       |    1 -
 arch/s390/mm/mmap.c                          |    4 -
 arch/sh/kernel/sh_bios.c                     |    2 -
 arch/sparc/kernel/setup_32.c                 |    1 +
 arch/sparc/kernel/setup_64.c                 |    8 +-
 arch/sparc/kernel/sys_sparc_64.c             |    2 -
 arch/sparc/lib/Makefile                      |    1 -
 arch/sparc/lib/usercopy.c                    |    9 -
 arch/tile/Kconfig                            |    8 +-
 arch/tile/include/asm/uaccess.h              |    7 +-
 arch/tile/kernel/early_printk.c              |   27 +-
 arch/tile/lib/uaccess.c                      |    8 -
 arch/tile/mm/mmap.c                          |    2 -
 arch/um/kernel/early_printk.c                |    8 +-
 arch/unicore32/kernel/early_printk.c         |   12 +-
 arch/unicore32/mm/init.c                     |    3 +
 arch/x86/Kconfig                             |    1 +
 arch/x86/Kconfig.debug                       |   14 -
 arch/x86/ia32/ia32_aout.c                    |    3 -
 arch/x86/include/asm/e820.h                  |    2 +
 arch/x86/kernel/cpu/Makefile                 |    4 +-
 arch/x86/kernel/cpu/mkcapflags.pl            |   48 -
 arch/x86/kernel/cpu/mkcapflags.sh            |   41 +
 arch/x86/kernel/e820.c                       |   72 +-
 arch/x86/kernel/early_printk.c               |   21 +-
 arch/x86/lib/usercopy_32.c                   |    6 -
 arch/x86/mm/mmap.c                           |    2 -
 arch/x86/platform/efi/efi.c                  |   15 +-
 block/blk-core.c                             |   34 +-
 block/blk-flush.c                            |    2 +-
 block/blk.h                                  |    3 +-
 block/genhd.c                                |    2 +-
 block/scsi_ioctl.c                           |    1 +
 drivers/block/mtip32xx/mtip32xx.c            |   86 +-
 drivers/block/mtip32xx/mtip32xx.h            |    8 +-
 drivers/block/swim3.c                        |    2 +-
 drivers/block/virtio_blk.c                   |   31 +-
 drivers/char/mem.c                           |   36 +
 drivers/gpu/drm/drm_fb_helper.c              |    8 +
 drivers/infiniband/hw/ipath/ipath_file_ops.c |    1 +
 drivers/infiniband/hw/qib/qib_file_ops.c     |    2 +-
 drivers/leds/leds-ot200.c                    |   14 +-
 drivers/md/dm.c                              |    2 +-
 drivers/message/i2o/i2o_config.c             |   10 +
 drivers/platform/x86/thinkpad_acpi.c         |    6 +-
 drivers/rtc/class.c                          |   70 +
 drivers/rtc/rtc-davinci.c                    |    4 +-
 drivers/rtc/rtc-ds1302.c                     |    4 +-
 drivers/rtc/rtc-ds1307.c                     |   60 +-
 drivers/rtc/rtc-imxdi.c                      |    6 +-
 drivers/rtc/rtc-max77686.c                   |   48 +-
 drivers/rtc/rtc-mv.c                         |    2 +-
 drivers/rtc/rtc-nuc900.c                     |    6 +-
 drivers/rtc/rtc-palmas.c                     |    3 +-
 drivers/rtc/rtc-pcap.c                       |    6 +-
 drivers/rtc/rtc-pxa.c                        |   64 +-
 drivers/rtc/rtc-tegra.c                      |    6 +-
 drivers/rtc/rtc-v3020.c                      |   37 +-
 drivers/scsi/sg.c                            |    1 +
 drivers/staging/android/logger.c             |    1 +
 drivers/usb/gadget/amd5536udc.c              |   16 +-
 drivers/usb/gadget/inode.c                   |   42 +-
 drivers/video/backlight/ams369fg06.c         |   21 +-
 drivers/video/backlight/platform_lcd.c       |    6 +-
 drivers/video/cyber2000fb.c                  |    3 +
 drivers/video/matrox/matroxfb_maven.c        |   16 +-
 fs/9p/vfs_addr.c                             |    1 +
 fs/afs/write.c                               |    1 +
 fs/aio.c                                     | 1785 +++++++++++---------------
 fs/binfmt_aout.c                             |    3 -
 fs/binfmt_elf.c                              |   26 +-
 fs/binfmt_elf_fdpic.c                        |    2 -
 fs/bio.c                                     |   52 +-
 fs/block_dev.c                               |    9 +-
 fs/btrfs/file.c                              |    4 +-
 fs/btrfs/inode.c                             |    1 +
 fs/ceph/file.c                               |    1 +
 fs/cifs/file.c                               |    3 +-
 fs/compat.c                                  |    1 +
 fs/coredump.c                                |   46 +-
 fs/direct-io.c                               |   21 +-
 fs/drop_caches.c                             |    2 +
 fs/ecryptfs/file.c                           |    1 +
 fs/eventpoll.c                               |   40 +-
 fs/ext2/inode.c                              |    1 +
 fs/ext3/inode.c                              |    1 +
 fs/ext4/file.c                               |    1 +
 fs/ext4/indirect.c                           |    1 +
 fs/ext4/inode.c                              |    1 +
 fs/ext4/page-io.c                            |    1 +
 fs/f2fs/data.c                               |    1 +
 fs/fat/inode.c                               |    1 +
 fs/fuse/cuse.c                               |    1 +
 fs/fuse/dev.c                                |    1 +
 fs/fuse/file.c                               |    4 +-
 fs/gfs2/aops.c                               |    1 +
 fs/gfs2/file.c                               |    1 +
 fs/hfs/inode.c                               |    1 +
 fs/hfsplus/inode.c                           |    1 +
 fs/jfs/inode.c                               |    1 +
 fs/nilfs2/inode.c                            |    2 +-
 fs/ntfs/file.c                               |    4 +-
 fs/ntfs/inode.c                              |    1 +
 fs/ocfs2/aops.h                              |    2 +
 fs/ocfs2/dlmglue.c                           |    2 +-
 fs/ocfs2/file.c                              |    7 +-
 fs/ocfs2/inode.h                             |    2 +
 fs/pipe.c                                    |    1 +
 fs/proc/generic.c                            |   62 +-
 fs/proc/inode.c                              |  161 +--
 fs/read_write.c                              |   35 +-
 fs/reiserfs/inode.c                          |    1 +
 fs/splice.c                                  |    3 +-
 fs/ubifs/file.c                              |    1 +
 fs/udf/inode.c                               |    1 +
 fs/xfs/xfs_aops.c                            |    1 +
 fs/xfs/xfs_file.c                            |    4 +-
 include/linux/aio.h                          |  199 +--
 include/linux/balloon_compaction.h           |    7 +
 include/linux/batch_complete.h               |   23 +
 include/linux/bio.h                          |   36 +-
 include/linux/blk_types.h                    |   11 +-
 include/linux/blkdev.h                       |   12 +-
 include/linux/cgroup.h                       |    1 +
 include/linux/console.h                      |    1 +
 include/linux/debug_locks.h                  |    2 +-
 include/linux/errno.h                        |    1 -
 include/linux/fs.h                           |   12 +
 include/linux/hardirq.h                      |    5 +
 include/linux/mm.h                           |    3 +-
 include/linux/mm_types.h                     |    3 -
 include/linux/mmzone.h                       |   20 +-
 include/linux/nmi.h                          |   18 +
 include/linux/percpu-refcount.h              |  114 ++
 include/linux/pid_namespace.h                |    1 +
 include/linux/printk.h                       |    6 +
 include/linux/proc_fs.h                      |    6 +-
 include/linux/ramfs.h                        |    8 +-
 include/linux/rtc-pxa.h                      |   18 +
 include/linux/rtc.h                          |    6 +
 include/linux/sched.h                        |    5 +-
 include/linux/vm_event_item.h                |    7 +-
 include/linux/wait.h                         |   86 ++
 include/linux/writeback.h                    |    1 +
 include/net/ip_vs.h                          |    8 +-
 include/trace/events/filemap.h               |   79 ++
 include/uapi/linux/eventpoll.h               |    1 +
 init/Kconfig                                 |   17 +
 ipc/msg.c                                    |   84 +-
 ipc/msgutil.c                                |  109 +-
 ipc/sem.c                                    |  250 ++--
 kernel/acct.c                                |    3 +-
 kernel/fork.c                                |    5 +-
 kernel/freezer.c                             |   19 +-
 kernel/kexec.c                               |   30 +-
 kernel/printk.c                              |   78 +-
 kernel/ptrace.c                              |    1 +
 kernel/semaphore.c                           |    8 +-
 kernel/signal.c                              |    6 +-
 kernel/smp.c                                 |  102 +-
 kernel/sys.c                                 |   10 +-
 kernel/time/timer_list.c                     |  112 +-
 kernel/watchdog.c                            |   10 +-
 lib/Kconfig.debug                            |   18 +
 lib/Makefile                                 |    3 +-
 lib/idr.c                                    |   16 +-
 lib/int_sqrt.c                               |   32 +-
 lib/percpu-refcount.c                        |  243 ++++
 lib/show_mem.c                               |    3 +
 {arch/s390/lib => lib}/usercopy.c            |    3 +-
 mm/balloon_compaction.c                      |    2 +
 mm/dmapool.c                                 |    5 +-
 mm/filemap.c                                 |    8 +-
 mm/memcontrol.c                              |  192 ++-
 mm/memory-failure.c                          |    4 +-
 mm/mempolicy.c                               |    4 +-
 mm/migrate.c                                 |    1 +
 mm/mmap.c                                    |   28 -
 mm/mmu_context.c                             |    3 -
 mm/nommu.c                                   |    4 -
 mm/page_alloc.c                              |   12 +-
 mm/page_io.c                                 |    1 +
 mm/shmem.c                                   |    7 +-
 mm/swap.c                                    |    1 +
 mm/util.c                                    |    1 -
 mm/vmstat.c                                  |    9 +-
 net/netfilter/ipvs/ip_vs_ctl.c               |    4 +-
 scripts/Makefile.headersinst                 |    4 +-
 scripts/decodecode                           |    8 +-
 scripts/headers_install.pl                   |   63 -
 scripts/headers_install.sh                   |   43 +
 security/keys/internal.h                     |    2 +
 security/keys/keyctl.c                       |    1 +
 sound/core/pcm_native.c                      |    2 +-
 tools/testing/selftests/Makefile             |    1 +
 tools/testing/selftests/epoll/Makefile       |   11 +
 tools/testing/selftests/epoll/test_epoll.c   |  364 ++++++
 221 files changed, 3819 insertions(+), 2527 deletions(-)
 delete mode 100644 arch/sparc/lib/usercopy.c
 delete mode 100644 arch/x86/kernel/cpu/mkcapflags.pl
 create mode 100644 arch/x86/kernel/cpu/mkcapflags.sh
 create mode 100644 include/linux/batch_complete.h
 create mode 100644 include/linux/percpu-refcount.h
 create mode 100644 include/linux/rtc-pxa.h
 create mode 100644 include/trace/events/filemap.h
 create mode 100644 lib/percpu-refcount.c
 rename {arch/s390/lib => lib}/usercopy.c (73%)
 delete mode 100644 scripts/headers_install.pl
 create mode 100644 scripts/headers_install.sh
 create mode 100644 tools/testing/selftests/epoll/Makefile
 create mode 100644 tools/testing/selftests/epoll/test_epoll.c
$ git revert 9ccede72c2bb
[master fcfdcab] Revert "early_printk: consolidate random copies of identical code"
 15 files changed, 110 insertions(+), 68 deletions(-)
$ git revert d7ce19f2bdcb
[master f9d631c] Revert "printk: avoid softlockups in console_unlock()"
 2 files changed, 6 insertions(+), 56 deletions(-)
