$ date -R
Tue, 29 Mar 2016 09:31:44 +1100
$ git checkout master
Already on 'master'
$ git reset --hard stable
HEAD is now at f55532a0c0b8 Linux 4.6-rc1
Merging origin/master (1993b176a822 Merge git://git.kernel.org/pub/scm/linux/kernel/git/davem/ide)
$ git merge origin/master
Updating f55532a0c0b8..1993b176a822
Fast-forward
 MAINTAINERS                            |  4 ++--
 arch/sparc/include/asm/compat_signal.h |  8 ++++----
 arch/sparc/include/asm/obio.h          | 32 ++++++++++++++++----------------
 arch/sparc/include/asm/openprom.h      | 10 +++++-----
 arch/sparc/include/asm/pgtable_64.h    |  2 +-
 arch/sparc/include/asm/processor_64.h  |  2 +-
 arch/sparc/include/asm/sigcontext.h    |  2 +-
 arch/sparc/include/asm/tsb.h           |  2 +-
 arch/sparc/include/uapi/asm/stat.h     |  4 ++--
 arch/sparc/kernel/audit.c              | 12 ++++++------
 arch/sparc/kernel/compat_audit.c       | 12 ++++++------
 arch/sparc/kernel/entry.S              |  2 +-
 arch/sparc/kernel/ioport.c             |  6 +++---
 arch/sparc/kernel/kernel.h             | 12 ++++++------
 arch/sparc/kernel/leon_kernel.c        |  2 +-
 arch/sparc/kernel/process_64.c         |  2 +-
 arch/sparc/kernel/setup_32.c           |  2 +-
 arch/sparc/kernel/setup_64.c           |  2 +-
 arch/sparc/kernel/signal32.c           |  2 +-
 arch/sparc/kernel/sys_sparc_64.c       |  4 ++--
 arch/sparc/kernel/sysfs.c              |  2 +-
 arch/sparc/kernel/unaligned_64.c       |  4 ++--
 arch/sparc/mm/fault_32.c               |  8 ++++----
 arch/sparc/net/bpf_jit_comp.c          |  2 +-
 arch/tile/include/hv/drv_mpipe_intf.h  | 26 +++++++++++++-------------
 arch/tile/kernel/kgdb.c                | 16 ++++++++--------
 arch/tile/kernel/pci_gx.c              |  2 +-
 drivers/ide/icside.c                   |  2 +-
 drivers/ide/palm_bk3710.c              |  2 ++
 29 files changed, 95 insertions(+), 93 deletions(-)
Merging fixes/master (6c020251498e perf tools: Fix build break on powerpc)
$ git merge fixes/master
Updating 1993b176a822..6c020251498e
Fast-forward
 tools/perf/arch/powerpc/util/header.c | 2 ++
 1 file changed, 2 insertions(+)
Merging kbuild-current/rc-fixes (3d1450d54a4f Makefile: Force gzip and xz on module install)
$ git merge kbuild-current/rc-fixes
Already up-to-date.
Merging arc-current/for-curr (f86b8892a1b7 ARC: Don't source drivers/pci/pcie/Kconfig ourselves)
$ git merge arc-current/for-curr
Merge made by the 'recursive' strategy.
 arch/arc/Kconfig | 1 -
 1 file changed, 1 deletion(-)
Merging arm-current/fixes (f474c8c857d9 ARM: 8544/1: set_memory_xx fixes)
$ git merge arm-current/fixes
Already up-to-date.
Merging m68k-current/for-linus (efbec135f11d m68k: Fix misspellings in comments.)
$ git merge m68k-current/for-linus
Already up-to-date.
Merging metag-fixes/fixes (0164a711c97b metag: Fix ioremap_wc/ioremap_cached build errors)
$ git merge metag-fixes/fixes
Already up-to-date.
Merging powerpc-fixes/fixes (b562e44f507e Linux 4.5)
$ git merge powerpc-fixes/fixes
Already up-to-date.
Merging powerpc-merge-mpe/fixes (bc0195aad0da Linux 4.2-rc2)
$ git merge powerpc-merge-mpe/fixes
Already up-to-date.
Merging sparc/master (9ef595d83aea sparc: Convert naked unsigned uses to unsigned int)
$ git merge sparc/master
Already up-to-date.
Merging net/master (0c84ea17ff22 Merge git://git.kernel.org/pub/scm/linux/kernel/git/pablo/nf)
$ git merge net/master
Merge made by the 'recursive' strategy.
 Documentation/networking/switchdev.txt             |   2 +-
 drivers/isdn/hisax/isac.c                          |  15 +-
 drivers/net/ethernet/broadcom/genet/bcmgenet.c     |  16 +-
 drivers/net/ethernet/broadcom/genet/bcmgenet.h     |   6 +
 drivers/net/ethernet/cadence/macb.c                |  69 ++++++--
 drivers/net/ethernet/hisilicon/hns/hnae.h          |   2 +-
 drivers/net/ethernet/hisilicon/hns/hns_ae_adapt.c  |  64 +++----
 drivers/net/ethernet/hisilicon/hns/hns_dsaf_gmac.c |   3 +-
 drivers/net/ethernet/hisilicon/hns/hns_dsaf_main.c |  12 +-
 drivers/net/ethernet/hisilicon/hns/hns_dsaf_misc.c |  40 +++--
 drivers/net/ethernet/hisilicon/hns/hns_dsaf_rcb.c  | 196 ++++++++++-----------
 drivers/net/ethernet/hisilicon/hns/hns_dsaf_rcb.h  |  23 +--
 drivers/net/ethernet/hisilicon/hns/hns_dsaf_reg.h  |   3 +
 drivers/net/ethernet/hisilicon/hns/hns_enet.c      |  16 +-
 drivers/net/ethernet/hisilicon/hns/hns_ethtool.c   |  10 +-
 drivers/net/ethernet/qlogic/qlge/qlge.h            |   2 +-
 drivers/net/ethernet/renesas/ravb_main.c           |   2 +-
 .../net/ethernet/samsung/sxgbe/sxgbe_platform.c    |   4 +-
 drivers/net/phy/bcm7xxx.c                          |   4 +
 drivers/net/usb/plusb.c                            |   2 +-
 include/linux/brcmphy.h                            |   2 +
 include/linux/netfilter/ipset/ip_set.h             |   4 +
 kernel/bpf/syscall.c                               |   6 +-
 net/bridge/netfilter/ebtables.c                    |   4 +
 net/bridge/netfilter/nft_reject_bridge.c           |  20 +--
 net/core/netpoll.c                                 |   3 +-
 net/ipv4/ip_tunnel_core.c                          |   4 +-
 net/ipv4/netfilter/arp_tables.c                    |  43 ++---
 net/ipv4/netfilter/ip_tables.c                     |  48 ++---
 net/ipv4/netfilter/ipt_SYNPROXY.c                  |  54 +++---
 net/ipv6/netfilter/ip6_tables.c                    |  48 ++---
 net/netfilter/ipset/ip_set_bitmap_gen.h            |   2 +-
 net/netfilter/ipset/ip_set_core.c                  |  33 +++-
 net/netfilter/ipset/ip_set_hash_gen.h              |   2 +-
 net/netfilter/ipset/ip_set_list_set.c              |   2 +-
 net/netfilter/nfnetlink_queue.c                    |   7 +-
 net/openvswitch/Kconfig                            |   4 +-
 net/openvswitch/conntrack.c                        |  24 +--
 net/switchdev/switchdev.c                          |   2 +-
 net/xfrm/xfrm_input.c                              |   3 +
 40 files changed, 452 insertions(+), 354 deletions(-)
Merging ipsec/master (215276c0147e xfrm: Reset encapsulation field of the skb before transformation)
$ git merge ipsec/master
Merge made by the 'recursive' strategy.
 include/net/netns/xfrm.h |  1 +
 net/core/flow.c          | 14 +++++++++++++-
 net/xfrm/xfrm_output.c   |  3 +++
 3 files changed, 17 insertions(+), 1 deletion(-)
Merging ipvs/master (7617a24f83b5 ipvs: correct initial offset of Call-ID header search in SIP persistence engine)
$ git merge ipvs/master
Already up-to-date.
Merging wireless-drivers/master (2acd84648554 rtlwifi: fix gcc-6 indentation warning)
$ git merge wireless-drivers/master
Merge made by the 'recursive' strategy.
 drivers/bcma/main.c                                 | 17 ++++-------------
 drivers/net/wireless/broadcom/b43/main.c            |  6 ++++--
 drivers/net/wireless/realtek/rtlwifi/rtl8821ae/dm.c |  6 +++---
 3 files changed, 11 insertions(+), 18 deletions(-)
Merging mac80211/master (ad8ec957f693 wext: unregister_pernet_subsys() on notifier registration failure)
$ git merge mac80211/master
Merge made by the 'recursive' strategy.
 net/wireless/wext-core.c | 5 ++++-
 1 file changed, 4 insertions(+), 1 deletion(-)
Merging sound-current/for-linus (6b94fb14fcff ALSA: dice: fix memory leak when unplugging)
$ git merge sound-current/for-linus
Merge made by the 'recursive' strategy.
 sound/core/timer.c                | 20 +++++++++++++-------
 sound/core/timer_compat.c         | 30 +++++++++++++++++++++++++++++-
 sound/firewire/dice/dice-stream.c | 14 ++++----------
 sound/pci/hda/patch_realtek.c     | 10 +++++++++-
 4 files changed, 55 insertions(+), 19 deletions(-)
Merging pci-current/for-linus (f55532a0c0b8 Linux 4.6-rc1)
$ git merge pci-current/for-linus
Already up-to-date.
Merging driver-core.current/driver-core-linus (1d02369dba2c Merge branch 'for-linus' of git://git.kernel.dk/linux-block)
$ git merge driver-core.current/driver-core-linus
Already up-to-date.
Merging tty.current/tty-linus (1d02369dba2c Merge branch 'for-linus' of git://git.kernel.dk/linux-block)
$ git merge tty.current/tty-linus
Already up-to-date.
Merging usb.current/usb-linus (1d02369dba2c Merge branch 'for-linus' of git://git.kernel.dk/linux-block)
$ git merge usb.current/usb-linus
Already up-to-date.
Merging usb-gadget-fixes/fixes (3b2435192fe9 MAINTAINERS: drop OMAP USB and MUSB maintainership)
$ git merge usb-gadget-fixes/fixes
Already up-to-date.
Merging usb-serial-fixes/usb-linus (f6cede5b49e8 Linux 4.5-rc7)
$ git merge usb-serial-fixes/usb-linus
Already up-to-date.
Merging usb-chipidea-fixes/ci-for-usb-stable (d144dfea8af7 usb: chipidea: otg: change workqueue ci_otg as freezable)
$ git merge usb-chipidea-fixes/ci-for-usb-stable
Already up-to-date.
Merging staging.current/staging-linus (f55532a0c0b8 Linux 4.6-rc1)
$ git merge staging.current/staging-linus
Already up-to-date.
Merging char-misc.current/char-misc-linus (5cd0911a9e0e Merge tag 'please-pull-pstore' of git://git.kernel.org/pub/scm/linux/kernel/git/aegl/linux)
$ git merge char-misc.current/char-misc-linus
Already up-to-date.
Merging input-current/for-linus (d314e9e80c5e Input: sur40 - fix DMA on stack)
$ git merge input-current/for-linus
Already up-to-date.
Merging crypto-current/master (e54358915d0a PKCS#7: pkcs7_validate_trust(): initialize the _trusted output argument)
$ git merge crypto-current/master
Auto-merging crypto/asymmetric_keys/pkcs7_trust.c
Merge made by the 'recursive' strategy.
 crypto/asymmetric_keys/pkcs7_trust.c | 2 ++
 1 file changed, 2 insertions(+)
Merging ide/master (0d7ef45cdeeb ide: palm_bk3710: test clock rate to avoid division by 0)
$ git merge ide/master
Already up-to-date.
Merging devicetree-current/devicetree/merge (f76502aa9140 of/dynamic: Fix test for PPC_PSERIES)
$ git merge devicetree-current/devicetree/merge
Already up-to-date.
Merging rr-fixes/fixes (8244062ef1e5 modules: fix longstanding /proc/kallsyms vs module insertion race.)
$ git merge rr-fixes/fixes
Already up-to-date.
Merging vfio-fixes/for-linus (8160c4e45582 vfio: fix ioctl error handling)
$ git merge vfio-fixes/for-linus
Already up-to-date.
Merging kselftest-fixes/fixes (92e963f50fc7 Linux 4.5-rc1)
$ git merge kselftest-fixes/fixes
Already up-to-date.
Merging backlight-fixes/for-backlight-fixes (68feaca0b13e backlight: pwm: Handle EPROBE_DEFER while requesting the PWM)
$ git merge backlight-fixes/for-backlight-fixes
Already up-to-date.
Merging ftrace-fixes/for-next-urgent (6224beb12e19 tracing: Have branch tracer use recursive field of task struct)
$ git merge ftrace-fixes/for-next-urgent
Already up-to-date.
Merging mfd-fixes/for-mfd-fixes (1b52e50f2a40 mfd: max77843: Fix max77843_chg_init() return on error)
$ git merge mfd-fixes/for-mfd-fixes
Already up-to-date.
Merging drm-intel-fixes/for-linux-next-fixes (b562e44f507e Linux 4.5)
$ git merge drm-intel-fixes/for-linux-next-fixes
Already up-to-date.
Merging asm-generic/master (a1cbaad75a8f asm-generic: remove old nonatomic-io wrapper files)
$ git merge asm-generic/master
Already up-to-date.
Merging arc/for-next (f55532a0c0b8 Linux 4.6-rc1)
$ git merge arc/for-next
Already up-to-date.
Merging arm/for-next (1b3bf847977c Merge branches 'amba', 'fixes', 'misc' and 'tauros2' into for-next)
$ git merge arm/for-next
Already up-to-date.
Merging arm-perf/for-next/perf (fe638401a091 arm64: perf: Extend ARMV8_EVTYPE_MASK to include PMCR.LC)
$ git merge arm-perf/for-next/perf
Already up-to-date.
Merging arm-soc/for-next (35fe688abfcf arm-soc: document merges)
$ git merge arm-soc/for-next
Merge made by the 'recursive' strategy.
 arch/arm/arm-soc-for-next-contents.txt | 313 +++++++++++++++++++++++++++++++++
 1 file changed, 313 insertions(+)
 create mode 100644 arch/arm/arm-soc-for-next-contents.txt
Merging at91/at91-next (772c75951fa9 Merge tag 'at91-fixes' into at91-next)
$ git merge at91/at91-next
Already up-to-date!
Merge made by the 'recursive' strategy.
Merging bcm2835-dt/bcm2835-dt-next (1305141d1a72 ARM: bcm2835: add bcm2835-aux-uart support to DT)
$ git merge bcm2835-dt/bcm2835-dt-next
Already up-to-date.
Merging bcm2835-soc/bcm2835-soc-next (92e963f50fc7 Linux 4.5-rc1)
$ git merge bcm2835-soc/bcm2835-soc-next
Already up-to-date.
Merging bcm2835-drivers/bcm2835-drivers-next (92e963f50fc7 Linux 4.5-rc1)
$ git merge bcm2835-drivers/bcm2835-drivers-next
Already up-to-date.
Merging bcm2835-defconfig/bcm2835-defconfig-next (0a05d3b71ada ARM: multi_v7_defconfig: Enable BCM283x)
$ git merge bcm2835-defconfig/bcm2835-defconfig-next
Already up-to-date.
Merging berlin/berlin/for-next (9a7e06833249 Merge branch 'berlin/fixes' into berlin/for-next)
$ git merge berlin/berlin/for-next
Already up-to-date!
Merge made by the 'recursive' strategy.
Merging cortex-m/for-next (f719a0d6a854 ARM: efm32: switch to vendor,device compatible strings)
$ git merge cortex-m/for-next
Already up-to-date.
Merging imx-mxs/for-next (9e26d5f485d7 Merge branch 'imx/defconfig' into for-next)
$ git merge imx-mxs/for-next
Already up-to-date!
Merge made by the 'recursive' strategy.
Merging keystone/next (1bdd5a9b339c ARM: dts: k2*: Rename the k2* files to keystone-k2* files)
$ git merge keystone/next
Auto-merging arch/arm/boot/dts/keystone-k2l.dtsi
Auto-merging arch/arm/boot/dts/keystone-k2l-evm.dts
Auto-merging arch/arm/boot/dts/keystone-k2hk.dtsi
Auto-merging arch/arm/boot/dts/keystone-k2hk-evm.dts
Auto-merging arch/arm/boot/dts/keystone-k2e.dtsi
Auto-merging arch/arm/boot/dts/keystone-k2e-evm.dts
Auto-merging arch/arm/boot/dts/Makefile
Auto-merging MAINTAINERS
Merge made by the 'recursive' strategy.
 MAINTAINERS                                                       | 2 +-
 arch/arm/boot/dts/Makefile                                        | 6 +++---
 arch/arm/boot/dts/{k2e-clocks.dtsi => keystone-k2e-clocks.dtsi}   | 0
 arch/arm/boot/dts/{k2e-evm.dts => keystone-k2e-evm.dts}           | 2 +-
 arch/arm/boot/dts/{k2e-netcp.dtsi => keystone-k2e-netcp.dtsi}     | 0
 arch/arm/boot/dts/{k2e.dtsi => keystone-k2e.dtsi}                 | 4 ++--
 arch/arm/boot/dts/{k2hk-clocks.dtsi => keystone-k2hk-clocks.dtsi} | 0
 arch/arm/boot/dts/{k2hk-evm.dts => keystone-k2hk-evm.dts}         | 2 +-
 arch/arm/boot/dts/{k2hk-netcp.dtsi => keystone-k2hk-netcp.dtsi}   | 0
 arch/arm/boot/dts/{k2hk.dtsi => keystone-k2hk.dtsi}               | 4 ++--
 arch/arm/boot/dts/{k2l-clocks.dtsi => keystone-k2l-clocks.dtsi}   | 0
 arch/arm/boot/dts/{k2l-evm.dts => keystone-k2l-evm.dts}           | 2 +-
 arch/arm/boot/dts/{k2l-netcp.dtsi => keystone-k2l-netcp.dtsi}     | 0
 arch/arm/boot/dts/{k2l.dtsi => keystone-k2l.dtsi}                 | 4 ++--
 14 files changed, 13 insertions(+), 13 deletions(-)
 rename arch/arm/boot/dts/{k2e-clocks.dtsi => keystone-k2e-clocks.dtsi} (100%)
 rename arch/arm/boot/dts/{k2e-evm.dts => keystone-k2e-evm.dts} (98%)
 rename arch/arm/boot/dts/{k2e-netcp.dtsi => keystone-k2e-netcp.dtsi} (100%)
 rename arch/arm/boot/dts/{k2e.dtsi => keystone-k2e.dtsi} (97%)
 rename arch/arm/boot/dts/{k2hk-clocks.dtsi => keystone-k2hk-clocks.dtsi} (100%)
 rename arch/arm/boot/dts/{k2hk-evm.dts => keystone-k2hk-evm.dts} (99%)
 rename arch/arm/boot/dts/{k2hk-netcp.dtsi => keystone-k2hk-netcp.dtsi} (100%)
 rename arch/arm/boot/dts/{k2hk.dtsi => keystone-k2hk.dtsi} (96%)
 rename arch/arm/boot/dts/{k2l-clocks.dtsi => keystone-k2l-clocks.dtsi} (100%)
 rename arch/arm/boot/dts/{k2l-evm.dts => keystone-k2l-evm.dts} (98%)
 rename arch/arm/boot/dts/{k2l-netcp.dtsi => keystone-k2l-netcp.dtsi} (100%)
 rename arch/arm/boot/dts/{k2l.dtsi => keystone-k2l.dtsi} (96%)
Merging mvebu/for-next (5be603bdf1a7 Merge branch 'mvebu/dt64' into mvebu/for-next)
$ git merge mvebu/for-next
Merge made by the 'recursive' strategy.
Merging omap/for-next (aec24f100558 Merge branch 'omap-for-v4.6/fixes-not-urgent' into for-next)
$ git merge omap/for-next
Resolved 'arch/arm/boot/dts/logicpd-torpedo-som.dtsi' using previous resolution.
Auto-merging arch/arm/boot/dts/logicpd-torpedo-som.dtsi
CONFLICT (content): Merge conflict in arch/arm/boot/dts/logicpd-torpedo-som.dtsi
Automatic merge failed; fix conflicts and then commit the result.
$ git commit -v -a
[master 595cc11efcde] Merge remote-tracking branch 'omap/for-next'
$ git diff -M --stat --summary HEAD^..
 arch/arm/boot/dts/dm814x-clocks.dtsi       | 243 +++++++++++++++++++++++++----
 arch/arm/boot/dts/dra62x-clocks.dtsi       |  26 +++
 arch/arm/mach-omap2/omap_hwmod_81xx_data.c |   2 +
 3 files changed, 240 insertions(+), 31 deletions(-)
Merging omap-pending/for-next (3ca4a238106d ARM: OMAP2+: hwmod: Fix updating of sysconfig register)
$ git merge omap-pending/for-next
Merge made by the 'recursive' strategy.
 arch/arm/mach-omap2/omap_hwmod.c | 8 ++++----
 1 file changed, 4 insertions(+), 4 deletions(-)
Merging qcom/for-next (f17d0d578214 ARM: dts: msm8974: Add SCM firmware node)
$ git merge qcom/for-next
Resolved 'MAINTAINERS' using previous resolution.
Auto-merging arch/arm/Makefile
Auto-merging MAINTAINERS
CONFLICT (content): Merge conflict in MAINTAINERS
Automatic merge failed; fix conflicts and then commit the result.
$ git commit -v -a
[master 5612ce7e8615] Merge remote-tracking branch 'qcom/for-next'
$ git diff -M --stat --summary HEAD^..
 .../devicetree/bindings/firmware/qcom,scm.txt      |  25 ++
 MAINTAINERS                                        |   3 +
 arch/arm/Makefile                                  |   3 +-
 arch/arm/boot/dts/qcom-msm8974.dtsi                |  11 +
 arch/arm/mach-qcom/Kconfig                         |  17 +-
 drivers/firmware/qcom_scm-32.c                     |  82 +++++++
 drivers/firmware/qcom_scm-64.c                     |  25 ++
 drivers/firmware/qcom_scm.c                        | 271 ++++++++++++++++++++-
 drivers/firmware/qcom_scm.h                        |  12 +
 drivers/soc/qcom/smd.c                             | 229 ++++++++++++-----
 drivers/soc/qcom/smp2p.c                           |   2 +-
 drivers/soc/qcom/spm.c                             |   8 +-
 include/linux/qcom_scm.h                           |   6 +
 include/linux/soc/qcom/smd.h                       |   8 +-
 include/linux/soc/qcom/smem_state.h                |  35 +++
 15 files changed, 655 insertions(+), 82 deletions(-)
 create mode 100644 Documentation/devicetree/bindings/firmware/qcom,scm.txt
Merging renesas/next (301c9ed92b8f Merge branches 'heads/arm64-cleanup-for-v4.7', 'heads/arm64-dt-for-v4.7', 'heads/cleanup-for-v4.7', 'heads/defconfig-for-v4.7', 'heads/drivers-for-v4.7', 'heads/dt-for-v4.7' and 'heads/simple-pm-bus-for-v4.7' into next)
$ git merge renesas/next
Merge made by the 'recursive' strategy.
 arch/arm/boot/dts/emev2-kzm9d.dts                  |   4 +-
 arch/arm/boot/dts/r7s72100.dtsi                    |  15 +-
 arch/arm/boot/dts/r8a73a4-ape6evm.dts              |  20 +-
 arch/arm/boot/dts/r8a73a4.dtsi                     |  75 ++----
 arch/arm/boot/dts/r8a7740-armadillo800eva.dts      |  34 +--
 arch/arm/boot/dts/r8a7740.dtsi                     |  57 ++---
 arch/arm/boot/dts/r8a7778-bockw.dts                |  40 +--
 arch/arm/boot/dts/r8a7778.dtsi                     |  21 +-
 arch/arm/boot/dts/r8a7779-marzen.dts               |  36 +--
 arch/arm/boot/dts/r8a7779.dtsi                     |  17 +-
 arch/arm/boot/dts/r8a7790-lager.dts                |  95 ++++----
 arch/arm/boot/dts/r8a7790.dtsi                     | 242 ++++++++++---------
 arch/arm/boot/dts/r8a7791-koelsch.dts              |  71 +++---
 arch/arm/boot/dts/r8a7791-porter.dts               |  63 +++--
 arch/arm/boot/dts/r8a7791.dtsi                     | 232 +++++++++---------
 arch/arm/boot/dts/r8a7793-gose.dts                 |  43 ++--
 arch/arm/boot/dts/r8a7793.dtsi                     | 204 ++++++++++------
 arch/arm/boot/dts/r8a7794-alt.dts                  |  32 +--
 arch/arm/boot/dts/r8a7794-silk.dts                 |  44 ++--
 arch/arm/boot/dts/r8a7794.dtsi                     | 267 +++++++++++++--------
 arch/arm/boot/dts/sh73a0-kzm9g.dts                 |  30 +--
 arch/arm/boot/dts/sh73a0.dtsi                      |  89 +++----
 arch/arm/configs/multi_v7_defconfig                |   2 +
 arch/arm/configs/shmobile_defconfig                |   3 +
 arch/arm/mach-shmobile/timer.c                     |  26 +-
 arch/arm64/boot/dts/renesas/r8a7795-salvator-x.dts |  46 ++--
 arch/arm64/boot/dts/renesas/r8a7795.dtsi           |  42 +++-
 drivers/bus/Kconfig                                |   2 +-
 include/dt-bindings/clock/r8a7790-clock.h          |   1 +
 include/dt-bindings/clock/r8a7794-clock.h          |   5 +
 30 files changed, 968 insertions(+), 890 deletions(-)
Merging rockchip/for-next (1ee969dbc199 Merge branch 'v4.6-armsoc/dts64-fixes' into for-next)
$ git merge rockchip/for-next
Merge made by the 'recursive' strategy.
 arch/arm/mach-rockchip/platsmp.c             | 2 +-
 arch/arm64/boot/dts/rockchip/rk3368-evb.dtsi | 2 +-
 arch/arm64/boot/dts/rockchip/rk3368-r88.dts  | 2 +-
 3 files changed, 3 insertions(+), 3 deletions(-)
Merging rpi/for-rpi-next (bc0195aad0da Linux 4.2-rc2)
$ git merge rpi/for-rpi-next
Already up-to-date.
Merging samsung/for-next (92e963f50fc7 Linux 4.5-rc1)
$ git merge samsung/for-next
Already up-to-date.
Merging samsung-krzk/for-next (466369e4e14b Merge branch 'next/defconfig' into for-next)
$ git merge samsung-krzk/for-next
Already up-to-date!
Merge made by the 'recursive' strategy.
Merging sunxi/sunxi/for-next (93a96dc4ccc1 Merge branches 'sunxi/dt-for-4.7', 'sunxi/clocks-for-4.7' and 'sunxi/fixes-for-4.6' into sunxi/for-next)
$ git merge sunxi/sunxi/for-next
Auto-merging arch/arm/boot/dts/Makefile
Merge made by the 'recursive' strategy.
 arch/arm/boot/dts/Makefile                         |   6 +
 arch/arm/boot/dts/sun4i-a10-a1000.dts              |  24 ++
 arch/arm/boot/dts/sun4i-a10-dserve-dsrv9703c.dts   | 281 +++++++++++++++++++++
 arch/arm/boot/dts/sun4i-a10.dtsi                   |  33 ++-
 arch/arm/boot/dts/sun5i-a13-difrnce-dit4350.dts    | 226 +++++++++++++++++
 .../boot/dts/sun5i-a13-empire-electronix-d709.dts  |  19 +-
 arch/arm/boot/dts/sun5i-a13-inet-98v-rev2.dts      |  15 --
 arch/arm/boot/dts/sun5i-a13-olinuxino-micro.dts    |  41 +++
 arch/arm/boot/dts/sun6i-a31s-colorfly-e708-q1.dts  | 208 +++++++++++++++
 arch/arm/boot/dts/sun7i-a20-itead-ibox.dts         |  24 ++
 arch/arm/boot/dts/sun7i-a20.dtsi                   |  36 ++-
 arch/arm/boot/dts/sun8i-a23-gt90h-v4.dts           | 120 ++++++++-
 .../boot/dts/sun8i-a23-polaroid-mid2809pxe04.dts   | 243 ++++++++++++++++++
 arch/arm/boot/dts/sun8i-h3-orangepi-2.dts          | 186 ++++++++++++++
 arch/arm/boot/dts/sun8i-h3-orangepi-pc.dts         | 167 ++++++++++++
 arch/arm/boot/dts/sun8i-h3-orangepi-plus.dts       | 105 +++-----
 arch/arm/boot/dts/sun8i-h3.dtsi                    | 123 +++++++++
 arch/arm/boot/dts/sun8i-q8-common.dtsi             |   2 -
 drivers/clk/sunxi/clk-a10-mod1.c                   |   2 +-
 19 files changed, 1747 insertions(+), 114 deletions(-)
 create mode 100644 arch/arm/boot/dts/sun4i-a10-dserve-dsrv9703c.dts
 create mode 100644 arch/arm/boot/dts/sun5i-a13-difrnce-dit4350.dts
 create mode 100644 arch/arm/boot/dts/sun6i-a31s-colorfly-e708-q1.dts
 create mode 100644 arch/arm/boot/dts/sun8i-a23-polaroid-mid2809pxe04.dts
 create mode 100644 arch/arm/boot/dts/sun8i-h3-orangepi-2.dts
 create mode 100644 arch/arm/boot/dts/sun8i-h3-orangepi-pc.dts
Merging tegra/for-next (755f165105b1 Merge branch for-4.6/arm64 into for-next)
$ git merge tegra/for-next
Auto-merging drivers/gpu/drm/tegra/drm.h
Auto-merging arch/arm64/boot/dts/nvidia/tegra210.dtsi
Auto-merging arch/arm64/boot/dts/nvidia/tegra132.dtsi
Auto-merging arch/arm64/boot/dts/nvidia/tegra132-norrin.dts
Merge made by the 'recursive' strategy.
 .../bindings/arm/tegra/nvidia,tegra20-pmc.txt      |  12 +-
 arch/arm/boot/dts/tegra114-dalmore.dts             |   2 +-
 arch/arm/boot/dts/tegra114-roth.dts                |   2 +-
 arch/arm/boot/dts/tegra114-tn7.dts                 |   2 +-
 arch/arm/boot/dts/tegra114.dtsi                    |   4 +-
 arch/arm/boot/dts/tegra124-jetson-tk1.dts          |  28 +++-
 arch/arm/boot/dts/tegra124-nyan.dtsi               |   4 +-
 arch/arm/boot/dts/tegra124-venice2.dts             |   2 +-
 arch/arm/boot/dts/tegra124.dtsi                    |   4 +-
 arch/arm/boot/dts/tegra20-harmony.dts              |   2 +-
 arch/arm/boot/dts/tegra20-paz00.dts                |   2 +-
 arch/arm/boot/dts/tegra20-seaboard.dts             |   4 +-
 arch/arm/boot/dts/tegra20-trimslice.dts            |   2 +-
 arch/arm/boot/dts/tegra20-ventana.dts              |   2 +-
 arch/arm/boot/dts/tegra20-whistler.dts             |   2 +-
 arch/arm/boot/dts/tegra20.dtsi                     |   2 +-
 arch/arm/boot/dts/tegra30-apalis-eval.dts          |   2 +-
 arch/arm/boot/dts/tegra30-cardhu.dtsi              |   2 +-
 arch/arm/boot/dts/tegra30-colibri-eval-v3.dts      |   2 +-
 arch/arm/boot/dts/tegra30.dtsi                     |   2 +-
 arch/arm/mach-tegra/platsmp.c                      |  16 +--
 arch/arm64/boot/dts/nvidia/Makefile                |   1 +
 arch/arm64/boot/dts/nvidia/tegra132-norrin.dts     |   4 +-
 arch/arm64/boot/dts/nvidia/tegra132.dtsi           |   2 +-
 arch/arm64/boot/dts/nvidia/tegra210-p2597.dtsi     |  26 ++++
 arch/arm64/boot/dts/nvidia/tegra210-smaug.dts      | 126 +++++++++++++++++
 arch/arm64/boot/dts/nvidia/tegra210.dtsi           |   2 +-
 drivers/gpu/drm/tegra/drm.h                        |   2 +-
 drivers/soc/tegra/Kconfig                          |   2 -
 drivers/soc/tegra/pmc.c                            | 150 +++++++++++++--------
 include/soc/tegra/pmc.h                            |  35 ++---
 31 files changed, 330 insertions(+), 120 deletions(-)
 create mode 100644 arch/arm64/boot/dts/nvidia/tegra210-smaug.dts
Merging arm64/for-next/core (691b1e2ebf72 arm64: mm: allow preemption in copy_to_user_page)
$ git merge arm64/for-next/core
Already up-to-date.
Merging blackfin/for-linus (391e74a51ea2 eth: bf609 eth clock: add pclk clock for stmmac driver probe)
$ git merge blackfin/for-linus
Resolved 'arch/blackfin/mach-common/pm.c' using previous resolution.
Auto-merging arch/blackfin/mach-common/pm.c
CONFLICT (content): Merge conflict in arch/blackfin/mach-common/pm.c
Automatic merge failed; fix conflicts and then commit the result.
$ git commit -v -a
[master 33547dad8bbc] Merge remote-tracking branch 'blackfin/for-linus'
$ git diff -M --stat --summary HEAD^..
Merging c6x/for-linux-next (ca3060d39ae7 c6x: Use generic clkdev.h header)
$ git merge c6x/for-linux-next
Already up-to-date.
Merging cris/for-next (f9f3f864b5e8 cris: Fix section mismatches in architecture startup code)
$ git merge cris/for-next
Already up-to-date.
Merging h8300/h8300-next (8cad489261c5 h8300: switch EARLYCON)
$ git merge h8300/h8300-next
Already up-to-date.
Merging hexagon/linux-next (02cc2ccfe771 Revert "Hexagon: fix signal.c compile error")
$ git merge hexagon/linux-next
Already up-to-date.
Merging ia64/next (7e26e9ff0a93 pstore: Fix return type of pstore_is_mounted())
$ git merge ia64/next
Already up-to-date.
Merging m68k/for-next (efbec135f11d m68k: Fix misspellings in comments.)
$ git merge m68k/for-next
Already up-to-date.
Merging m68knommu/for-next (a3595962d824 m68knommu: remove obsolete 68360 support)
$ git merge m68knommu/for-next
Already up-to-date.
Merging metag/for-next (c8b6ad8b3f87 metag: ftrace: remove the misleading comment for ftrace_dyn_arch_init)
$ git merge metag/for-next
Auto-merging arch/metag/kernel/ftrace.c
Merge made by the 'recursive' strategy.
 arch/metag/kernel/ftrace.c | 1 -
 1 file changed, 1 deletion(-)
Merging microblaze/next (10f4b26deb41 microblaze/PCI: export isa_io_base to fix link errors)
$ git merge microblaze/next
Auto-merging arch/microblaze/pci/pci-common.c
Merge made by the 'recursive' strategy.
 arch/microblaze/include/asm/unistd.h      | 2 +-
 arch/microblaze/include/uapi/asm/unistd.h | 3 +++
 arch/microblaze/kernel/syscall_table.S    | 3 +++
 arch/microblaze/pci/pci-common.c          | 2 ++
 4 files changed, 9 insertions(+), 1 deletion(-)
Merging mips/mips-for-linux-next (0d1bf28a395e Merge branch '4.6-fixes' into mips-for-linux-next)
$ git merge mips/mips-for-linux-next
Auto-merging drivers/firmware/broadcom/bcm47xx_sprom.c
Auto-merging Documentation/devicetree/bindings/vendor-prefixes.txt
Merge made by the 'recursive' strategy.
 .../devicetree/bindings/clock/qca,ath79-pll.txt    |   6 +-
 .../devicetree/bindings/mips/cavium/ciu3.txt       |  27 +
 .../devicetree/bindings/vendor-prefixes.txt        |   3 +
 arch/mips/Kconfig                                  |   7 +-
 arch/mips/alchemy/common/dbdma.c                   |   4 +-
 arch/mips/ath79/Kconfig                            |  12 -
 arch/mips/ath79/clock.c                            | 241 +++++---
 arch/mips/ath79/setup.c                            |  65 +-
 arch/mips/bcm47xx/Makefile                         |   2 +-
 arch/mips/bcm47xx/bcm47xx_private.h                |   3 -
 arch/mips/bcm47xx/setup.c                          |   2 +-
 arch/mips/boot/compressed/Makefile                 |  12 +-
 .../boot/dts/cavium-octeon/dlink_dsr-1000n.dts     |  78 +++
 arch/mips/boot/dts/cavium-octeon/octeon_3xxx.dts   | 205 +------
 arch/mips/boot/dts/cavium-octeon/octeon_3xxx.dtsi  | 231 +++++++
 arch/mips/boot/dts/cavium-octeon/ubnt_e100.dts     |  59 ++
 arch/mips/boot/dts/qca/Makefile                    |   7 +-
 arch/mips/boot/dts/qca/ar9132.dtsi                 |  19 +-
 arch/mips/boot/dts/qca/ar9132_tl_wr1043nd_v1.dts   | 100 ++-
 arch/mips/boot/dts/qca/ar9331.dtsi                 | 155 +++++
 arch/mips/boot/dts/qca/ar9331_dpt_module.dts       |  78 +++
 arch/mips/boot/dts/qca/ar9331_dragino_ms14.dts     | 102 ++++
 arch/mips/boot/dts/qca/ar9331_omega.dts            |  78 +++
 arch/mips/boot/dts/qca/ar9331_tl_mr3020.dts        | 118 ++++
 arch/mips/cavium-octeon/csrc-octeon.c              |  13 +-
 .../executive/cvmx-interrupt-decodes.c             |  14 +-
 arch/mips/cavium-octeon/executive/cvmx-pko.c       |   2 +-
 arch/mips/cavium-octeon/executive/cvmx-sysinfo.c   |  72 +--
 arch/mips/cavium-octeon/executive/octeon-model.c   |  82 ++-
 arch/mips/cavium-octeon/octeon-irq.c               | 679 ++++++++++++++++++++-
 arch/mips/cavium-octeon/octeon-platform.c          |  94 ++-
 arch/mips/cavium-octeon/setup.c                    |  86 ++-
 arch/mips/cavium-octeon/smp.c                      | 153 ++++-
 arch/mips/configs/ci20_defconfig                   |  14 +-
 arch/mips/dec/int-handler.S                        |   2 +-
 arch/mips/fw/arc/memory.c                          |   2 +-
 arch/mips/include/asm/cpu-features.h               |   4 +
 arch/mips/include/asm/cpu-info.h                   |   4 +-
 arch/mips/include/asm/cpu-type.h                   |   5 +
 arch/mips/include/asm/cpu.h                        |   9 +-
 arch/mips/include/asm/elf.h                        |   5 +
 arch/mips/include/asm/highmem.h                    |   4 +-
 arch/mips/include/asm/irq_regs.h                   |  10 +
 .../asm/mach-cavium-octeon/kernel-entry-init.h     |   2 +-
 .../include/asm/mach-generic/kernel-entry-init.h   |   2 +-
 arch/mips/include/asm/mach-ip27/irq.h              |   2 +-
 .../mips/include/asm/mach-ip27/kernel-entry-init.h |   2 +-
 arch/mips/include/asm/mach-jz4740/gpio.h           |   2 +-
 arch/mips/include/asm/mips-cm.h                    |   8 +-
 arch/mips/include/asm/mips-cpc.h                   |   3 +
 arch/mips/include/asm/mips-r2-to-r6-emul.h         |   2 +-
 arch/mips/include/asm/mipsregs.h                   |   1 +
 arch/mips/include/asm/octeon/cvmx-bootinfo.h       |  16 +-
 arch/mips/include/asm/octeon/cvmx-ciu3-defs.h      | 353 +++++++++++
 arch/mips/include/asm/octeon/cvmx-config.h         |   2 +-
 arch/mips/include/asm/octeon/cvmx-coremask.h       |  89 +++
 arch/mips/include/asm/octeon/cvmx-fpa-defs.h       |   1 +
 arch/mips/include/asm/octeon/cvmx-mio-defs.h       | 410 ++++++++++++-
 arch/mips/include/asm/octeon/cvmx-sysinfo.h        |  37 +-
 arch/mips/include/asm/octeon/cvmx.h                |  29 +-
 arch/mips/include/asm/octeon/octeon-feature.h      |  19 +-
 arch/mips/include/asm/octeon/octeon-model.h        |   5 +
 arch/mips/include/asm/octeon/octeon.h              |  25 +
 arch/mips/include/asm/pci/bridge.h                 |  18 +-
 arch/mips/include/asm/processor.h                  |   8 +
 arch/mips/include/asm/sgi/hpc3.h                   |   2 +-
 arch/mips/include/asm/sgiarcs.h                    |   4 +-
 arch/mips/include/asm/smp-cps.h                    |   2 +-
 arch/mips/include/asm/sn/ioc3.h                    |   2 +-
 arch/mips/include/asm/sn/sn0/hubio.h               |   2 +-
 arch/mips/include/asm/uaccess.h                    |   2 +-
 arch/mips/kernel/cps-vec.S                         | 296 +++++----
 arch/mips/kernel/cpu-probe.c                       |  13 +
 arch/mips/kernel/mips-cm.c                         |   2 +-
 arch/mips/kernel/mips-r2-to-r6-emul.c              |  12 +-
 arch/mips/kernel/module-rela.c                     |  75 ++-
 arch/mips/kernel/module.c                          |  77 ++-
 arch/mips/kernel/perf_event_mipsxx.c               |   8 +-
 arch/mips/kernel/pm-cps.c                          |  17 +-
 arch/mips/kernel/process.c                         |  10 +-
 arch/mips/kernel/smp-cps.c                         |  64 +-
 arch/mips/kernel/smp.c                             |  12 +
 arch/mips/kernel/spram.c                           |   1 +
 arch/mips/kernel/traps.c                           |  33 +-
 arch/mips/kvm/tlb.c                                |   2 +-
 arch/mips/kvm/trap_emul.c                          |   2 +-
 arch/mips/lantiq/Kconfig                           |  12 +-
 arch/mips/lantiq/prom.c                            |  13 +-
 arch/mips/lantiq/xway/reset.c                      |   2 +-
 arch/mips/loongson64/loongson-3/smp.c              |   1 -
 arch/mips/math-emu/ieee754dp.c                     |   6 +-
 arch/mips/math-emu/ieee754sp.c                     |   6 +-
 arch/mips/mm/c-r4k.c                               |   2 +
 arch/mips/mm/sc-ip22.c                             |   2 +-
 arch/mips/mm/sc-mips.c                             |   1 +
 arch/mips/mm/tlb-r4k.c                             |   5 +
 arch/mips/mm/tlbex.c                               |   2 +-
 arch/mips/pmcs-msp71xx/msp_setup.c                 |   2 +-
 arch/mips/ralink/reset.c                           |   2 +-
 arch/mips/sgi-ip27/ip27-memory.c                   |   2 +-
 arch/mips/vr41xx/common/pmu.c                      |   2 +-
 drivers/firmware/broadcom/Kconfig                  |  11 +
 drivers/firmware/broadcom/Makefile                 |   1 +
 .../firmware/broadcom/bcm47xx_sprom.c              |  31 +-
 drivers/irqchip/irq-mips-gic.c                     |  22 +-
 include/dt-bindings/clock/ath79-clk.h              |  19 +
 include/linux/bcm47xx_sprom.h                      |  24 +
 include/linux/irqchip/mips-gic.h                   |  17 +
 tools/testing/selftests/seccomp/seccomp_bpf.c      |  30 +-
 109 files changed, 3892 insertions(+), 865 deletions(-)
 create mode 100644 Documentation/devicetree/bindings/mips/cavium/ciu3.txt
 create mode 100644 arch/mips/boot/dts/cavium-octeon/dlink_dsr-1000n.dts
 create mode 100644 arch/mips/boot/dts/cavium-octeon/octeon_3xxx.dtsi
 create mode 100644 arch/mips/boot/dts/cavium-octeon/ubnt_e100.dts
 create mode 100644 arch/mips/boot/dts/qca/ar9331.dtsi
 create mode 100644 arch/mips/boot/dts/qca/ar9331_dpt_module.dts
 create mode 100644 arch/mips/boot/dts/qca/ar9331_dragino_ms14.dts
 create mode 100644 arch/mips/boot/dts/qca/ar9331_omega.dts
 create mode 100644 arch/mips/boot/dts/qca/ar9331_tl_mr3020.dts
 create mode 100644 arch/mips/include/asm/octeon/cvmx-ciu3-defs.h
 create mode 100644 arch/mips/include/asm/octeon/cvmx-coremask.h
 rename arch/mips/bcm47xx/sprom.c => drivers/firmware/broadcom/bcm47xx_sprom.c (97%)
 create mode 100644 include/dt-bindings/clock/ath79-clk.h
 create mode 100644 include/linux/bcm47xx_sprom.h
Merging nios2/for-next (8e3d7c834ba0 nios2: fix cache coherency)
$ git merge nios2/for-next
Already up-to-date.
Merging parisc-hd/for-next (b562e44f507e Linux 4.5)
$ git merge parisc-hd/for-next
Already up-to-date.
Merging powerpc/next (6e669f085d59 powerpc: Fix unrecoverable SLB miss during restore_math())
$ git merge powerpc/next
Already up-to-date.
Merging powerpc-mpe/next (bc0195aad0da Linux 4.2-rc2)
$ git merge powerpc-mpe/next
Already up-to-date.
Merging fsl/next (fba4e9f9898a powerpc/fsl/dts: Add "jedec,spi-nor" flash compatible)
$ git merge fsl/next
Already up-to-date.
Merging mpc5xxx/next (39e69f55f857 powerpc: Introduce the use of the managed version of kzalloc)
$ git merge mpc5xxx/next
Already up-to-date.
Merging s390/features (37da5234dfa8 s390: wire up preadv2/pwritev2 syscalls)
$ git merge s390/features
Auto-merging arch/s390/mm/gup.c
Auto-merging arch/s390/Kconfig
Merge made by the 'recursive' strategy.
 arch/s390/Kconfig                   |   3 +
 arch/s390/crypto/prng.c             |   2 +
 arch/s390/include/asm/cache.h       |   3 +
 arch/s390/include/uapi/asm/unistd.h |   4 +-
 arch/s390/kernel/perf_cpum_cf.c     |   1 +
 arch/s390/kernel/perf_cpum_sf.c     |   2 +-
 arch/s390/kernel/syscalls.S         |   2 +
 arch/s390/mm/gup.c                  |   8 +-
 arch/s390/mm/init.c                 |  10 +-
 arch/s390/pci/pci_clp.c             |   3 +-
 drivers/s390/block/dasd.c           |  56 +++++++++
 drivers/s390/block/dasd_alias.c     | 226 +++++++++---------------------------
 drivers/s390/block/dasd_devmap.c    |  27 +++++
 drivers/s390/block/dasd_eckd.c      | 202 ++++++++++++++++++++++++++++++--
 drivers/s390/block/dasd_eckd.h      |  36 +++++-
 drivers/s390/block/dasd_int.h       |   5 +
 16 files changed, 396 insertions(+), 194 deletions(-)
Merging sparc-next/master (9f935675d41a Merge branch 'for-linus' of git://git.kernel.org/pub/scm/linux/kernel/git/dtor/input)
$ git merge sparc-next/master
Already up-to-date.
Merging tile/master (35b90a2939a5 tile: Fix misspellings in comments.)
$ git merge tile/master
Already up-to-date.
Merging uml/linux-next (ad32a1f3c36b um: use %lx format specifiers for unsigned longs)
$ git merge uml/linux-next
Already up-to-date.
Merging unicore32/unicore32 (d670878e2c9a unicore32: Remove ARCH_HAS_CPUFREQ config option)
$ git merge unicore32/unicore32
Already up-to-date.
Merging xtensa/for_next (9da8320bb977 xtensa: add test_kc705_hifi variant)
$ git merge xtensa/for_next
Already up-to-date.
Merging btrfs/next (bb7ab3b92e46 btrfs: Fix misspellings in comments.)
$ git merge btrfs/next
Already up-to-date.
Merging btrfs-kdave/for-next (2f06df5ab100 Merge branch 'for-next-4.6-20160324' into for-next-20160324)
$ git merge btrfs-kdave/for-next
Auto-merging fs/btrfs/disk-io.c
Merge made by the 'recursive' strategy.
 fs/btrfs/ctree.c           |   6 +-
 fs/btrfs/ctree.h           |  81 +++++------
 fs/btrfs/dev-replace.c     |  28 +---
 fs/btrfs/disk-io.c         |  53 +++----
 fs/btrfs/extent-tree.c     |  64 +++++----
 fs/btrfs/extent_io.c       |  39 ++++--
 fs/btrfs/file.c            |   9 +-
 fs/btrfs/inode-item.c      |   2 +-
 fs/btrfs/inode.c           | 264 ++++++++++++++++++++++++++++++++++-
 fs/btrfs/ioctl.c           |  66 ++++++++-
 fs/btrfs/relocation.c      |   3 +-
 fs/btrfs/root-tree.c       |   4 +-
 fs/btrfs/super.c           |  22 ++-
 fs/btrfs/transaction.c     |   2 +-
 fs/btrfs/tree-log.c        |   8 +-
 fs/btrfs/volumes.c         | 335 ++++++++++++++++++++++-----------------------
 fs/btrfs/volumes.h         |   7 +-
 include/uapi/linux/btrfs.h |  15 +-
 18 files changed, 666 insertions(+), 342 deletions(-)
Merging ceph/master (7c886661dc31 libceph: use KMEM_CACHE macro)
$ git merge ceph/master
Auto-merging drivers/block/rbd.c
Merge made by the 'recursive' strategy.
 drivers/block/rbd.c | 2 +-
 1 file changed, 1 insertion(+), 1 deletion(-)
Merging cifs/for-next (b562e44f507e Linux 4.5)
$ git merge cifs/for-next
Already up-to-date.
Merging configfs/for-next (96c22a329351 configfs: fix CONFIGFS_BIN_ATTR_[RW]O definitions)
$ git merge configfs/for-next
Merge made by the 'recursive' strategy.
 include/linux/configfs.h | 4 ++--
 1 file changed, 2 insertions(+), 2 deletions(-)
Merging ecryptfs/next (933c32fe0e42 ecryptfs: drop null test before destroy functions)
$ git merge ecryptfs/next
Auto-merging fs/ecryptfs/main.c
Merge made by the 'recursive' strategy.
 fs/ecryptfs/main.c | 3 +--
 1 file changed, 1 insertion(+), 2 deletions(-)
Merging ext3/for_next (ab73ef46398e quota: Fix possible GPF due to uninitialised pointers)
$ git merge ext3/for_next
Already up-to-date.
Merging ext4/dev (3d43bcfef5f0 ext4 crypto: use dget_parent() in ext4_d_revalidate())
$ git merge ext4/dev
Auto-merging include/linux/fs.h
Auto-merging fs/nfs/nfs4file.c
Auto-merging fs/nfs/inode.c
Merge made by the 'recursive' strategy.
 fs/dcache.c            |  5 ++++-
 fs/ext4/crypto.c       | 49 +++++++++++++++++++++++++++++--------------------
 fs/ext4/ext4.h         |  6 ++++--
 fs/ext4/file.c         | 12 ++++++++----
 fs/ext4/page-io.c      | 14 +++++++++++++-
 fs/ext4/readpage.c     |  2 +-
 fs/ext4/xattr.c        | 32 ++++++++++++++++++++++++++++----
 fs/nfs/dir.c           |  6 +++---
 fs/nfs/inode.c         |  2 +-
 fs/nfs/nfs4file.c      |  4 ++--
 fs/overlayfs/super.c   | 33 +++++++++++++++++++++++++++++++++
 include/linux/dcache.h | 10 ++++++++++
 include/linux/fs.h     | 10 ++++++++++
 13 files changed, 146 insertions(+), 39 deletions(-)
Merging f2fs/dev (f55532a0c0b8 Linux 4.6-rc1)
$ git merge f2fs/dev
Already up-to-date.
Merging fscache/fscache (b00c2ae2ed3c FS-Cache: Don't override netfs's primary_index if registering failed)
$ git merge fscache/fscache
Merge made by the 'recursive' strategy.
Merging fuse/for-next (742f992708df fuse: return patrial success from fuse_direct_io())
$ git merge fuse/for-next
Already up-to-date.
Merging gfs2/for-next (3e11e5304150 GFS2: ignore unlock failures after withdraw)
$ git merge gfs2/for-next
Merge made by the 'recursive' strategy.
 fs/gfs2/glock.c | 9 ++++++++-
 fs/gfs2/util.c  | 1 +
 2 files changed, 9 insertions(+), 1 deletion(-)
Merging jfs/jfs-next (26456955719b jfs: clean up jfs_rename and fix out of order unlock)
$ git merge jfs/jfs-next
Already up-to-date.
Merging nfs/linux-next (f55532a0c0b8 Linux 4.6-rc1)
$ git merge nfs/linux-next
Already up-to-date.
Merging nfsd/nfsd-next (ac503e4a309a nfsd: use short read as well as i_size to set eof)
$ git merge nfsd/nfsd-next
Already up-to-date.
Merging orangefs/for-next (45996492e5c8 orangefs: fix orangefs_superblock locking)
$ git merge orangefs/for-next
Already up-to-date.
Merging overlayfs/overlayfs-next (e3608e3f68f6 Btrfs: fix crash/invalid memory access on fsync when using overlayfs)
$ git merge overlayfs/overlayfs-next
Auto-merging fs/overlayfs/super.c
Auto-merging fs/btrfs/file.c
Merge made by the 'recursive' strategy.
 fs/btrfs/file.c       |  2 +-
 fs/namei.c            | 48 ++++++++++++++++++++++++++++++++++++++----------
 fs/overlayfs/super.c  |  2 +-
 include/linux/namei.h |  2 ++
 4 files changed, 42 insertions(+), 12 deletions(-)
Merging v9fs/for-next (a333e4bf2556 fs/9p: use fscache mutex rather than spinlock)
$ git merge v9fs/for-next
Already up-to-date.
Merging ubifs/linux-next (c27cb97218b3 ubifs: Remove unused header)
$ git merge ubifs/linux-next
Already up-to-date.
Merging xfs/for-next (f55532a0c0b8 Linux 4.6-rc1)
$ git merge xfs/for-next
Already up-to-date.
Merging file-locks/linux-next (5af9c2e19da6 Merge branch 'akpm' (patches from Andrew))
$ git merge file-locks/linux-next
Already up-to-date.
Merging vfs/for-next (e60e62528559 Merge branches 'work.acl', 'work.const-path' and 'work.misc' into for-next)
$ git merge vfs/for-next
Auto-merging include/linux/fs.h
Auto-merging fs/namei.c
Auto-merging fs/dcache.c
Merge made by the 'recursive' strategy.
 drivers/mtd/ubi/build.c          |  13 ++---
 drivers/mtd/ubi/kapi.c           |  19 +++----
 fs/9p/acl.c                      |   2 +-
 fs/btrfs/acl.c                   |   3 --
 fs/ceph/acl.c                    |   2 +
 fs/dcache.c                      |  13 ++---
 fs/ecryptfs/inode.c              |  85 +++++++++++++------------------
 fs/ext2/acl.c                    |   3 --
 fs/ext4/acl.c                    |   3 --
 fs/f2fs/acl.c                    |   3 --
 fs/hfsplus/posix_acl.c           |   3 --
 fs/inode.c                       |   4 +-
 fs/jffs2/acl.c                   |   2 -
 fs/jfs/acl.c                     |   6 ---
 fs/namei.c                       |   4 +-
 fs/nfs/nfs3acl.c                 |  43 +++++++++++++++-
 fs/ocfs2/dlmglue.c               |   3 ++
 fs/open.c                        |   6 +--
 fs/posix_acl.c                   | 106 ++++++++++++++++++++++++++-------------
 fs/reiserfs/xattr_acl.c          |   8 +--
 fs/xfs/xfs_acl.c                 |  16 ++----
 include/linux/fs.h               |  14 +++++-
 include/linux/lsm_hooks.h        |  28 +++++------
 include/linux/posix_acl.h        |   1 -
 include/linux/security.h         |  58 ++++++++++-----------
 kernel/bpf/inode.c               |  37 +++-----------
 net/unix/af_unix.c               |   2 +-
 security/apparmor/file.c         |   4 +-
 security/apparmor/include/file.h |   4 +-
 security/apparmor/include/path.h |   2 +-
 security/apparmor/lsm.c          |  83 +++++++++++-------------------
 security/apparmor/path.c         |   8 +--
 security/integrity/ima/ima.h     |   2 +-
 security/integrity/ima/ima_api.c |   2 +-
 security/security.c              |  28 +++++------
 security/selinux/hooks.c         |   2 +-
 security/tomoyo/common.h         |  12 ++---
 security/tomoyo/file.c           |  10 ++--
 security/tomoyo/mount.c          |   4 +-
 security/tomoyo/tomoyo.c         |  28 +++++------
 40 files changed, 333 insertions(+), 343 deletions(-)
Merging pci/next (f55532a0c0b8 Linux 4.6-rc1)
$ git merge pci/next
Already up-to-date.
Merging hid/for-next (c7bc3b24d539 Merge branch 'for-4.6/upstream-fixes' into for-next)
$ git merge hid/for-next
Merge made by the 'recursive' strategy.
 drivers/hid/hid-wiimote-modules.c | 14 ++++++++------
 1 file changed, 8 insertions(+), 6 deletions(-)
Merging i2c/i2c/for-next (886f6f8337dd i2c: octeon: Support I2C_M_RECV_LEN)
$ git merge i2c/i2c/for-next
Already up-to-date.
Merging jdelvare-hwmon/master (f02de116250d Documentation/hwmon: Update links in max34440)
$ git merge jdelvare-hwmon/master
Auto-merging Documentation/hwmon/max34440
Merge made by the 'recursive' strategy.
 Documentation/hwmon/max34440 | 6 +++---
 drivers/hwmon/emc2103.c      | 2 +-
 2 files changed, 4 insertions(+), 4 deletions(-)
Merging dmi/master (c3db05ecf8ac firmware: dmi_scan: Save SMBIOS Type 9 System Slots)
$ git merge dmi/master
Merge made by the 'recursive' strategy.
Merging hwmon-staging/hwmon-next (3c2e2266a5bd hwmon: (max1111) Return -ENODEV from max1111_read_channel if not instantiated)
$ git merge hwmon-staging/hwmon-next
Merge made by the 'recursive' strategy.
 drivers/hwmon/max1111.c | 6 ++++++
 1 file changed, 6 insertions(+)
Merging v4l-dvb/master (0dcdd3ba27cb sound/usb: fix to release stream resources from media_snd_device_delete())
$ git merge v4l-dvb/master
Auto-merging sound/usb/card.c
Merge made by the 'recursive' strategy.
 drivers/media/media-device.c            | 143 ++++++++++++++++++++++----------
 drivers/media/media-devnode.c           |   3 +
 drivers/media/media-entity.c            |  16 ++--
 drivers/media/usb/au0828/au0828-cards.c |   4 -
 drivers/media/usb/au0828/au0828-core.c  |  74 ++++++++++++-----
 drivers/media/usb/au0828/au0828-input.c |   4 +-
 drivers/media/usb/au0828/au0828-video.c |  63 +++++++-------
 drivers/media/usb/au0828/au0828.h       |   9 +-
 drivers/media/v4l2-core/v4l2-mc.c       |   2 +-
 include/media/media-device.h            |  38 +++++++--
 sound/usb/card.c                        |   2 +-
 sound/usb/media.c                       |  30 ++++---
 12 files changed, 247 insertions(+), 141 deletions(-)
Merging libata/for-next (4b3ec0279397 Merge branch 'for-4.6' into for-next)
$ git merge libata/for-next
Already up-to-date!
Merge made by the 'recursive' strategy.
Merging pm/linux-next (15dbc136dff6 Merge tag 'pm+acpi-4.6-rc1-3' of git://git.kernel.org/pub/scm/linux/kernel/git/rafael/linux-pm)
$ git merge pm/linux-next
Already up-to-date.
Merging idle/next (31ade3b83e18 Linux 4.4-rc3)
$ git merge idle/next
Already up-to-date.
Merging thermal/next (81ad4276b505 Thermal: Ignore invalid trip points)
$ git merge thermal/next
Already up-to-date.
Merging thermal-soc/next (5d445aac1a93 Merge branch 'work-fixes' into work-next)
$ git merge thermal-soc/next
Auto-merging MAINTAINERS
Merge made by the 'recursive' strategy.
 Documentation/thermal/sysfs-api.txt                | 44 ++++++++++----------
 MAINTAINERS                                        |  1 +
 drivers/hwmon/lm75.c                               | 10 ++---
 drivers/hwmon/ntc_thermistor.c                     | 12 ++----
 drivers/hwmon/scpi-hwmon.c                         | 48 ++++------------------
 drivers/hwmon/tmp102.c                             |  8 +---
 drivers/input/touchscreen/sun4i-ts.c               |  9 +---
 drivers/thermal/hisi_thermal.c                     |  5 +--
 drivers/thermal/mtk_thermal.c                      | 12 +-----
 drivers/thermal/of-thermal.c                       |  2 +-
 drivers/thermal/qcom-spmi-temp-alarm.c             |  3 +-
 drivers/thermal/rcar_thermal.c                     |  2 +-
 drivers/thermal/rockchip_thermal.c                 | 17 ++------
 drivers/thermal/tegra_soctherm.c                   | 31 ++++----------
 drivers/thermal/ti-soc-thermal/ti-thermal-common.c |  5 +--
 15 files changed, 63 insertions(+), 146 deletions(-)
Merging ieee1394/for-next (384fbb96f926 firewire: nosy: Replace timeval with timespec64)
$ git merge ieee1394/for-next
Already up-to-date.
Merging dlm/next (b81171cb6869 DLM: Save and restore socket callbacks properly)
$ git merge dlm/next
Already up-to-date.
Merging swiotlb/linux-next (386744425e35 swiotlb: Make linux/swiotlb.h standalone includible)
$ git merge swiotlb/linux-next
Already up-to-date.
Merging slave-dma/next (f55532a0c0b8 Linux 4.6-rc1)
$ git merge slave-dma/next
Already up-to-date.
Merging net-next/master (e46b4e2b46e1 Merge tag 'trace-v4.6' of git://git.kernel.org/pub/scm/linux/kernel/git/rostedt/linux-trace)
$ git merge net-next/master
Already up-to-date.
Merging ipsec-next/master (cb866e3298cd xfrm: Increment statistic counter on inner mode error)
$ git merge ipsec-next/master
Already up-to-date.
Merging ipvs-next/master (f6ca9f46f661 netfilter: ipvs: avoid unused variable warnings)
$ git merge ipvs-next/master
Already up-to-date.
Merging wireless-drivers-next/master (ccfe1e853220 rtl8xxxu: Temporarily disable 8192eu device init)
$ git merge wireless-drivers-next/master
Already up-to-date.
Merging bluetooth/master (de06dbfa7861 Merge branch 'for-linus' of git://ftp.arm.linux.org.uk/~rmk/linux-arm)
$ git merge bluetooth/master
Already up-to-date.
Merging mac80211-next/master (0a87cadbb54e nl80211: add feature for BSS selection support)
$ git merge mac80211-next/master
Auto-merging net/wireless/sme.c
Auto-merging net/wireless/nl80211.c
Auto-merging net/wireless/core.c
Auto-merging net/sctp/proc.c
Auto-merging net/netlink/af_netlink.c
Auto-merging net/mac80211/tx.c
Auto-merging net/mac80211/ieee80211_i.h
Auto-merging fs/gfs2/glock.c
Auto-merging drivers/net/wireless/mac80211_hwsim.c
Auto-merging drivers/net/wireless/ath/ath10k/htt_rx.c
Merge made by the 'recursive' strategy.
 Documentation/networking/mac80211-injection.txt |  17 +-
 drivers/net/wireless/ath/ath10k/htt_rx.c        |   2 +-
 drivers/net/wireless/ath/wcn36xx/txrx.c         |   2 +-
 drivers/net/wireless/mac80211_hwsim.c           |   5 +
 fs/gfs2/glock.c                                 |   4 +-
 include/linux/rhashtable.h                      |   3 +-
 include/net/cfg80211.h                          |  36 +
 include/net/mac80211.h                          |  13 +-
 include/uapi/linux/nl80211.h                    |  56 +-
 lib/rhashtable.c                                |   6 +-
 lib/test_rhashtable.c                           |   2 +-
 net/ipv6/ila/ila_xlat.c                         |   3 +-
 net/mac80211/cfg.c                              |   4 +-
 net/mac80211/chan.c                             |   4 +-
 net/mac80211/driver-ops.h                       |  15 +
 net/mac80211/ieee80211_i.h                      |   9 +
 net/mac80211/mesh.c                             |  12 +-
 net/mac80211/mesh.h                             |  38 +-
 net/mac80211/mesh_pathtbl.c                     | 950 ++++++++----------------
 net/mac80211/scan.c                             |   8 +-
 net/mac80211/sta_info.c                         |   9 +-
 net/mac80211/tdls.c                             |  40 +-
 net/mac80211/trace.h                            |  12 +
 net/mac80211/tx.c                               |  44 +-
 net/mac80211/util.c                             |   5 +-
 net/mac80211/vht.c                              |  30 +-
 net/mac80211/wpa.c                              |  26 +-
 net/netfilter/nft_hash.c                        |   4 +-
 net/netlink/af_netlink.c                        |   3 +-
 net/rfkill/core.c                               |  36 +-
 net/sctp/proc.c                                 |   3 +-
 net/wireless/core.c                             |   7 +
 net/wireless/nl80211.c                          | 117 +++
 net/wireless/scan.c                             |   2 +
 net/wireless/sme.c                              |   2 +
 35 files changed, 792 insertions(+), 737 deletions(-)
Merging rdma/for-next (520a07bff6fb Merge branches 'i40iw', 'sriov' and 'hfi1' into k.o/for-4.6)
$ git merge rdma/for-next
Already up-to-date.
Merging mtd/master (f55532a0c0b8 Linux 4.6-rc1)
$ git merge mtd/master
Already up-to-date.
Merging l2-mtd/master (f55532a0c0b8 Linux 4.6-rc1)
$ git merge l2-mtd/master
Already up-to-date.
Merging crypto/master (34074205bb9f crypto: qat - remove redundant arbiter configuration)
$ git merge crypto/master
Already up-to-date.
Merging drm/drm-next (4604202ca8d2 Merge branch 'drm-next-4.6' of git://people.freedesktop.org/~agd5f/linux into drm-next)
$ git merge drm/drm-next
Already up-to-date.
Merging drm-panel/drm/panel/for-next (c8a3b2ae0713 drm/bridge: Make (pre/post) enable/disable callbacks optional)
$ git merge drm-panel/drm/panel/for-next
Already up-to-date.
Merging drm-intel/for-linux-next (94669e6ba1ad drm/i915: Handle -EDEADLK in drm_atomic_commit from load-detect.)
$ git merge drm-intel/for-linux-next
Already up-to-date.
Merging drm-tegra/drm/tegra/for-next (341917fe2b62 gpu: host1x: Use a signed return type for do_relocs())
$ git merge drm-tegra/drm/tegra/for-next
Already up-to-date.
Merging drm-misc/topic/drm-misc (b47bcb93bbf2 dma-buf/fence: fix fence_is_later v2)
$ git merge drm-misc/topic/drm-misc
Already up-to-date.
Merging drm-exynos/exynos-drm/for-next (25364a9e54fb Merge branch 'for-linus' of git://git.kernel.org/pub/scm/linux/kernel/git/jikos/hid)
$ git merge drm-exynos/exynos-drm/for-next
Already up-to-date.
Merging drm-msm/msm-next (fcda50c8f484 drm/msm: rename hdmi symbols)
$ git merge drm-msm/msm-next
Already up-to-date.
Merging hdlcd/for-upstream/hdlcd (8bb912e606b7 arm64: Juno: Add HDLCD support to the Juno boards.)
$ git merge hdlcd/for-upstream/hdlcd
Resolved 'arch/arm64/boot/dts/arm/juno-base.dtsi' using previous resolution.
Auto-merging arch/arm64/boot/dts/arm/juno-base.dtsi
CONFLICT (content): Merge conflict in arch/arm64/boot/dts/arm/juno-base.dtsi
Automatic merge failed; fix conflicts and then commit the result.
$ git commit -v -a
[master 637a88919b5d] Merge remote-tracking branch 'hdlcd/for-upstream/hdlcd'
$ git diff -M --stat --summary HEAD^..
Merging drm-vc4/drm-vc4-next (90d7116061f8 drm/vc4: Recognize a more specific compatible string for V3D.)
$ git merge drm-vc4/drm-vc4-next
Already up-to-date.
Merging kbuild/for-next (2468fc97cc45 Merge branch 'kbuild/kbuild' into kbuild/for-next)
$ git merge kbuild/for-next
Already up-to-date!
Merge made by the 'recursive' strategy.
Merging kconfig/for-next (c0ddc8c745b7 localmodconfig: Use Kbuild files too)
$ git merge kconfig/for-next
Already up-to-date.
Merging regmap/for-next (dcb05f2c7eee Merge remote-tracking branch 'regmap/topic/doc' into regmap-next)
$ git merge regmap/for-next
Merge made by the 'recursive' strategy.
 .../devicetree/bindings/regmap/regmap.txt          | 59 +++++++---------------
 drivers/base/regmap/regcache.c                     |  2 +-
 drivers/base/regmap/regmap-mmio.c                  |  2 +-
 3 files changed, 21 insertions(+), 42 deletions(-)
Merging sound/for-next (25c0e953eb56 ALSA: firewire-tascam: add Kconfig entry for TASCAM FW-1804)
$ git merge sound/for-next
Merge made by the 'recursive' strategy.
 include/sound/hda_i915.h             |  10 +-
 sound/firewire/Kconfig               |   1 +
 sound/firewire/bebob/bebob.c         |   4 +-
 sound/firewire/fireworks/fireworks.c |  21 +-
 sound/firewire/oxfw/oxfw.h           |   1 -
 sound/hda/hdac_i915.c                |  45 +++--
 sound/pci/hda/patch_hdmi.c           | 373 ++++++++++++++++++++++++-----------
 7 files changed, 307 insertions(+), 148 deletions(-)
Merging sound-asoc/for-next (d5c80fd6cdd3 Merge remote-tracking branches 'asoc/topic/nau8825' and 'asoc/topic/omap' into asoc-next)
$ git merge sound-asoc/for-next
Merge made by the 'recursive' strategy.
 sound/hda/ext/hdac_ext_stream.c       |   5 +-
 sound/soc/codecs/Kconfig              |   1 +
 sound/soc/codecs/cs35l32.c            |  17 +++--
 sound/soc/codecs/nau8825.c            | 129 ++++++++++++++++++++++++----------
 sound/soc/codecs/nau8825.h            |  21 ++++--
 sound/soc/codecs/rt5640.c             |   2 +-
 sound/soc/codecs/rt5640.h             |  36 +++++-----
 sound/soc/codecs/rt5645.c             |   6 ++
 sound/soc/intel/Kconfig               |   1 -
 sound/soc/intel/skylake/skl-sst-dsp.c |   5 ++
 sound/soc/intel/skylake/skl.c         |  17 +++--
 sound/soc/omap/mcbsp.c                |   8 +++
 sound/soc/soc-dapm.c                  |   7 ++
 13 files changed, 180 insertions(+), 75 deletions(-)
Merging modules/modules-next (b37a05c083c8 Merge branch 'akpm' (patches from Andrew))
$ git merge modules/modules-next
Already up-to-date.
Merging input/next (d314e9e80c5e Input: sur40 - fix DMA on stack)
$ git merge input/next
Already up-to-date.
Merging block/for-next (258b83ad9930 Merge branch 'for-linus' into for-next)
$ git merge block/for-next
Already up-to-date!
Merge made by the 'recursive' strategy.
Merging device-mapper/for-next (ef6e0d57417a dm raid1: do not error successfully written bios during suspend)
$ git merge device-mapper/for-next
Merge made by the 'recursive' strategy.
 drivers/md/dm-raid1.c | 4 ++--
 1 file changed, 2 insertions(+), 2 deletions(-)
Merging pcmcia/master (e8e68fd86d22 pcmcia: do not break rsrc_nonstatic when handling anonymous cards)
$ git merge pcmcia/master
Already up-to-date.
Merging mmc-uh/next (64e5cd723120 mmc: sdhci-of-at91: fix wake-up issue when using runtime pm)
$ git merge mmc-uh/next
Already up-to-date.
Merging md/for-next (de24075022dc md: fix a trivial typo in comments)
$ git merge md/for-next
Merge made by the 'recursive' strategy.
 drivers/md/md.c    | 2 +-
 drivers/md/raid1.c | 2 +-
 2 files changed, 2 insertions(+), 2 deletions(-)
Merging mfd/for-mfd-next (dd3506a611d9 mfd: lp8788-irq: Uninitialized variable in irq handler)
$ git merge mfd/for-mfd-next
Merge made by the 'recursive' strategy.
 drivers/mfd/axp20x.c               |  3 +++
 drivers/mfd/da9063-irq.c           |  2 --
 drivers/mfd/intel_quark_i2c_gpio.c | 45 +++++++++++++++++++++++---------------
 drivers/mfd/lp8788-irq.c           |  2 +-
 drivers/mfd/mfd-core.c             |  2 +-
 include/linux/mfd/syscon.h         |  1 +
 6 files changed, 33 insertions(+), 22 deletions(-)
Merging backlight/for-backlight-next (60d613d6aef4 backlight: pwm_bl: Free PWM requested by legacy API on error path)
$ git merge backlight/for-backlight-next
Already up-to-date.
Merging battery/master (0df6e32b0e36 power: pm2301-charger: use __maybe_unused to hide pm functions)
$ git merge battery/master
Already up-to-date.
Merging omap_dss2/for-next (32ad61951574 video: fbdev: sis: remove unused variable)
$ git merge omap_dss2/for-next
Already up-to-date.
Merging regulator/for-next (96207a194fc3 Merge remote-tracking branches 'regulator/topic/act8865', 'regulator/topic/doc' and 'regulator/topic/pwm' into regulator-next)
$ git merge regulator/for-next
Merge made by the 'recursive' strategy.
 drivers/regulator/act8865-regulator.c | 11 ++-------
 drivers/regulator/core.c              | 45 ++++++++++++++++++++---------------
 drivers/regulator/gpio-regulator.c    |  2 ++
 drivers/regulator/of_regulator.c      |  6 ++---
 drivers/regulator/pwm-regulator.c     | 23 +++++++++---------
 include/linux/regulator/driver.h      |  5 ++++
 include/linux/regulator/machine.h     |  1 +
 7 files changed, 50 insertions(+), 43 deletions(-)
Merging security/next (88a1b564a20e Merge tag 'keys-next-20160303' of git://git.kernel.org/pub/scm/linux/kernel/git/dhowells/linux-fs into next)
$ git merge security/next
Already up-to-date.
Merging integrity/next (95ee08fa373b ima: require signed IMA policy)
$ git merge integrity/next
Already up-to-date.
Merging keys/keys-next (88a1b564a20e Merge tag 'keys-next-20160303' of git://git.kernel.org/pub/scm/linux/kernel/git/dhowells/linux-fs into next)
$ git merge keys/keys-next
Already up-to-date.
Merging selinux/next (2ae137f16711 netlabel: fix a problem with netlbl_secattr_catmap_setrng())
$ git merge selinux/next
Merge made by the 'recursive' strategy.
 net/netlabel/netlabel_kapi.c | 2 +-
 1 file changed, 1 insertion(+), 1 deletion(-)
Merging tpmdd/next (59f95b842ad0 Merge branch 'master' into next)
$ git merge tpmdd/next
Merge made by the 'recursive' strategy.
 drivers/char/tpm/st33zp24/Kconfig      |  11 +-
 drivers/char/tpm/st33zp24/i2c.c        |  76 +++++++++---
 drivers/char/tpm/st33zp24/spi.c        | 190 +++++++++++++++++------------
 drivers/char/tpm/st33zp24/st33zp24.c   |   2 +-
 drivers/char/tpm/st33zp24/st33zp24.h   |   2 +-
 drivers/char/tpm/tpm-chip.c            | 214 +++++++++++++++++++++++----------
 drivers/char/tpm/tpm-dev.c             |  15 ++-
 drivers/char/tpm/tpm-interface.c       |  50 ++++----
 drivers/char/tpm/tpm-sysfs.c           |  11 +-
 drivers/char/tpm/tpm.h                 |  25 ++--
 drivers/char/tpm/tpm2-cmd.c            |   8 +-
 drivers/char/tpm/tpm_atmel.c           |  14 +--
 drivers/char/tpm/tpm_eventlog.c        |   2 +-
 drivers/char/tpm/tpm_eventlog.h        |   4 +-
 drivers/char/tpm/tpm_i2c_atmel.c       |  16 +--
 drivers/char/tpm/tpm_i2c_infineon.c    |   6 +-
 drivers/char/tpm/tpm_i2c_nuvoton.c     |  24 ++--
 drivers/char/tpm/tpm_infineon.c        |  22 ++--
 drivers/char/tpm/tpm_nsc.c             |  20 +--
 drivers/char/tpm/tpm_tis.c             |  18 +--
 include/linux/platform_data/st33zp24.h |   2 +-
 21 files changed, 458 insertions(+), 274 deletions(-)
Merging watchdog/master (d1ed3ba4e3d7 watchdog: Ensure that wdd is not dereferenced if NULL)
$ git merge watchdog/master
Already up-to-date.
Merging iommu/next (70cf769c5ba2 Merge branches 'arm/rockchip', 'arm/exynos', 'arm/smmu', 'arm/mediatek', 'arm/io-pgtable', 'arm/renesas' and 'core' into next)
$ git merge iommu/next
Already up-to-date.
Merging dwmw2-iommu/master (46924008273e iommu/vt-d: Clear PPR bit to ensure we get more page request interrupts)
$ git merge dwmw2-iommu/master
Already up-to-date.
Merging vfio/next (c4aec3101319 vfio/pci: return -EFAULT if copy_to_user fails)
$ git merge vfio/next
Already up-to-date.
Merging jc_docs/docs-next (abfa6cd8cda7 modsign: Fix documentation on module signing enforcement parameter.)
$ git merge jc_docs/docs-next
Already up-to-date.
Merging trivial/for-next (d00cd819d7df drivers/rtc: broken link fix)
$ git merge trivial/for-next
Already up-to-date.
Merging audit/next (b562e44f507e Linux 4.5)
$ git merge audit/next
Already up-to-date.
Merging devicetree/devicetree/next (48a9b733e644 of/irq: Rename "intc_desc" to "of_intc_desc" to fix OF on sh)
$ git merge devicetree/devicetree/next
Already up-to-date.
Merging dt-rh/for-next (5027e19db8ce of: Add vendor prefix for eGalax_eMPIA Technology Inc)
$ git merge dt-rh/for-next
Already up-to-date.
Merging mailbox/mailbox-for-next (aca04ce5dbda Merge git://git.kernel.org/pub/scm/linux/kernel/git/davem/net)
$ git merge mailbox/mailbox-for-next
Already up-to-date.
Merging spi/for-next (92c7432e67fb Merge remote-tracking branches 'spi/topic/fsl-dspi', 'spi/topic/octeon' and 'spi/topic/xlp' into spi-next)
$ git merge spi/for-next
Merge made by the 'recursive' strategy.
 drivers/spi/Kconfig           |  2 +-
 drivers/spi/spi-fsl-dspi.c    |  7 +++++
 drivers/spi/spi-imx.c         | 16 +++++++++--
 drivers/spi/spi-octeon.c      | 17 +++++-------
 drivers/spi/spi-omap2-mcspi.c | 62 ++++++++++++-------------------------------
 drivers/spi/spi-rockchip.c    |  2 +-
 drivers/spi/spi.c             |  4 +--
 7 files changed, 48 insertions(+), 62 deletions(-)
Merging tip/auto-latest (e05968d2e5ab Merge branch 'sched/urgent')
$ git merge tip/auto-latest
Resolved 'arch/x86/Kconfig' using previous resolution.
Auto-merging arch/x86/Kconfig
CONFLICT (content): Merge conflict in arch/x86/Kconfig
Automatic merge failed; fix conflicts and then commit the result.
$ git commit -v -a
[master 0724f447aa62] Merge remote-tracking branch 'tip/auto-latest'
$ git diff -M --stat --summary HEAD^..
Merging clockevents/clockevents/next (23cb25d0f407 clocksource/drivers/arm_global_timer: Register delay timer)
$ git merge clockevents/clockevents/next
Resolved 'drivers/clocksource/Kconfig' using previous resolution.
Auto-merging drivers/clocksource/Kconfig
CONFLICT (content): Merge conflict in drivers/clocksource/Kconfig
Automatic merge failed; fix conflicts and then commit the result.
$ git commit -v -a
[master 562fa1d83916] Merge remote-tracking branch 'clockevents/clockevents/next'
$ git diff -M --stat --summary HEAD^..
Merging edac/linux_next (12f0721c5a70 sb_edac: correctly fetch DIMM width on Ivy Bridge and Haswell)
$ git merge edac/linux_next
Already up-to-date.
Merging edac-amd/for-next (7cc5a5d3cd4c ARM: socfpga: Enable OCRAM ECC on startup)
$ git merge edac-amd/for-next
Already up-to-date.
Merging irqchip/irqchip/for-next (a66ce4b7d9d2 Merge branch 'irqchip/mvebu' into irqchip/for-next)
$ git merge irqchip/irqchip/for-next
Already up-to-date!
Merge made by the 'recursive' strategy.
Merging ftrace/for-next (7e6867bf831c tracing: Record and show NMI state)
$ git merge ftrace/for-next
Already up-to-date.
Merging rcu/rcu/next (7220b7742659 locktorture: Fix nil pointer dereferencing for cleanup paths)
$ git merge rcu/rcu/next
Merge made by the 'recursive' strategy.
 kernel/locking/locktorture.c | 18 +++++++++++++++---
 1 file changed, 15 insertions(+), 3 deletions(-)
Merging kvm/linux-next (aca04ce5dbda Merge git://git.kernel.org/pub/scm/linux/kernel/git/davem/net)
$ git merge kvm/linux-next
Already up-to-date.
Merging kvm-arm/next (b40c4892d175 arm64: KVM: vgic-v3: Only wipe LRs on vcpu exit)
$ git merge kvm-arm/next
Already up-to-date.
Merging kvm-ppc/kvm-ppc-next (c63517c2e381 KVM: PPC: Book3S: correct width in XER handling)
$ git merge kvm-ppc/kvm-ppc-next
Already up-to-date.
Merging kvm-ppc-paulus/kvm-ppc-next (58ded4201ff0 KVM: PPC: Add support for 64bit TCE windows)
$ git merge kvm-ppc-paulus/kvm-ppc-next
Already up-to-date.
Merging kvms390/next (c54f0d6ae057 KVM: s390: allocate only one DMA page per VM)
$ git merge kvms390/next
Already up-to-date.
Merging xen-tip/linux-next (e01dc539df3a drivers/xen: make platform-pci.c explicitly non-modular)
$ git merge xen-tip/linux-next
Already up-to-date.
Merging percpu/for-next (18fc93fd6412 percpu: remove PERCPU_ENOUGH_ROOM which is stale definition)
$ git merge percpu/for-next
Already up-to-date.
Merging workqueues/for-next (22aceb317678 workqueue: Fix comment for work_on_cpu())
$ git merge workqueues/for-next
Already up-to-date.
Merging drivers-x86/for-next (fffcad87d4e7 hp-wmi: Remove GPS rfkill support via pre-2009 interface)
$ git merge drivers-x86/for-next
Already up-to-date.
Merging chrome-platform/for-next (1dc318166a9a platform/chrome: use to_platform_device())
$ git merge chrome-platform/for-next
Merge made by the 'recursive' strategy.
 drivers/platform/chrome/chromeos_laptop.c  | 15 ++++++++
 drivers/platform/chrome/chromeos_pstore.c  | 55 ++++++++++++++++++++++++++++--
 drivers/platform/chrome/cros_ec_lightbar.c |  3 +-
 3 files changed, 69 insertions(+), 4 deletions(-)
Merging hsi/for-next (87d99063be01 HSI: ssi-protocol: Use handshake logic from n950)
$ git merge hsi/for-next
Already up-to-date.
Merging leds/for-next (7296c33ed12e leds: triggers: simplify led_trigger_store)
$ git merge leds/for-next
Already up-to-date.
Merging ipmi/for-next (42a018c63aee ipmi: do not probe ACPI devices if si_tryacpi is unset)
$ git merge ipmi/for-next
Merge made by the 'recursive' strategy.
Merging driver-core/driver-core-next (1d02369dba2c Merge branch 'for-linus' of git://git.kernel.dk/linux-block)
$ git merge driver-core/driver-core-next
Already up-to-date.
Merging tty/tty-next (1d02369dba2c Merge branch 'for-linus' of git://git.kernel.dk/linux-block)
$ git merge tty/tty-next
Already up-to-date.
Merging usb/usb-next (1d02369dba2c Merge branch 'for-linus' of git://git.kernel.dk/linux-block)
$ git merge usb/usb-next
Already up-to-date.
Merging usb-gadget/next (0561f77e2db9 usb: gadget: f_acm: Fix configfs attr name)
$ git merge usb-gadget/next
Already up-to-date.
Merging usb-serial/usb-next (7084fa868b50 USB: serial: cp210x: add new access functions for large registers)
$ git merge usb-serial/usb-next
Already up-to-date.
Merging usb-chipidea-next/ci-for-usb-next (01b8479400ab usb: chipidea: imx: avoid EPROBE_DEFER printed as error)
$ git merge usb-chipidea-next/ci-for-usb-next
Merge made by the 'recursive' strategy.
Merging staging/staging-next (318723e4ff36 staging: dgnc: fix Logical continuations should be on the)
$ git merge staging/staging-next
Removing drivers/staging/iio/impedance-analyzer/ad5933.h
Merge made by the 'recursive' strategy.
 drivers/staging/comedi/comedi_buf.c                |   10 +-
 drivers/staging/comedi/comedi_fops.c               |   48 +-
 drivers/staging/comedi/drivers/amplc_pci230.c      |   38 +-
 drivers/staging/comedi/drivers/dt282x.c            |  119 +-
 drivers/staging/comedi/drivers/ni_660x.c           | 1156 ++++-------
 drivers/staging/comedi/drivers/ni_labpc.h          |   33 +-
 drivers/staging/comedi/drivers/ni_labpc_common.c   |   65 +-
 drivers/staging/comedi/drivers/ni_labpc_cs.c       |   95 +-
 drivers/staging/comedi/drivers/ni_labpc_pci.c      |    4 +-
 drivers/staging/comedi/drivers/ni_labpc_regs.h     |   82 +-
 drivers/staging/comedi/drivers/ni_mio_common.c     |    6 +-
 drivers/staging/comedi/drivers/ni_tio.c            |  807 +++++---
 drivers/staging/comedi/drivers/ni_tio.h            |   66 +-
 drivers/staging/comedi/drivers/ni_tio_internal.h   |  322 ++-
 drivers/staging/comedi/drivers/ni_tiocmd.c         |  116 +-
 drivers/staging/comedi/drivers/plx9052.h           |  122 +-
 drivers/staging/comedi/drivers/z8536.h             |   89 +-
 drivers/staging/dgnc/dgnc_cls.c                    |    2 +-
 drivers/staging/dgnc/dgnc_driver.c                 |   52 +-
 drivers/staging/dgnc/dgnc_driver.h                 |   24 +-
 drivers/staging/dgnc/dgnc_mgmt.c                   |   28 +-
 drivers/staging/dgnc/dgnc_neo.c                    |   70 +-
 drivers/staging/dgnc/dgnc_sysfs.c                  |    2 +-
 drivers/staging/dgnc/dgnc_tty.c                    |  148 +-
 drivers/staging/emxx_udc/emxx_udc.c                |   20 +-
 drivers/staging/emxx_udc/emxx_udc.h                |   40 +-
 drivers/staging/fbtft/fb_agm1264k-fl.c             |    2 +-
 drivers/staging/fbtft/fbtft-io.c                   |    8 +-
 drivers/staging/fbtft/fbtft_device.c               |    6 +-
 drivers/staging/gs_fpgaboot/gs_fpgaboot.c          |    8 +-
 drivers/staging/gs_fpgaboot/gs_fpgaboot.h          |    2 +-
 drivers/staging/i4l/pcbit/capi.h                   |    2 +-
 drivers/staging/i4l/pcbit/drv.c                    |    8 +-
 drivers/staging/i4l/pcbit/edss1.c                  |    2 +-
 drivers/staging/i4l/pcbit/layer2.h                 |    2 +-
 drivers/staging/iio/accel/adis16201.h              |  156 +-
 drivers/staging/iio/accel/adis16203.h              |  132 +-
 drivers/staging/iio/accel/adis16204.h              |  159 +-
 drivers/staging/iio/accel/adis16209.h              |   39 +
 drivers/staging/iio/accel/adis16220.h              |   48 +
 drivers/staging/iio/accel/adis16240.h              |   50 +
 drivers/staging/iio/accel/adis16240_core.c         |    4 +-
 drivers/staging/iio/adc/ad7192.c                   |   20 +-
 drivers/staging/iio/adc/ad7606_spi.c               |    5 +-
 drivers/staging/iio/frequency/ad9832.c             |    2 +-
 drivers/staging/iio/impedance-analyzer/ad5933.c    |   31 +-
 drivers/staging/iio/impedance-analyzer/ad5933.h    |   28 -
 drivers/staging/iio/light/tsl2x7x_core.c           |  211 +-
 drivers/staging/iio/meter/ade7753.c                |    4 +-
 drivers/staging/iio/meter/ade7754.c                |    4 +-
 drivers/staging/iio/meter/ade7758.h                |   16 +-
 drivers/staging/iio/meter/ade7758_core.c           |   77 +-
 drivers/staging/iio/meter/ade7759.c                |    4 +-
 drivers/staging/iio/meter/ade7854.c                |    3 +-
 drivers/staging/iio/trigger/iio-trig-bfin-timer.c  |    3 +-
 .../staging/lustre/include/linux/libcfs/libcfs.h   |   42 +-
 .../lustre/include/linux/libcfs/libcfs_ioctl.h     |  161 +-
 .../staging/lustre/lnet/klnds/o2iblnd/o2iblnd.c    |   10 +-
 .../staging/lustre/lnet/klnds/o2iblnd/o2iblnd_cb.c |    4 +-
 .../staging/lustre/lnet/klnds/socklnd/socklnd.c    |    1 -
 .../lustre/lnet/klnds/socklnd/socklnd_lib.c        |    3 -
 .../lustre/lnet/libcfs/linux/linux-module.c        |  154 +-
 drivers/staging/lustre/lnet/libcfs/module.c        |  125 +-
 drivers/staging/lustre/lnet/lnet/api-ni.c          |    4 +
 drivers/staging/lustre/lnet/lnet/lib-move.c        |   10 +-
 drivers/staging/lustre/lnet/selftest/brw_test.c    |    4 +-
 drivers/staging/lustre/lnet/selftest/conctl.c      |   50 +-
 drivers/staging/lustre/lnet/selftest/conrpc.c      |   19 +-
 drivers/staging/lustre/lnet/selftest/console.c     |   11 +-
 drivers/staging/lustre/lnet/selftest/framework.c   |   14 +-
 drivers/staging/lustre/lnet/selftest/ping_test.c   |    6 +-
 drivers/staging/lustre/lnet/selftest/rpc.c         |   10 +-
 drivers/staging/lustre/lnet/selftest/timer.c       |   12 +-
 .../lustre/lustre/obdclass/linux/linux-module.c    |    4 +-
 drivers/staging/media/omap1/omap1_camera.c         |   68 +-
 drivers/staging/media/omap4iss/iss.c               |    2 +-
 drivers/staging/most/hdm-dim2/dim2_errors.h        |    8 -
 drivers/staging/most/hdm-dim2/dim2_hal.h           |   14 +-
 drivers/staging/most/hdm-dim2/dim2_reg.h           |    8 -
 drivers/staging/netlogic/xlr_net.c                 |    2 +-
 drivers/staging/nvec/nvec.c                        |   11 +-
 drivers/staging/nvec/nvec_power.c                  |    4 +-
 drivers/staging/octeon/ethernet-rx.c               |    7 +-
 drivers/staging/octeon/ethernet-rx.h               |    2 +-
 drivers/staging/octeon/ethernet-tx.c               |   15 +-
 drivers/staging/octeon/ethernet.c                  |    4 +-
 drivers/staging/rtl8188eu/core/rtw_ap.c            |    5 -
 drivers/staging/rtl8188eu/core/rtw_cmd.c           |   49 +-
 drivers/staging/rtl8188eu/core/rtw_debug.c         |    5 -
 drivers/staging/rtl8188eu/core/rtw_efuse.c         |    7 +-
 drivers/staging/rtl8188eu/core/rtw_ieee80211.c     |    5 -
 drivers/staging/rtl8188eu/core/rtw_ioctl_set.c     |    5 -
 drivers/staging/rtl8188eu/core/rtw_mlme.c          |   13 +-
 drivers/staging/rtl8188eu/core/rtw_mlme_ext.c      |   49 +-
 drivers/staging/rtl8188eu/core/rtw_pwrctrl.c       |    5 -
 drivers/staging/rtl8188eu/core/rtw_recv.c          |    5 -
 drivers/staging/rtl8188eu/core/rtw_rf.c            |    5 -
 drivers/staging/rtl8188eu/core/rtw_security.c      |    5 -
 drivers/staging/rtl8188eu/core/rtw_sreset.c        |    5 -
 drivers/staging/rtl8188eu/core/rtw_sta_mgt.c       |    5 -
 drivers/staging/rtl8188eu/core/rtw_wlan_util.c     |    5 -
 drivers/staging/rtl8188eu/core/rtw_xmit.c          |    5 -
 .../staging/rtl8188eu/hal/Hal8188ERateAdaptive.c   |    2 +-
 drivers/staging/rtl8188eu/hal/bb_cfg.c             |    5 -
 drivers/staging/rtl8188eu/hal/fw.c                 |    4 -
 drivers/staging/rtl8188eu/hal/hal_com.c            |    5 -
 drivers/staging/rtl8188eu/hal/hal_intf.c           |    7 +-
 drivers/staging/rtl8188eu/hal/mac_cfg.c            |    5 -
 drivers/staging/rtl8188eu/hal/odm.c                |    5 -
 drivers/staging/rtl8188eu/hal/odm_HWConfig.c       |    5 -
 drivers/staging/rtl8188eu/hal/odm_RTL8188E.c       |    5 -
 drivers/staging/rtl8188eu/hal/phy.c                |    5 -
 drivers/staging/rtl8188eu/hal/pwrseq.c             |    5 -
 drivers/staging/rtl8188eu/hal/pwrseqcmd.c          |    4 -
 drivers/staging/rtl8188eu/hal/rf.c                 |    4 -
 drivers/staging/rtl8188eu/hal/rf_cfg.c             |    5 -
 drivers/staging/rtl8188eu/hal/rtl8188e_cmd.c       |    5 -
 drivers/staging/rtl8188eu/hal/rtl8188e_dm.c        |    5 -
 drivers/staging/rtl8188eu/hal/rtl8188e_hal_init.c  |    5 -
 drivers/staging/rtl8188eu/hal/rtl8188e_rxdesc.c    |    9 +-
 drivers/staging/rtl8188eu/hal/rtl8188e_xmit.c      |    5 -
 drivers/staging/rtl8188eu/hal/rtl8188eu_led.c      |    5 -
 drivers/staging/rtl8188eu/hal/rtl8188eu_recv.c     |    5 -
 drivers/staging/rtl8188eu/hal/rtl8188eu_xmit.c     |    5 -
 drivers/staging/rtl8188eu/hal/usb_halinit.c        |    7 +-
 drivers/staging/rtl8188eu/include/Hal8188EPhyCfg.h |    5 -
 drivers/staging/rtl8188eu/include/Hal8188EPhyReg.h |    5 -
 .../staging/rtl8188eu/include/HalHWImg8188E_FW.h   |    5 -
 drivers/staging/rtl8188eu/include/HalVerDef.h      |    5 -
 drivers/staging/rtl8188eu/include/basic_types.h    |    5 -
 drivers/staging/rtl8188eu/include/drv_types.h      |    5 -
 drivers/staging/rtl8188eu/include/fw.h             |    4 -
 drivers/staging/rtl8188eu/include/hal_com.h        |    5 -
 drivers/staging/rtl8188eu/include/hal_intf.h       |    5 -
 drivers/staging/rtl8188eu/include/ieee80211.h      |    5 -
 drivers/staging/rtl8188eu/include/mlme_osdep.h     |    5 -
 drivers/staging/rtl8188eu/include/mp_custom_oid.h  |    5 -
 drivers/staging/rtl8188eu/include/odm.h            |    5 -
 drivers/staging/rtl8188eu/include/odm_HWConfig.h   |    4 -
 drivers/staging/rtl8188eu/include/odm_RTL8188E.h   |    5 -
 .../staging/rtl8188eu/include/odm_RegDefine11N.h   |    5 -
 drivers/staging/rtl8188eu/include/odm_debug.h      |    5 -
 drivers/staging/rtl8188eu/include/odm_precomp.h    |    5 -
 drivers/staging/rtl8188eu/include/odm_reg.h        |    5 -
 drivers/staging/rtl8188eu/include/odm_types.h      |    5 -
 drivers/staging/rtl8188eu/include/osdep_intf.h     |    5 -
 drivers/staging/rtl8188eu/include/osdep_service.h  |    5 -
 drivers/staging/rtl8188eu/include/pwrseq.h         |    5 -
 drivers/staging/rtl8188eu/include/pwrseqcmd.h      |    5 -
 drivers/staging/rtl8188eu/include/recv_osdep.h     |    5 -
 drivers/staging/rtl8188eu/include/rtl8188e_cmd.h   |    5 -
 drivers/staging/rtl8188eu/include/rtl8188e_dm.h    |    5 -
 drivers/staging/rtl8188eu/include/rtl8188e_hal.h   |    5 -
 drivers/staging/rtl8188eu/include/rtl8188e_led.h   |    5 -
 drivers/staging/rtl8188eu/include/rtl8188e_recv.h  |    5 -
 drivers/staging/rtl8188eu/include/rtl8188e_spec.h  |    4 -
 drivers/staging/rtl8188eu/include/rtl8188e_xmit.h  |    5 -
 drivers/staging/rtl8188eu/include/rtw_android.h    |    5 -
 drivers/staging/rtl8188eu/include/rtw_ap.h         |    5 -
 drivers/staging/rtl8188eu/include/rtw_cmd.h        |    5 -
 drivers/staging/rtl8188eu/include/rtw_debug.h      |    5 -
 drivers/staging/rtl8188eu/include/rtw_eeprom.h     |    5 -
 drivers/staging/rtl8188eu/include/rtw_efuse.h      |    5 -
 drivers/staging/rtl8188eu/include/rtw_event.h      |    5 -
 drivers/staging/rtl8188eu/include/rtw_ht.h         |    5 -
 drivers/staging/rtl8188eu/include/rtw_ioctl.h      |    5 -
 drivers/staging/rtl8188eu/include/rtw_ioctl_rtl.h  |    5 -
 drivers/staging/rtl8188eu/include/rtw_ioctl_set.h  |    5 -
 drivers/staging/rtl8188eu/include/rtw_iol.h        |    5 -
 drivers/staging/rtl8188eu/include/rtw_mlme.h       |    5 -
 drivers/staging/rtl8188eu/include/rtw_mlme_ext.h   |    5 -
 .../staging/rtl8188eu/include/rtw_mp_phy_regdef.h  |    5 -
 drivers/staging/rtl8188eu/include/rtw_pwrctrl.h    |    5 -
 drivers/staging/rtl8188eu/include/rtw_qos.h        |    5 -
 drivers/staging/rtl8188eu/include/rtw_recv.h       |    5 -
 drivers/staging/rtl8188eu/include/rtw_rf.h         |    5 -
 drivers/staging/rtl8188eu/include/rtw_security.h   |    5 -
 drivers/staging/rtl8188eu/include/rtw_sreset.h     |    5 -
 drivers/staging/rtl8188eu/include/rtw_xmit.h       |    5 -
 drivers/staging/rtl8188eu/include/sta_info.h       |    5 -
 drivers/staging/rtl8188eu/include/usb_hal.h        |    5 -
 drivers/staging/rtl8188eu/include/usb_ops_linux.h  |    5 -
 drivers/staging/rtl8188eu/include/wifi.h           |    5 -
 drivers/staging/rtl8188eu/include/wlan_bssdef.h    |    5 -
 drivers/staging/rtl8188eu/include/xmit_osdep.h     |    5 -
 drivers/staging/rtl8188eu/os_dep/ioctl_linux.c     |   13 +-
 drivers/staging/rtl8188eu/os_dep/mlme_linux.c      |    5 -
 drivers/staging/rtl8188eu/os_dep/os_intfs.c        |    5 -
 drivers/staging/rtl8188eu/os_dep/osdep_service.c   |    5 -
 drivers/staging/rtl8188eu/os_dep/recv_linux.c      |    5 -
 drivers/staging/rtl8188eu/os_dep/rtw_android.c     |    5 -
 drivers/staging/rtl8188eu/os_dep/usb_intf.c        |    7 +-
 drivers/staging/rtl8188eu/os_dep/usb_ops_linux.c   |    4 -
 drivers/staging/rtl8188eu/os_dep/xmit_linux.c      |    5 -
 drivers/staging/rtl8192u/ieee80211/ieee80211_rx.c  |    2 +-
 .../staging/rtl8192u/ieee80211/rtl819x_TSProc.c    |    2 +-
 drivers/staging/rtl8192u/r8190_rtl8256.c           |    2 +-
 drivers/staging/rtl8192u/r8192U_wx.c               |   22 -
 drivers/staging/rtl8712/basic_types.h              |    4 -
 drivers/staging/rtl8712/drv_types.h                |    4 -
 drivers/staging/rtl8712/ethernet.h                 |    4 -
 drivers/staging/rtl8712/hal_init.c                 |   16 +-
 drivers/staging/rtl8712/ieee80211.c                |    4 -
 drivers/staging/rtl8712/mlme_linux.c               |    2 +-
 drivers/staging/rtl8712/os_intfs.c                 |    4 +-
 drivers/staging/rtl8712/rtl8712_cmd.c              |   18 +-
 drivers/staging/rtl8712/rtl871x_cmd.c              |   80 +-
 drivers/staging/rtl8712/rtl871x_ioctl_linux.c      |    4 +-
 drivers/staging/rtl8712/rtl871x_ioctl_set.c        |    6 -
 drivers/staging/rtl8712/rtl871x_mlme.c             |    4 +-
 drivers/staging/rtl8712/usb_ops_linux.c            |    2 +-
 drivers/staging/rtl8723au/core/rtw_ap.c            |    3 +-
 drivers/staging/rtl8723au/hal/rtl8723a_hal_init.c  |    2 -
 drivers/staging/rtl8723au/hal/rtl8723a_rf6052.c    |    2 +-
 drivers/staging/rts5208/ms.c                       |   14 +-
 drivers/staging/skein/threefish_block.c            | 2144 ++++++++++----------
 drivers/staging/slicoss/slicoss.c                  |    5 +
 drivers/staging/speakup/main.c                     |    6 +-
 drivers/staging/speakup/serialio.h                 |    3 +-
 drivers/staging/unisys/Documentation/overview.txt  |   19 -
 drivers/staging/unisys/include/channel.h           |   10 +-
 drivers/staging/unisys/include/visorbus.h          |    3 -
 drivers/staging/unisys/visorbus/visorbus_main.c    |  369 +---
 drivers/staging/unisys/visorbus/visorchipset.c     |  125 +-
 drivers/staging/unisys/visorinput/visorinput.c     |    2 +-
 drivers/staging/vt6655/baseband.c                  |   24 +-
 drivers/staging/vt6655/baseband.h                  |    6 +-
 drivers/staging/vt6655/card.c                      |   95 +-
 drivers/staging/vt6655/card.h                      |    9 +-
 drivers/staging/vt6655/desc.h                      |    3 +-
 drivers/staging/vt6655/mac.c                       |   15 +-
 drivers/staging/vt6655/srom.c                      |    9 +-
 drivers/staging/vt6656/main_usb.c                  |    6 +-
 drivers/staging/vt6656/wcmd.c                      |    8 +-
 drivers/staging/wilc1000/Kconfig                   |    1 -
 drivers/staging/wilc1000/host_interface.c          |  107 +-
 drivers/staging/wilc1000/host_interface.h          |    8 +-
 drivers/staging/wilc1000/linux_mon.c               |   24 +-
 drivers/staging/wilc1000/linux_wlan.c              |   67 +-
 drivers/staging/wilc1000/wilc_spi.c                |    3 -
 drivers/staging/wilc1000/wilc_wfi_cfgoperations.c  |   39 +-
 drivers/staging/wilc1000/wilc_wfi_netdevice.h      |    9 +-
 drivers/staging/wilc1000/wilc_wlan.c               |   35 +-
 drivers/staging/wilc1000/wilc_wlan_cfg.c           |    7 +-
 drivers/staging/wilc1000/wilc_wlan_if.h            |   21 -
 drivers/staging/wlan-ng/cfg80211.c                 |    4 +-
 drivers/staging/wlan-ng/p80211conv.c               |    4 +-
 drivers/staging/wlan-ng/p80211netdev.c             |    4 +-
 drivers/staging/xgifb/vb_setmode.c                 |   11 +-
 249 files changed, 4287 insertions(+), 5154 deletions(-)
 delete mode 100644 drivers/staging/iio/impedance-analyzer/ad5933.h
Merging char-misc/char-misc-next (5cd0911a9e0e Merge tag 'please-pull-pstore' of git://git.kernel.org/pub/scm/linux/kernel/git/aegl/linux)
$ git merge char-misc/char-misc-next
Already up-to-date.
Merging extcon/extcon-next (f55532a0c0b8 Linux 4.6-rc1)
$ git merge extcon/extcon-next
Already up-to-date.
Merging cgroup/for-next (08fb4e7f8d5f Merge branch 'for-4.6' into for-next)
$ git merge cgroup/for-next
Already up-to-date!
Merge made by the 'recursive' strategy.
Merging scsi/for-next (fd30a352d56b Merge branch 'misc' into for-next)
$ git merge scsi/for-next
Already up-to-date!
Merge made by the 'recursive' strategy.
Merging target-updates/for-next (5e47f1985d71 target: Fix target_release_cmd_kref shutdown comp leak)
$ git merge target-updates/for-next
Already up-to-date.
Merging target-merge/for-next-merge (2994a7518317 cxgb4: update Kconfig and Makefile)
$ git merge target-merge/for-next-merge
Already up-to-date.
Merging pinctrl/for-next (3c177a166253 pinctrl: single: Use a separate lockdep class)
$ git merge pinctrl/for-next
Already up-to-date.
Merging vhost/linux-next (c67f5db82027 virtio_net: replace netdev_alloc_skb_ip_align() with napi_alloc_skb())
$ git merge vhost/linux-next
Already up-to-date.
Merging remoteproc/for-next (7a6271a80cae remoteproc/wkup_m3: Use MODULE_DEVICE_TABLE to export alias)
$ git merge remoteproc/for-next
Merge made by the 'recursive' strategy.
Merging rpmsg/for-next (9455c2fd9eaa MAINTAINERS: Add mailing list for remote processor subsystems)
$ git merge rpmsg/for-next
Auto-merging MAINTAINERS
Merge made by the 'recursive' strategy.
 MAINTAINERS                        | 3 +++
 drivers/remoteproc/st_remoteproc.c | 4 ++--
 2 files changed, 5 insertions(+), 2 deletions(-)
Merging gpio/for-next (968f3e374faf Merge branch 'for-linus-4.6' of git://git.kernel.org/pub/scm/linux/kernel/git/mason/linux-btrfs)
$ git merge gpio/for-next
Already up-to-date.
Merging dma-mapping/dma-mapping-next (d770e558e219 Linux 4.2-rc1)
$ git merge dma-mapping/dma-mapping-next
Already up-to-date.
Merging pwm/for-next (77fe47fbb3b7 pwm: omap-dmtimer: Add debug message for effective period and duty cycle)
$ git merge pwm/for-next
Merge made by the 'recursive' strategy.
Merging dma-buf/for-next (8f496d3fcc9d dma-buf/fence: fix fence_is_later v2)
$ git merge dma-buf/for-next
Merge made by the 'recursive' strategy.
Merging userns/for-next (f2ca379642d7 namei: permit linking with CAP_FOWNER in userns)
$ git merge userns/for-next
Already up-to-date.
Merging ktest/for-next (b953c0d234bc Linux 4.1)
$ git merge ktest/for-next
Already up-to-date.
Merging clk/clk-next (f55532a0c0b8 Linux 4.6-rc1)
$ git merge clk/clk-next
Already up-to-date.
Merging aio/master (b562e44f507e Linux 4.5)
$ git merge aio/master
Already up-to-date.
Merging kselftest/next (6accd8e9bf22 selftests: media_dcevice_test fix usage information)
$ git merge kselftest/next
Already up-to-date.
Merging y2038/y2038 (477b8541b31f qla2xxx: Remove use of 'struct timeval')
$ git merge y2038/y2038
Merge made by the 'recursive' strategy.
 drivers/scsi/qla2xxx/qla_mr.c | 5 ++---
 fs/afs/main.c                 | 6 ++----
 2 files changed, 4 insertions(+), 7 deletions(-)
Merging luto-misc/next (afd2ff9b7e1b Linux 4.4)
$ git merge luto-misc/next
Already up-to-date.
Merging borntraeger/linux-next (36f90b0a2ddd Linux 4.5-rc2)
$ git merge borntraeger/linux-next
Already up-to-date.
Merging livepatching/for-next (fda0b150a173 Merge branch 'for-4.6/notifier-cleanup' into for-next)
$ git merge livepatching/for-next
Already up-to-date!
Merge made by the 'recursive' strategy.
Merging coresight/next (93eb18df7af9 coresight: configuring ETF in FIFO mode when acting as link)
$ git merge coresight/next
Merge made by the 'recursive' strategy.
 .../ABI/testing/sysfs-bus-coresight-devices-etb10  |   69 +-
 .../ABI/testing/sysfs-bus-coresight-devices-etm4x  |   13 +
 .../ABI/testing/sysfs-bus-coresight-devices-tmc    |   77 +
 drivers/hwtracing/coresight/Makefile               |   12 +-
 drivers/hwtracing/coresight/coresight-etb10.c      |   81 +-
 .../hwtracing/coresight/coresight-etm3x-sysfs.c    |   33 +-
 .../hwtracing/coresight/coresight-etm4x-sysfs.c    | 2126 +++++++++++++++++
 drivers/hwtracing/coresight/coresight-etm4x.c      | 2475 +++-----------------
 drivers/hwtracing/coresight/coresight-etm4x.h      |  222 +-
 drivers/hwtracing/coresight/coresight-priv.h       |   10 +
 drivers/hwtracing/coresight/coresight-tmc-etf.c    |  606 +++++
 drivers/hwtracing/coresight/coresight-tmc-etr.c    |  470 ++++
 drivers/hwtracing/coresight/coresight-tmc.c        |  554 +----
 drivers/hwtracing/coresight/coresight-tmc.h        |  167 ++
 drivers/hwtracing/coresight/coresight.c            |   17 +-
 15 files changed, 4107 insertions(+), 2825 deletions(-)
 create mode 100644 drivers/hwtracing/coresight/coresight-etm4x-sysfs.c
 create mode 100644 drivers/hwtracing/coresight/coresight-tmc-etf.c
 create mode 100644 drivers/hwtracing/coresight/coresight-tmc-etr.c
 create mode 100644 drivers/hwtracing/coresight/coresight-tmc.h
Merging rtc/rtc-next (ee087744247c rtc: abx80x: handle the oscillator failure bit)
$ git merge rtc/rtc-next
Already up-to-date.
Merging hwspinlock/for-next (bd5717a4632c hwspinlock: qcom: Correct msb in regmap_field)
$ git merge hwspinlock/for-next
Already up-to-date.
Merging nvdimm/libnvdimm-for-next (a2b056ea291d x86, pmem: use memcpy_mcsafe() for memcpy_from_pmem())
$ git merge nvdimm/libnvdimm-for-next
Merge made by the 'recursive' strategy.
 arch/x86/include/asm/pmem.h |  9 +++++++++
 drivers/nvdimm/pmem.c       |  4 ++--
 include/linux/pmem.h        | 15 +++++++++------
 3 files changed, 20 insertions(+), 8 deletions(-)
$ git reset --hard HEAD^
HEAD is now at 5836f6e4c913 Merge remote-tracking branch 'coresight/next'
Merging next-20160324 version of nvdimm
$ git merge -m next-20160324/nvdimm 489011652a2d5555901def04c24d68874e8ba9a1
Already up-to-date.
Merging akpm-current/current (c0b923091eea ipc/msg.c: use freezable blocking call)
$ git merge --no-ff akpm-current/current
Auto-merging MAINTAINERS
Merge made by the 'recursive' strategy.
 Documentation/vm/ksm.txt           |  63 ++++
 MAINTAINERS                        |   1 -
 arch/arm/include/asm/page.h        |   2 +
 arch/x86/kernel/machine_kexec_64.c |  46 +++
 block/genhd.c                      |   2 +-
 fs/ext4/fsync.c                    |   5 +-
 fs/ocfs2/alloc.c                   |   3 +-
 fs/ocfs2/cluster/heartbeat.c       | 180 ++++++++-
 fs/ocfs2/ocfs2_fs.h                |   2 +-
 include/linux/bootmem.h            |  16 +-
 include/linux/compiler-gcc.h       |   1 +
 include/linux/compiler.h           |   4 +
 include/linux/crc64_ecma.h         |  56 +++
 include/linux/device.h             |  12 +-
 include/linux/kasan.h              |  30 +-
 include/linux/kernel.h             |   4 +-
 include/linux/kexec.h              |   4 +
 include/linux/mempool.h            |   3 +-
 include/linux/nodemask.h           |  18 +-
 include/linux/sem.h                |   1 +
 include/linux/slab.h               |  16 +-
 include/linux/string.h             |   3 +-
 include/linux/swap.h               |   1 +
 include/trace/events/huge_memory.h |  38 +-
 init/main.c                        |   9 +-
 ipc/msg.c                          |   5 +-
 ipc/sem.c                          | 124 ++++---
 kernel/cpuset.c                    |   8 +-
 kernel/kexec.c                     | 119 +++---
 kernel/kexec_core.c                |   6 +
 kernel/kexec_file.c                |   8 +-
 lib/Kconfig                        |   7 +
 lib/Makefile                       |   1 +
 lib/crc64_ecma.c                   | 341 +++++++++++++++++
 lib/test_kasan.c                   |  29 ++
 mm/backing-dev.c                   |  20 +-
 mm/huge_memory.c                   |  88 ++++-
 mm/hugetlb.c                       |   4 +-
 mm/internal.h                      |   4 +
 mm/kasan/Makefile                  |   4 +
 mm/kasan/kasan.c                   |  71 +++-
 mm/kasan/kasan.h                   |  11 +-
 mm/kasan/quarantine.c              | 289 +++++++++++++++
 mm/kasan/report.c                  |   1 +
 mm/ksm.c                           | 733 +++++++++++++++++++++++++++++++++----
 mm/memblock.c                      |   3 +
 mm/memcontrol.c                    |   4 +-
 mm/memory.c                        |   2 +-
 mm/mempolicy.c                     |   8 +-
 mm/mempool.c                       |   7 +-
 mm/page_alloc.c                    | 124 ++++++-
 mm/page_isolation.c                |   9 +-
 mm/slab.c                          |  28 +-
 mm/slab.h                          |   2 +
 mm/slab_common.c                   |   2 +
 mm/slub.c                          |   4 +-
 mm/util.c                          |  30 ++
 mm/vmscan.c                        |  25 +-
 58 files changed, 2304 insertions(+), 337 deletions(-)
 create mode 100644 include/linux/crc64_ecma.h
 create mode 100644 lib/crc64_ecma.c
 create mode 100644 mm/kasan/quarantine.c
$ git clone -s -l -n -q . ../rebase-tmp
$ cd ../rebase-tmp
$ git checkout -b akpm remotes/origin/akpm/master
Switched to a new branch 'akpm'
$ git rebase --onto master remotes/origin/akpm/master-base
First, rewinding head to replay your work on top of it...
Applying: drivers/net/wireless/intel/iwlwifi/dvm/calib.c: simplfy min() expression
Applying: staging/goldfish: use 6-arg get_user_pages()
$ cd ../next
$ git fetch -f ../rebase-tmp akpm:akpm/master
From ../rebase-tmp
 + 5c6227b4cce4...5aadd16c9d07 akpm       -> akpm/master  (forced update)
$ rm -rf ../rebase-tmp
Merging akpm/master (5aadd16c9d07 staging/goldfish: use 6-arg get_user_pages())
$ git merge --no-ff akpm/master
Merge made by the 'recursive' strategy.
 drivers/net/wireless/intel/iwlwifi/dvm/calib.c | 3 +--
 drivers/platform/goldfish/goldfish_pipe.c      | 3 +--
 2 files changed, 2 insertions(+), 4 deletions(-)
