$ date
Tuesday 24 February  10:12:59 AEDT 2015
$ git checkout master
Already on 'master'
$ git reset --hard stable
HEAD is now at 90c453ca2214 Merge branch 'fixes' of git://ftp.arm.linux.org.uk/~rmk/linux-arm
Merging origin/master (c517d838eb7d Linux 4.0-rc1)
$ git merge origin/master
Updating 90c453ca2214..c517d838eb7d
Fast-forward
 Documentation/filesystems/Locking                  |   2 -
 Documentation/filesystems/overlayfs.txt            |  28 +
 Makefile                                           |   8 +-
 arch/s390/hypfs/inode.c                            |  53 +-
 drivers/infiniband/hw/ipath/ipath_fs.c             |   2 +-
 drivers/infiniband/hw/qib/qib_fs.c                 |   2 +-
 drivers/staging/lustre/lustre/llite/dcache.c       |  12 +-
 drivers/staging/lustre/lustre/llite/file.c         |   8 +-
 .../staging/lustre/lustre/llite/llite_internal.h   |   4 +-
 drivers/staging/lustre/lustre/llite/namei.c        |  12 +-
 fs/9p/vfs_inode.c                                  |   2 +-
 fs/aio.c                                           |   6 +-
 fs/autofs4/dev-ioctl.c                             |   8 +-
 fs/autofs4/expire.c                                |   2 +-
 fs/autofs4/root.c                                  |   6 +-
 fs/bad_inode.c                                     | 147 ------
 fs/btrfs/ioctl.c                                   |   4 +-
 fs/cachefiles/daemon.c                             |   4 +-
 fs/cachefiles/interface.c                          |   4 +-
 fs/cachefiles/namei.c                              |  16 +-
 fs/cachefiles/rdwr.c                               |   2 +-
 fs/ceph/dir.c                                      |   2 +-
 fs/ceph/file.c                                     |   2 +-
 fs/coda/dir.c                                      |   2 +-
 fs/configfs/configfs_internal.h                    |   3 +-
 fs/configfs/dir.c                                  |  72 ++-
 fs/configfs/file.c                                 |  28 +-
 fs/configfs/inode.c                                |  12 +-
 fs/coredump.c                                      |   2 +-
 fs/dcache.c                                        |  37 +-
 fs/debugfs/inode.c                                 |  36 +-
 fs/ecryptfs/file.c                                 |   2 +-
 fs/ecryptfs/inode.c                                |   4 +-
 fs/exportfs/expfs.c                                |   2 +-
 fs/ext4/ext4.h                                     |  18 +-
 fs/ext4/indirect.c                                 | 105 ++--
 fs/ext4/inode.c                                    |   7 +
 fs/ext4/super.c                                    |  31 +-
 fs/fs-writeback.c                                  |   6 +-
 fs/fuse/dir.c                                      |   2 +-
 fs/gfs2/dir.c                                      |   2 +-
 fs/hfsplus/dir.c                                   |   2 +-
 fs/hppfs/hppfs.c                                   |   4 +-
 fs/internal.h                                      |   2 +-
 fs/jbd2/recovery.c                                 |   3 +
 fs/jffs2/dir.c                                     |  14 +-
 fs/jffs2/super.c                                   |   2 +-
 fs/libfs.c                                         |   2 +-
 fs/namei.c                                         |   2 +-
 fs/namespace.c                                     |  10 +-
 fs/nfsd/nfs4recover.c                              |   4 +-
 fs/nfsd/nfsfh.c                                    |   8 +-
 fs/nfsd/vfs.c                                      |   8 +-
 fs/notify/fanotify/fanotify.c                      |   6 +-
 fs/overlayfs/copy_up.c                             |   5 +-
 fs/overlayfs/dir.c                                 |  34 +-
 fs/overlayfs/inode.c                               |  12 +-
 fs/overlayfs/overlayfs.h                           |  18 +-
 fs/overlayfs/readdir.c                             | 181 +++----
 fs/overlayfs/super.c                               | 564 ++++++++++++++-------
 fs/posix_acl.c                                     |  18 +-
 fs/proc/generic.c                                  |  12 -
 fs/proc/inode.c                                    |  21 +
 fs/proc/internal.h                                 |   1 +
 fs/reiserfs/xattr.c                                |   4 +-
 fs/super.c                                         |  40 +-
 fs/xfs/xfs_ioctl.c                                 |   2 +-
 include/linux/dcache.h                             | 103 +++-
 mm/shmem.c                                         |   4 +-
 security/apparmor/include/apparmor.h               |   4 +-
 security/apparmor/lsm.c                            |  20 +-
 security/apparmor/path.c                           |   2 +-
 security/inode.c                                   |   2 +-
 security/selinux/hooks.c                           |   8 +-
 security/smack/smack_lsm.c                         |   4 +-
 security/tomoyo/file.c                             |   4 +-
 76 files changed, 1019 insertions(+), 818 deletions(-)
Merging fixes/master (b94d525e58dc Merge git://git.kernel.org/pub/scm/linux/kernel/git/davem/net)
$ git merge fixes/master
Already up-to-date.
Merging kbuild-current/rc-fixes (a16c5f99a28c kbuild: Fix removal of the debian/ directory)
$ git merge kbuild-current/rc-fixes
Already up-to-date.
Merging arc-current/for-curr (2ce7598c9a45 Linux 3.17-rc4)
$ git merge arc-current/for-curr
Already up-to-date.
Merging arm-current/fixes (23be7fdafa50 ARM: 8305/1: DMA: Fix kzalloc flags in __iommu_alloc_buffer())
$ git merge arm-current/fixes
Already up-to-date.
Merging m68k-current/for-linus (4436820a98cd m68k/defconfig: Enable Ethernet bridging)
$ git merge m68k-current/for-linus
Already up-to-date.
Merging metag-fixes/fixes (ffe6902b66aa asm-generic: remove _STK_LIM_MAX)
$ git merge metag-fixes/fixes
Already up-to-date.
Merging mips-fixes/mips-fixes (1795cd9b3a91 Linux 3.16-rc5)
$ git merge mips-fixes/mips-fixes
Already up-to-date.
Merging powerpc-merge/merge (31345e1a071e powerpc/pci: Remove unused force_32bit_msi quirk)
$ git merge powerpc-merge/merge
Already up-to-date.
Merging powerpc-merge-mpe/fixes (c59c961ca511 Merge branch 'drm-fixes' of git://people.freedesktop.org/~airlied/linux)
$ git merge powerpc-merge-mpe/fixes
Already up-to-date.
Merging sparc/master (66d0f7ec9f10 sparc32: destroy_context() and switch_mm() needs to disable interrupts.)
$ git merge sparc/master
Already up-to-date.
Merging net/master (d720d8cec563 net: compat: Ignore MSG_CMSG_COMPAT in compat_sys_{send, recv}msg)
$ git merge net/master
Merge made by the 'recursive' strategy.
 drivers/bluetooth/btusb.c                     |   1 +
 drivers/isdn/hardware/mISDN/hfcpci.c          |   2 +-
 drivers/net/Kconfig                           |   2 +-
 drivers/net/appletalk/Kconfig                 |   2 +-
 drivers/net/dsa/bcm_sf2.h                     |   2 +-
 drivers/net/ethernet/chelsio/cxgb4/clip_tbl.c |  57 +++---
 drivers/net/ethernet/chelsio/cxgb4/clip_tbl.h |   6 +-
 drivers/net/ethernet/ibm/ehea/ehea_main.c     | 246 +++++++++++++++-----------
 drivers/net/ethernet/realtek/r8169.c          |  30 +---
 drivers/net/ethernet/smsc/smc91x.c            |   2 +-
 drivers/net/ethernet/xscale/ixp4xx_eth.c      |   2 +-
 drivers/net/phy/phy.c                         |  23 ++-
 drivers/net/team/team.c                       |   4 +-
 drivers/net/usb/hso.c                         |   2 +-
 drivers/net/usb/plusb.c                       |   5 +
 drivers/net/wan/cosa.c                        |  12 +-
 include/linux/netdevice.h                     |   1 +
 include/linux/rhashtable.h                    |   9 +-
 include/net/caif/cfpkt.h                      |   2 +-
 include/uapi/linux/tc_act/Kbuild              |   1 +
 lib/rhashtable.c                              |  36 ++--
 lib/test_rhashtable.c                         |   8 +-
 net/caif/cffrml.c                             |   2 +-
 net/caif/cfpkt_skbuff.c                       |   6 +-
 net/compat.c                                  |   9 -
 net/core/dev.c                                |   2 +-
 net/core/ethtool.c                            |   1 +
 net/core/gen_stats.c                          |  15 +-
 net/core/pktgen.c                             |   3 +
 net/core/skbuff.c                             |   5 +-
 net/decnet/dn_route.c                         |   2 +-
 net/ipv4/ip_fragment.c                        |   2 +-
 net/ipv4/tcp_input.c                          |   2 +-
 net/irda/ircomm/ircomm_tty.c                  |   2 +-
 net/irda/irnet/irnet_ppp.c                    |   4 +-
 net/netfilter/ipvs/ip_vs_ctl.c                |   2 +-
 net/netfilter/nft_compat.c                    |  12 +-
 net/netfilter/xt_recent.c                     |  11 +-
 net/netfilter/xt_socket.c                     |  21 ++-
 net/openvswitch/datapath.c                    |  45 ++++-
 net/openvswitch/vport.h                       |   2 +
 net/packet/af_packet.c                        |  10 +-
 net/sched/ematch.c                            |   1 +
 43 files changed, 371 insertions(+), 243 deletions(-)
Merging ipsec/master (ac37e2515c1a xfrm: release dst_orig in case of error in xfrm_lookup())
$ git merge ipsec/master
Merge made by the 'recursive' strategy.
 include/net/dst.h       |  1 +
 net/ipv4/xfrm4_output.c |  2 +-
 net/ipv6/xfrm6_output.c |  2 +-
 net/ipv6/xfrm6_policy.c |  1 +
 net/xfrm/xfrm_policy.c  | 12 ++++++------
 5 files changed, 10 insertions(+), 8 deletions(-)
Merging sound-current/for-linus (70372a7566b5 ALSA: pcm: Don't leave PREPARED state after draining)
$ git merge sound-current/for-linus
Merge made by the 'recursive' strategy.
 sound/core/pcm_native.c                     |  2 ++
 sound/firewire/amdtp.c                      |  5 ++---
 sound/firewire/bebob/bebob.c                | 20 ++++++++++++++++----
 sound/firewire/bebob/bebob_stream.c         | 16 ++++------------
 sound/firewire/dice/dice-stream.c           | 18 ++++++++++++------
 sound/firewire/dice/dice.c                  | 16 +++++++++++-----
 sound/firewire/fireworks/fireworks.c        | 20 ++++++++++++++------
 sound/firewire/fireworks/fireworks_stream.c | 19 ++++++++++---------
 sound/firewire/oxfw/oxfw-stream.c           |  6 ++++--
 sound/firewire/oxfw/oxfw.c                  | 21 ++++++++++++++-------
 sound/pci/hda/patch_sigmatel.c              | 17 ++++++++++++++++-
 11 files changed, 105 insertions(+), 55 deletions(-)
Merging pci-current/for-linus (c517d838eb7d Linux 4.0-rc1)
$ git merge pci-current/for-linus
Already up-to-date.
Merging wireless-drivers/master (aeb2d2a4c0ae rtlwifi: Remove logging statement that is no longer needed)
$ git merge wireless-drivers/master
Already up-to-date.
Merging driver-core.current/driver-core-linus (c517d838eb7d Linux 4.0-rc1)
$ git merge driver-core.current/driver-core-linus
Already up-to-date.
Merging tty.current/tty-linus (c517d838eb7d Linux 4.0-rc1)
$ git merge tty.current/tty-linus
Already up-to-date.
Merging usb.current/usb-linus (c517d838eb7d Linux 4.0-rc1)
$ git merge usb.current/usb-linus
Already up-to-date.
Merging usb-gadget-fixes/fixes (a0456399fb07 usb: gadget: configfs: don't NUL-terminate (sub)compatible ids)
$ git merge usb-gadget-fixes/fixes
Merge made by the 'recursive' strategy.
 drivers/usb/dwc3/dwc3-omap.c               | 30 ++++++++++++++++++++++++--
 drivers/usb/gadget/configfs.c              |  2 --
 drivers/usb/gadget/function/f_hid.c        |  2 +-
 drivers/usb/gadget/function/f_phonet.c     |  5 ++++-
 drivers/usb/gadget/function/f_sourcesink.c |  4 ++--
 drivers/usb/gadget/function/f_uac2.c       | 34 +++++++++++++++---------------
 drivers/usb/gadget/function/uvc_v4l2.c     |  1 +
 drivers/usb/gadget/function/uvc_video.c    |  1 +
 drivers/usb/gadget/legacy/g_ffs.c          |  6 ++++--
 drivers/usb/isp1760/isp1760-hcd.c          |  6 +++---
 drivers/usb/musb/musb_core.c               | 10 +++++----
 drivers/usb/musb/musb_dsps.c               | 32 +++++++++++++++++++++++++---
 drivers/usb/musb/musb_host.c               |  2 +-
 drivers/usb/musb/omap2430.c                |  7 ++++--
 drivers/usb/renesas_usbhs/Kconfig          |  1 +
 15 files changed, 103 insertions(+), 40 deletions(-)
Merging usb-serial-fixes/usb-linus (a6f0331236fa USB: cp210x: add ID for RUGGEDCOM USB Serial Console)
$ git merge usb-serial-fixes/usb-linus
Already up-to-date.
Merging staging.current/staging-linus (c517d838eb7d Linux 4.0-rc1)
$ git merge staging.current/staging-linus
Already up-to-date.
Merging char-misc.current/char-misc-linus (c517d838eb7d Linux 4.0-rc1)
$ git merge char-misc.current/char-misc-linus
Already up-to-date.
Merging input-current/for-linus (4c971aa78314 Merge branch 'next' into for-linus)
$ git merge input-current/for-linus
Already up-to-date.
Merging crypto-current/master (96692a7305c4 crypto: tcrypt - do not allocate iv on stack for aead speed tests)
$ git merge crypto-current/master
Already up-to-date.
Merging ide/master (f96fe225677b Merge git://git.kernel.org/pub/scm/linux/kernel/git/davem/net)
$ git merge ide/master
Already up-to-date.
Merging devicetree-current/devicetree/merge (6b1271de3723 of/unittest: Overlays with sub-devices tests)
$ git merge devicetree-current/devicetree/merge
Already up-to-date.
Merging rr-fixes/fixes (f47689345931 lguest: update help text.)
$ git merge rr-fixes/fixes
Merge made by the 'recursive' strategy.
 arch/x86/lguest/Kconfig | 4 ++--
 1 file changed, 2 insertions(+), 2 deletions(-)
Merging vfio-fixes/for-linus (7c2e211f3c95 vfio-pci: Fix the check on pci device type in vfio_pci_probe())
$ git merge vfio-fixes/for-linus
Already up-to-date.
Merging kselftest-fixes/fixes (f5db310d77ef selftests/vm: fix link error for transhuge-stress test)
$ git merge kselftest-fixes/fixes
Already up-to-date.
Merging drm-intel-fixes/for-linux-next-fixes (cf6f0af9fbdd drm/i915: Dell Chromebook 11 has PWM backlight)
$ git merge drm-intel-fixes/for-linux-next-fixes
Merge made by the 'recursive' strategy.
 drivers/gpu/drm/i915/i915_drv.h      |  1 +
 drivers/gpu/drm/i915/intel_display.c | 12 ++++++++++++
 include/drm/i915_pciids.h            |  4 ++--
 3 files changed, 15 insertions(+), 2 deletions(-)
Merging asm-generic/master (643165c8bbc8 Merge tag 'uaccess_for_upstream' of git://git.kernel.org/pub/scm/linux/kernel/git/mst/vhost into asm-generic)
$ git merge asm-generic/master
Already up-to-date.
Merging arc/for-next (06f34e1c28f3 ARC: fix page address calculation if PAGE_OFFSET != LINUX_LINK_BASE)
$ git merge arc/for-next
Already up-to-date.
Merging arm/for-next (42203614b435 Merge branch 'devel-stable' into for-next)
$ git merge arm/for-next
Already up-to-date!
Merge made by the 'recursive' strategy.
Merging arm-perf/for-next/perf (97bf6af1f928 Linux 3.19-rc1)
$ git merge arm-perf/for-next/perf
Already up-to-date.
Merging arm-soc/for-next (d88d6cfc912e ARM: mm: Remove Kconfig symbol CACHE_PL310)
$ git merge arm-soc/for-next
Already up-to-date.
Merging bcm2835/for-next (b2776bf7149b Linux 3.18)
$ git merge bcm2835/for-next
Already up-to-date.
Merging berlin/berlin/for-next (c517d838eb7d Linux 4.0-rc1)
$ git merge berlin/berlin/for-next
Already up-to-date.
Merging cortex-m/for-next (e799b6f37e6c ARM: zImage: add support for ARMv7-M)
$ git merge cortex-m/for-next
Auto-merging arch/arm/boot/compressed/head.S
Merge made by the 'recursive' strategy.
 arch/arm/boot/compressed/head.S | 33 +++++++++++++++++++++++++++------
 arch/arm/include/asm/unified.h  |  8 ++++++++
 2 files changed, 35 insertions(+), 6 deletions(-)
Merging imx-mxs/for-next (395ae1400a35 Merge branch 'imx/defconfig' into for-next)
$ git merge imx-mxs/for-next
Already up-to-date!
Merge made by the 'recursive' strategy.
Merging keystone/next (b17275a4a6cc Merge branch 'for_3.19/soc' into next)
$ git merge keystone/next
Already up-to-date!
Merge made by the 'recursive' strategy.
Merging mvebu/for-next (444fdf947de3 ARM: mvebu: Add Device Tree description of SDHCI for Armada 388 RD)
$ git merge mvebu/for-next
Merge made by the 'recursive' strategy.
 arch/arm/boot/dts/armada-388-rd.dts | 10 ++++++++++
 arch/arm/boot/dts/armada-38x.dtsi   |  7 +++++--
 2 files changed, 15 insertions(+), 2 deletions(-)
Merging omap/for-next (5cb1e109eee0 Merge tag 'omap-for-v3.20/dt-pt3-v2' into for-next)
$ git merge omap/for-next
Merge made by the 'recursive' strategy.
Merging omap-pending/for-next (30aa18d3bea5 MAINTAINERS: add maintainer for OMAP hwmod data)
$ git merge omap-pending/for-next
Merge made by the 'recursive' strategy.
Merging renesas/next (b2cb094d275e Merge branch 'heads/soc-fixes-for-v3.19' into next)
$ git merge renesas/next
Merge made by the 'recursive' strategy.
 drivers/sh/pm_runtime.c | 2 ++
 1 file changed, 2 insertions(+)
Merging samsung/for-next (aeb011501873 Merge branch 'v3.20-samsung-defconfig-2' into for-next)
$ git merge samsung/for-next
Auto-merging arch/arm/boot/dts/exynos4412-odroid-common.dtsi
Merge made by the 'recursive' strategy.
 arch/arm/boot/dts/exynos4412-odroid-common.dtsi | 14 +++++++
 arch/arm/boot/dts/exynos5250-snow.dts           | 56 +++++++++++++++++++++++--
 arch/arm/boot/dts/exynos5420-peach-pit.dts      | 31 +++++++++++++-
 arch/arm/boot/dts/exynos5422-odroidxu3.dts      | 17 ++++++++
 arch/arm/configs/exynos_defconfig               |  4 +-
 5 files changed, 116 insertions(+), 6 deletions(-)
Merging sunxi/sunxi/for-next (50997798fb8a Merge branch 'sunxi/fixes-for-4.0' into sunxi/for-next)
$ git merge sunxi/sunxi/for-next
Merge made by the 'recursive' strategy.
 Documentation/devicetree/bindings/clock/sunxi.txt |   2 +
 arch/arm/boot/dts/Makefile                        |  10 +-
 arch/arm/boot/dts/sun4i-a10-a1000.dts             | 200 ++++---
 arch/arm/boot/dts/sun4i-a10-ba10-tvbox.dts        | 168 +++---
 arch/arm/boot/dts/sun4i-a10-cubieboard.dts        | 214 ++++----
 arch/arm/boot/dts/sun4i-a10-gemei-g9.dts          | 168 ++++++
 arch/arm/boot/dts/sun4i-a10-hackberry.dts         | 187 +++----
 arch/arm/boot/dts/sun4i-a10-inet97fv2.dts         | 104 ++--
 arch/arm/boot/dts/sun4i-a10-mini-xplus.dts        | 140 +++--
 arch/arm/boot/dts/sun4i-a10-olinuxino-lime.dts    | 188 ++++---
 arch/arm/boot/dts/sun4i-a10-pcduino.dts           | 177 +++---
 arch/arm/boot/dts/sun4i-a10.dtsi                  |  46 +-
 arch/arm/boot/dts/sun5i-a10s-olinuxino-micro.dts  | 315 ++++++-----
 arch/arm/boot/dts/sun5i-a10s-r7-tv-dongle.dts     | 132 +++--
 arch/arm/boot/dts/sun5i-a10s.dtsi                 | 628 +++-------------------
 arch/arm/boot/dts/sun5i-a13-hsg-h702.dts          | 136 +++--
 arch/arm/boot/dts/sun5i-a13-olinuxino-micro.dts   | 148 +++--
 arch/arm/boot/dts/sun5i-a13-olinuxino.dts         | 236 ++++----
 arch/arm/boot/dts/sun5i-a13.dtsi                  | 600 +++------------------
 arch/arm/boot/dts/sun5i.dtsi                      | 560 +++++++++++++++++++
 arch/arm/boot/dts/sun6i-a31-app4-evb1.dts         |  52 +-
 arch/arm/boot/dts/sun6i-a31-colombus.dts          | 120 ++---
 arch/arm/boot/dts/sun6i-a31-m9.dts                | 148 +++--
 arch/arm/boot/dts/sun7i-a20-bananapi.dts          | 262 +++++----
 arch/arm/boot/dts/sun7i-a20-cubieboard2.dts       | 198 ++++---
 arch/arm/boot/dts/sun7i-a20-cubietruck.dts        | 316 ++++++-----
 arch/arm/boot/dts/sun7i-a20-hummingbird.dts       | 430 ++++++++-------
 arch/arm/boot/dts/sun7i-a20-i12-tvbox.dts         | 252 +++++----
 arch/arm/boot/dts/sun7i-a20-m3.dts                | 178 +++---
 arch/arm/boot/dts/sun7i-a20-olinuxino-lime.dts    | 186 ++++---
 arch/arm/boot/dts/sun7i-a20-olinuxino-lime2.dts   | 288 +++++-----
 arch/arm/boot/dts/sun7i-a20-olinuxino-micro.dts   | 410 +++++++-------
 arch/arm/boot/dts/sun7i-a20-pcduino3-nano.dts     | 191 +++++++
 arch/arm/boot/dts/sun7i-a20-pcduino3.dts          | 210 ++++----
 arch/arm/boot/dts/sun8i-a23-ippo-q8h-v5.dts       | 110 ++--
 arch/arm/boot/dts/sun9i-a80-optimus.dts           |  65 +++
 arch/arm/boot/dts/sun9i-a80.dtsi                  | 114 ++++
 arch/arm/configs/multi_v7_defconfig               |   1 +
 arch/arm/configs/sunxi_defconfig                  |   2 +
 arch/arm/mach-sunxi/Kconfig                       |   8 +-
 drivers/clk/sunxi/Makefile                        |   1 +
 drivers/clk/sunxi/clk-sunxi.c                     |  88 ---
 drivers/clk/sunxi/clk-usb.c                       | 233 ++++++++
 43 files changed, 4306 insertions(+), 3916 deletions(-)
 create mode 100644 arch/arm/boot/dts/sun4i-a10-gemei-g9.dts
 create mode 100644 arch/arm/boot/dts/sun5i.dtsi
 create mode 100644 arch/arm/boot/dts/sun7i-a20-pcduino3-nano.dts
 create mode 100644 drivers/clk/sunxi/clk-usb.c
Merging tegra/for-next (794345d409ad Merge branch for-3.20/arm64 into for-next)
$ git merge tegra/for-next
Already up-to-date!
Merge made by the 'recursive' strategy.
Merging arm64/for-next/core (d476d94f180a arm64: compat: Remove incorrect comment in compat_siginfo)
$ git merge arm64/for-next/core
Already up-to-date.
Merging blackfin/for-linus (275f5a8573e7 blackfin: defconfigs: cleanup unused CONFIG_MTD_CHAR, add MTD_SPI_NOR for BF537-STAMP)
$ git merge blackfin/for-linus
Auto-merging arch/blackfin/mach-bf609/boards/ezkit.c
Merge made by the 'recursive' strategy.
 arch/blackfin/configs/BF518F-EZBRD_defconfig    |  1 -
 arch/blackfin/configs/BF527-TLL6527M_defconfig  |  1 -
 arch/blackfin/configs/BF533-EZKIT_defconfig     |  1 -
 arch/blackfin/configs/BF533-STAMP_defconfig     |  1 -
 arch/blackfin/configs/BF537-STAMP_defconfig     |  3 ++-
 arch/blackfin/configs/BF538-EZKIT_defconfig     |  1 -
 arch/blackfin/configs/BF561-ACVILON_defconfig   |  1 -
 arch/blackfin/configs/BF561-EZKIT-SMP_defconfig |  1 -
 arch/blackfin/configs/BF561-EZKIT_defconfig     |  1 -
 arch/blackfin/configs/CM-BF527_defconfig        |  1 -
 arch/blackfin/configs/CM-BF533_defconfig        |  1 -
 arch/blackfin/configs/CM-BF537E_defconfig       |  1 -
 arch/blackfin/configs/CM-BF537U_defconfig       |  1 -
 arch/blackfin/configs/CM-BF548_defconfig        |  1 -
 arch/blackfin/configs/CM-BF561_defconfig        |  1 -
 arch/blackfin/configs/DNP5370_defconfig         |  1 -
 arch/blackfin/configs/IP0X_defconfig            |  1 -
 arch/blackfin/configs/PNAV-10_defconfig         |  1 -
 arch/blackfin/configs/SRV1_defconfig            |  1 -
 arch/blackfin/configs/TCM-BF518_defconfig       |  1 -
 arch/blackfin/configs/TCM-BF537_defconfig       |  1 -
 arch/blackfin/kernel/kgdb.c                     | 12 ++++--------
 arch/blackfin/mach-bf609/boards/ezkit.c         |  8 ++++----
 23 files changed, 10 insertions(+), 33 deletions(-)
Merging c6x/for-linux-next (ae72758f1dd9 c6x: fix build failure caused by cache.h)
$ git merge c6x/for-linux-next
Already up-to-date.
Merging cris/for-next (9987c19ed9a7 CRIS: Whitespace cleanup)
$ git merge cris/for-next
Already up-to-date.
Merging hexagon/linux-next (8914d7e85780 Hexagon: fix signal delivery for debug traps)
$ git merge hexagon/linux-next
Already up-to-date.
Merging ia64/next (a6b8978c54b7 pstore: Fix sprintf format specifier in pstore_dump())
$ git merge ia64/next
Already up-to-date.
Merging m68k/for-next (4436820a98cd m68k/defconfig: Enable Ethernet bridging)
$ git merge m68k/for-next
Already up-to-date.
Merging m68knommu/for-next (c517d838eb7d Linux 4.0-rc1)
$ git merge m68knommu/for-next
Already up-to-date.
Merging metag/for-next (f93125ae17d1 metag: cachepart: Fix failure check)
$ git merge metag/for-next
Already up-to-date.
Merging microblaze/next (a01d37d914f9 microblaze: Remove *.dtb files in make clean)
$ git merge microblaze/next
Already up-to-date.
Merging mips/mips-for-linux-next (64b139f97c01 MIPS: OCTEON: irq: add CIB and other fixes)
$ git merge mips/mips-for-linux-next
Already up-to-date.
Merging nios2/nios2-next (d16d2be111a6 nios2: add kgdb support)
$ git merge nios2/nios2-next
Already up-to-date.
Merging parisc-hd/for-next (bfa76d495765 Linux 3.19)
$ git merge parisc-hd/for-next
Already up-to-date.
Merging powerpc/next (d557b09800da powerpc/mm/thp: Use tlbiel if possible)
$ git merge powerpc/next
Already up-to-date.
Merging powerpc-mpe/next (a6130ed253a9 cxl: Add missing return statement after handling AFU errror)
$ git merge powerpc-mpe/next
Already up-to-date.
Merging fsl/next (0dc294f717d4 powerpc/mm: bail out early when flushing TLB page)
$ git merge fsl/next
Already up-to-date.
Merging mpc5xxx/next (9e813308a5c1 powerpc/thp: Add tracepoints to track hugepage invalidate)
$ git merge mpc5xxx/next
Already up-to-date.
Merging s390/features (42d19952a90d s390/traps: panic() instead of die() on translation exception)
$ git merge s390/features
Resolved 'arch/s390/kernel/early.c' using previous resolution.
Auto-merging arch/s390/pci/pci.c
Removing arch/s390/math-emu/math.c
Removing arch/s390/math-emu/Makefile
Removing arch/s390/lib/ucmpdi2.c
Removing arch/s390/lib/qrnnd.S
Removing arch/s390/lib/mem32.S
Removing arch/s390/lib/div64.c
Auto-merging arch/s390/kernel/signal.c
Removing arch/s390/kernel/relocate_kernel64.S
Removing arch/s390/kernel/reipl64.S
Auto-merging arch/s390/kernel/module.c
Removing arch/s390/kernel/head31.S
Removing arch/s390/kernel/entry64.S
Auto-merging arch/s390/kernel/early.c
CONFLICT (content): Merge conflict in arch/s390/kernel/early.c
Auto-merging arch/s390/include/asm/thread_info.h
Removing arch/s390/boot/compressed/head31.S
Automatic merge failed; fix conflicts and then commit the result.
$ git commit -v -a
[master 37264bf1c7c1] Merge remote-tracking branch 's390/features'
$ git diff -M --stat --summary HEAD^..
 arch/s390/Kbuild                               |    1 -
 arch/s390/Kconfig                              |   69 +-
 arch/s390/Makefile                             |   14 +-
 arch/s390/boot/compressed/Makefile             |   12 +-
 arch/s390/boot/compressed/{head64.S => head.S} |    0
 arch/s390/boot/compressed/head31.S             |   51 -
 arch/s390/boot/compressed/vmlinux.lds.S        |    5 -
 arch/s390/crypto/crypt_s390.h                  |    8 +-
 arch/s390/hypfs/hypfs_diag0c.c                 |    4 -
 arch/s390/include/asm/appldata.h               |   24 -
 arch/s390/include/asm/atomic.h                 |   95 -
 arch/s390/include/asm/bitops.h                 |   28 -
 arch/s390/include/asm/cmpxchg.h                |    7 +-
 arch/s390/include/asm/cputime.h                |   26 -
 arch/s390/include/asm/ctl_reg.h                |   14 +-
 arch/s390/include/asm/elf.h                    |    4 -
 arch/s390/include/asm/idals.h                  |   16 -
 arch/s390/include/asm/jump_label.h             |   12 +-
 arch/s390/include/asm/lowcore.h                |  159 --
 arch/s390/include/asm/mman.h                   |    2 +-
 arch/s390/include/asm/mmu_context.h            |    4 -
 arch/s390/include/asm/percpu.h                 |    4 -
 arch/s390/include/asm/perf_event.h             |    3 -
 arch/s390/include/asm/pgalloc.h                |   24 -
 arch/s390/include/asm/pgtable.h                |  123 +-
 arch/s390/include/asm/processor.h              |   66 +-
 arch/s390/include/asm/ptrace.h                 |    4 -
 arch/s390/include/asm/qdio.h                   |   10 -
 arch/s390/include/asm/runtime_instr.h          |   10 +-
 arch/s390/include/asm/rwsem.h                  |   81 -
 arch/s390/include/asm/setup.h                  |   35 -
 arch/s390/include/asm/sfp-util.h               |   10 -
 arch/s390/include/asm/sparsemem.h              |    9 -
 arch/s390/include/asm/switch_to.h              |   21 +-
 arch/s390/include/asm/thread_info.h            |    9 -
 arch/s390/include/asm/tlb.h                    |    4 -
 arch/s390/include/asm/tlbflush.h               |    7 -
 arch/s390/include/asm/types.h                  |   17 -
 arch/s390/include/asm/unistd.h                 |    8 -
 arch/s390/include/asm/vdso.h                   |    2 -
 arch/s390/kernel/Makefile                      |   22 +-
 arch/s390/kernel/asm-offsets.c                 |    4 -
 arch/s390/kernel/base.S                        |   76 -
 arch/s390/kernel/cpcmd.c                       |   10 -
 arch/s390/kernel/diag.c                        |   15 -
 arch/s390/kernel/dis.c                         |   48 +-
 arch/s390/kernel/dumpstack.c                   |   26 +-
 arch/s390/kernel/early.c                       |   69 -
 arch/s390/kernel/entry.S                       | 1005 ++++++-----
 arch/s390/kernel/entry64.S                     | 1059 -----------
 arch/s390/kernel/head.S                        |   49 -
 arch/s390/kernel/head31.S                      |  106 --
 arch/s390/kernel/head_kdump.S                  |    8 -
 arch/s390/kernel/ipl.c                         |    2 -
 arch/s390/kernel/module.c                      |   12 -
 arch/s390/kernel/nmi.c                         |   92 +-
 arch/s390/kernel/pgm_check.S                   |   22 +-
 arch/s390/kernel/process.c                     |   29 +-
 arch/s390/kernel/ptrace.c                      |   46 +-
 arch/s390/kernel/reipl.S                       |  133 +-
 arch/s390/kernel/reipl64.S                     |  155 --
 arch/s390/kernel/relocate_kernel.S             |   63 +-
 arch/s390/kernel/relocate_kernel64.S           |  121 --
 arch/s390/kernel/sclp.S                        |   10 -
 arch/s390/kernel/setup.c                       |   72 -
 arch/s390/kernel/signal.c                      |   10 -
 arch/s390/kernel/smp.c                         |   33 -
 arch/s390/kernel/sys_s390.c                    |   49 -
 arch/s390/kernel/syscalls.S                    |  716 ++++----
 arch/s390/kernel/traps.c                       |  155 +-
 arch/s390/kernel/vdso.c                        |   16 +-
 arch/s390/kernel/vmlinux.lds.S                 |    7 -
 arch/s390/lib/Makefile                         |    3 +-
 arch/s390/lib/div64.c                          |  147 --
 arch/s390/lib/mem32.S                          |   92 -
 arch/s390/lib/qrnnd.S                          |   78 -
 arch/s390/lib/uaccess.c                        |  136 +-
 arch/s390/lib/ucmpdi2.c                        |   26 -
 arch/s390/math-emu/Makefile                    |    7 -
 arch/s390/math-emu/math.c                      | 2255 ------------------------
 arch/s390/mm/dump_pagetables.c                 |   24 +-
 arch/s390/mm/extmem.c                          |   14 -
 arch/s390/mm/fault.c                           |   36 -
 arch/s390/mm/gup.c                             |    4 -
 arch/s390/mm/init.c                            |    5 -
 arch/s390/mm/mem_detect.c                      |    4 -
 arch/s390/mm/mmap.c                            |   25 -
 arch/s390/mm/pageattr.c                        |    2 +-
 arch/s390/mm/pgtable.c                         |    8 -
 arch/s390/mm/vmem.c                            |   10 +-
 arch/s390/oprofile/Makefile                    |    2 +-
 arch/s390/oprofile/init.c                      |   11 -
 arch/s390/pci/pci.c                            |    3 +-
 drivers/s390/block/dasd.c                      |    2 -
 drivers/s390/block/dasd_diag.h                 |   42 -
 drivers/s390/block/dasd_eckd.c                 |    6 -
 drivers/s390/block/dasd_fba.c                  |    2 -
 drivers/s390/char/Kconfig                      |    2 +-
 drivers/s390/char/sclp_sdias.c                 |    4 -
 drivers/s390/char/zcore.c                      |   32 -
 drivers/s390/cio/cio.c                         |    2 -
 drivers/s390/cio/qdio.h                        |    7 -
 drivers/s390/cio/qdio_setup.c                  |    3 -
 drivers/s390/crypto/ap_bus.c                   |   24 +-
 drivers/s390/net/ctcm_mpc.c                    |   12 -
 105 files changed, 1213 insertions(+), 7059 deletions(-)
 rename arch/s390/boot/compressed/{head64.S => head.S} (100%)
 delete mode 100644 arch/s390/boot/compressed/head31.S
 delete mode 100644 arch/s390/kernel/entry64.S
 delete mode 100644 arch/s390/kernel/head31.S
 delete mode 100644 arch/s390/kernel/reipl64.S
 delete mode 100644 arch/s390/kernel/relocate_kernel64.S
 delete mode 100644 arch/s390/lib/div64.c
 delete mode 100644 arch/s390/lib/mem32.S
 delete mode 100644 arch/s390/lib/qrnnd.S
 delete mode 100644 arch/s390/lib/ucmpdi2.c
 delete mode 100644 arch/s390/math-emu/Makefile
 delete mode 100644 arch/s390/math-emu/math.c
Merging sparc-next/master (9f935675d41a Merge branch 'for-linus' of git://git.kernel.org/pub/scm/linux/kernel/git/dtor/input)
$ git merge sparc-next/master
Already up-to-date.
Merging tile/master (740e1433f50e tile: change MAINTAINERS website from tilera.com to ezchip.com)
$ git merge tile/master
Already up-to-date.
Merging unicore32/unicore32 (d670878e2c9a unicore32: Remove ARCH_HAS_CPUFREQ config option)
$ git merge unicore32/unicore32
Already up-to-date.
Merging xtensa/for_next (1f2fdbd0078c xtensa: disable link optimization)
$ git merge xtensa/for_next
Already up-to-date.
Merging btrfs/next (a742994aa2e2 Btrfs: don't remove extents and xattrs when logging new names)
$ git merge btrfs/next
Already up-to-date.
Merging ceph/master (388cfdc9bc19 libceph: require cephx message signature by default)
$ git merge ceph/master
Resolved 'fs/ceph/inode.c' using previous resolution.
Resolved 'fs/ceph/snap.c' using previous resolution.
Resolved 'fs/ceph/super.c' using previous resolution.
Resolved 'fs/ceph/super.h' using previous resolution.
Resolved 'include/linux/ceph/libceph.h' using previous resolution.
Resolved 'net/ceph/auth_x.c' using previous resolution.
Resolved 'net/ceph/ceph_common.c' using previous resolution.
Auto-merging net/ceph/ceph_common.c
CONFLICT (content): Merge conflict in net/ceph/ceph_common.c
Auto-merging net/ceph/auth_x.c
CONFLICT (content): Merge conflict in net/ceph/auth_x.c
Auto-merging include/linux/ceph/libceph.h
CONFLICT (content): Merge conflict in include/linux/ceph/libceph.h
Auto-merging fs/ceph/super.h
CONFLICT (content): Merge conflict in fs/ceph/super.h
Auto-merging fs/ceph/super.c
CONFLICT (content): Merge conflict in fs/ceph/super.c
Auto-merging fs/ceph/snap.c
CONFLICT (content): Merge conflict in fs/ceph/snap.c
Auto-merging fs/ceph/inode.c
CONFLICT (content): Merge conflict in fs/ceph/inode.c
Automatic merge failed; fix conflicts and then commit the result.
$ git commit -v -a
[master ad17b8ddd9b3] Merge remote-tracking branch 'ceph/master'
$ git diff -M --stat --summary HEAD^..
Merging cifs/for-next (5a090583c3fc Update negotiate protocol for SMB3.1 dialect)
$ git merge cifs/for-next
Merge made by the 'recursive' strategy.
 fs/cifs/Kconfig    |  9 ++++++++
 fs/cifs/cifsglob.h |  7 ++++++
 fs/cifs/connect.c  | 10 +++++++++
 fs/cifs/smb2ops.c  | 25 ++++++++++++++++++++-
 fs/cifs/smb2pdu.c  | 64 +++++++++++++++++++++++++++++++++++++++++++++++++++---
 fs/cifs/smb2pdu.h  | 50 +++++++++++++++++++++++++++++++++++-------
 6 files changed, 153 insertions(+), 12 deletions(-)
Merging ecryptfs/next (e7a823be2adc Merge tag 'linux-kselftest-3.19-rc-5' of git://git.kernel.org/pub/scm/linux/kernel/git/shuah/linux-kselftest)
$ git merge ecryptfs/next
Already up-to-date.
Merging ext3/for_next (6981498d7956 udf: remove bool assignment to 0/1)
$ git merge ext3/for_next
Already up-to-date.
Merging ext4/dev (6f30b7e37a82 ext4: fix indirect punch hole corruption)
$ git merge ext4/dev
Already up-to-date.
Merging f2fs/dev (db3ecdee1cf0 Merge branch 'for-next' of git://git.kernel.org/pub/scm/linux/kernel/git/cooloney/linux-leds)
$ git merge f2fs/dev
Already up-to-date.
Merging fscache/fscache (1a8ed18fb7db cachefiles: remove two unused pagevecs.)
$ git merge fscache/fscache
Resolved 'fs/fscache/object.c' using previous resolution.
Auto-merging fs/fscache/object.c
CONFLICT (content): Merge conflict in fs/fscache/object.c
Automatic merge failed; fix conflicts and then commit the result.
$ git commit -v -a
[master 1521e10543f3] Merge remote-tracking branch 'fscache/fscache'
$ git diff -M --stat --summary HEAD^..
Merging fuse/for-next (9759bd518994 fuse: add memory barrier to INIT)
$ git merge fuse/for-next
Already up-to-date.
Merging gfs2/for-next (76514aeef65e GFS2: Allocate reservation during splice_write)
$ git merge gfs2/for-next
Merge made by the 'recursive' strategy.
 MAINTAINERS    |  4 ++--
 fs/gfs2/acl.c  |  6 +-----
 fs/gfs2/file.c | 20 ++++++++++++++++++--
 3 files changed, 21 insertions(+), 9 deletions(-)
Merging jfs/jfs-next (648695c74811 jfs: Deletion of an unnecessary check before the function call "unload_nls")
$ git merge jfs/jfs-next
Already up-to-date.
Merging nfs/linux-next (c517d838eb7d Linux 4.0-rc1)
$ git merge nfs/linux-next
Already up-to-date.
Merging nfsd/nfsd-next (a1d1e9be5a1d svcrpc: fix memory leak in gssp_accept_sec_context_upcall)
$ git merge nfsd/nfsd-next
Merge made by the 'recursive' strategy.
 net/sunrpc/auth_gss/gss_rpc_upcall.c | 2 ++
 1 file changed, 2 insertions(+)
Merging overlayfs/overlayfs-next (4330397e4e8a ovl: discard independent cursor in readdir())
$ git merge overlayfs/overlayfs-next
Already up-to-date.
Merging squashfs/master (62421645bb70 Squashfs: Add LZ4 compression configuration option)
$ git merge squashfs/master
Already up-to-date.
Merging v9fs/for-next (f15844e0777f 9P: fix return value in v9fs_fid_xattr_set)
$ git merge v9fs/for-next
Already up-to-date.
Merging ubifs/linux-next (b388e6a7a6ba UBI: fix missing brace control flow)
$ git merge ubifs/linux-next
Merge made by the 'recursive' strategy.
 drivers/mtd/ubi/eba.c | 3 ++-
 1 file changed, 2 insertions(+), 1 deletion(-)
Merging xfs/for-next (c517d838eb7d Linux 4.0-rc1)
$ git merge xfs/for-next
Already up-to-date.
Merging file-locks/linux-next (b2b89ebfc0f0 Merge tag 'locks-v3.20-2' of git://git.samba.org/jlayton/linux)
$ git merge file-locks/linux-next
Already up-to-date.
Merging vfs/for-next (ca160d0085b6 kill struct filename.separate)
$ git merge vfs/for-next
Merge made by the 'recursive' strategy.
 fs/namei.c         | 108 +++++++++++++++++++++++++----------------------------
 include/linux/fs.h |   2 +-
 2 files changed, 52 insertions(+), 58 deletions(-)
Merging pci/next (c517d838eb7d Linux 4.0-rc1)
$ git merge pci/next
Already up-to-date.
Merging hid/for-next (ca2f29b3d39e Merge branch 'for-4.1/upstream' into for-next)
$ git merge hid/for-next
Recorded preimage for 'drivers/iio/common/hid-sensors/hid-sensor-trigger.c'
Auto-merging drivers/iio/pressure/hid-sensor-press.c
Auto-merging drivers/iio/orientation/hid-sensor-incl-3d.c
Auto-merging drivers/iio/magnetometer/hid-sensor-magn-3d.c
Auto-merging drivers/iio/light/hid-sensor-prox.c
Auto-merging drivers/iio/light/hid-sensor-als.c
Auto-merging drivers/iio/gyro/hid-sensor-gyro-3d.c
Auto-merging drivers/iio/common/hid-sensors/hid-sensor-trigger.c
CONFLICT (content): Merge conflict in drivers/iio/common/hid-sensors/hid-sensor-trigger.c
Auto-merging drivers/iio/accel/hid-sensor-accel-3d.c
Automatic merge failed; fix conflicts and then commit the result.
$ git commit -v -a
Recorded resolution for 'drivers/iio/common/hid-sensors/hid-sensor-trigger.c'.
[master 73343c6a01b6] Merge remote-tracking branch 'hid/for-next'
$ git diff -M --stat --summary HEAD^..
 Documentation/ABI/testing/sysfs-driver-hid         |  10 +
 .../ABI/testing/sysfs-driver-hid-logitech-lg4ff    |  45 ++
 drivers/hid/hid-core.c                             |  21 +
 drivers/hid/hid-ids.h                              |   1 +
 drivers/hid/hid-kye.c                              | 140 +++++
 drivers/hid/hid-lg.c                               |   7 +
 drivers/hid/hid-lg.h                               |  12 -
 drivers/hid/hid-lg4ff.c                            | 600 ++++++++++++++++++---
 drivers/hid/hid-lg4ff.h                            |  18 +
 drivers/hid/hid-rmi.c                              |  99 ++++
 drivers/hid/hid-sensor-hub.c                       | 196 ++++---
 drivers/hid/hid-sony.c                             |  31 +-
 drivers/hid/usbhid/hid-quirks.c                    |   1 +
 drivers/hid/wacom_wac.c                            |  10 +-
 drivers/iio/accel/hid-sensor-accel-3d.c            |   3 +-
 .../iio/common/hid-sensors/hid-sensor-attributes.c |  24 +-
 .../iio/common/hid-sensors/hid-sensor-trigger.c    |  13 +-
 drivers/iio/gyro/hid-sensor-gyro-3d.c              |   3 +-
 drivers/iio/light/hid-sensor-als.c                 |   3 +-
 drivers/iio/light/hid-sensor-prox.c                |   3 +-
 drivers/iio/magnetometer/hid-sensor-magn-3d.c      |   3 +-
 drivers/iio/orientation/hid-sensor-incl-3d.c       |   3 +-
 drivers/iio/pressure/hid-sensor-press.c            |   3 +-
 drivers/rtc/rtc-hid-sensor-time.c                  |   2 +-
 include/linux/hid-sensor-hub.h                     |  57 +-
 include/linux/hid-sensor-ids.h                     |   2 +
 26 files changed, 1104 insertions(+), 206 deletions(-)
 create mode 100644 drivers/hid/hid-lg4ff.h
Merging i2c/i2c/for-next (c517d838eb7d Linux 4.0-rc1)
$ git merge i2c/i2c/for-next
Already up-to-date.
Merging jdelvare-hwmon/master (26bc420b59a3 Linux 3.19-rc6)
$ git merge jdelvare-hwmon/master
Already up-to-date.
Merging hwmon-staging/hwmon-next (9248faef66cd hwmon: (ibmpex) Allow format string checking)
$ git merge hwmon-staging/hwmon-next
Merge made by the 'recursive' strategy.
 drivers/hwmon/ads7828.c  |  3 +++
 drivers/hwmon/coretemp.c | 11 +++++------
 drivers/hwmon/ibmpex.c   | 19 ++++++++-----------
 3 files changed, 16 insertions(+), 17 deletions(-)
Merging v4l-dvb/master (48b777c0833b Merge branch 'patchwork' into to_next)
$ git merge v4l-dvb/master
Merge made by the 'recursive' strategy.
 drivers/media/usb/gspca/topro.c | 4 +++-
 1 file changed, 3 insertions(+), 1 deletion(-)
Merging kbuild/for-next (8d18d1d514d1 Merge branch 'kbuild/kconfig' into kbuild/for-next)
$ git merge kbuild/for-next
Auto-merging lib/Kconfig.debug
Auto-merging init/Kconfig
Auto-merging arch/x86/Kconfig
Auto-merging Makefile
Merge made by the 'recursive' strategy.
 Documentation/lto-build  | 173 +++++++++++++++++++++++++++++++++++++++++++++++
 Makefile                 |  19 +++++-
 arch/x86/Kconfig         |   2 +-
 init/Kconfig             |  73 ++++++++++++++++++++
 kernel/gcov/Kconfig      |   2 +-
 lib/Kconfig.debug        |   2 +-
 scripts/Makefile.lto     |  84 +++++++++++++++++++++++
 scripts/Makefile.modpost |   7 +-
 scripts/link-vmlinux.sh  |   2 +-
 9 files changed, 356 insertions(+), 8 deletions(-)
 create mode 100644 Documentation/lto-build
 create mode 100644 scripts/Makefile.lto
Merging kconfig/for-next (bfa76d495765 Linux 3.19)
$ git merge kconfig/for-next
Already up-to-date.
Merging libata/for-next (d85aa1624b05 Merge branch 'for-3.19-fixes' into for-next)
$ git merge libata/for-next
Already up-to-date!
Merge made by the 'recursive' strategy.
Merging pm/linux-next (c517d838eb7d Linux 4.0-rc1)
$ git merge pm/linux-next
Already up-to-date.
Merging idle/next (210109f4a19a Merge branches 'turbostat', 'sfi' and 'cpuidle' into release)
$ git merge idle/next
Already up-to-date!
Merge made by the 'recursive' strategy.
Merging apm/for-next (53675abbd1e5 x86, apm: Remove unused variable)
$ git merge apm/for-next
Already up-to-date.
Merging thermal/next (4531fa1684bb thermal: exynos: fix: Check if data->tmu_read callback is present before read)
$ git merge thermal/next
Already up-to-date.
Merging thermal-soc/next (c517d838eb7d Linux 4.0-rc1)
$ git merge thermal-soc/next
Already up-to-date.
Merging ieee1394/for-next (d71e6a11737f firewire: core: use correct vendor/model IDs)
$ git merge ieee1394/for-next
Already up-to-date.
Merging dlm/next (2ab4bd8ea3a6 dlm: adopt orphan locks)
$ git merge dlm/next
Already up-to-date.
Merging swiotlb/linux-next (8e0629c1d4ce swiotlb: don't assume PA 0 is invalid)
$ git merge swiotlb/linux-next
Already up-to-date.
Merging slave-dma/next (771bd4f095dd Merge branch 'fixes' into next)
$ git merge slave-dma/next
Merge made by the 'recursive' strategy.
 drivers/dma/mmp_pdma.c            |  3 ++
 drivers/dma/sh/shdma-base.c       | 73 ++++++++++++++++++++++++++++-----------
 drivers/mmc/host/sh_mmcif.c       | 13 +++----
 drivers/mmc/host/sh_mobile_sdhi.c |  2 --
 drivers/mmc/host/tmio_mmc.h       |  2 --
 drivers/mmc/host/tmio_mmc_dma.c   |  4 ---
 drivers/mtd/nand/sh_flctl.c       |  2 --
 drivers/spi/spi-rspi.c            |  1 -
 drivers/spi/spi-sh-msiof.c        |  1 -
 include/linux/shdma-base.h        |  1 +
 sound/soc/sh/fsi.c                | 18 +++++++---
 11 files changed, 75 insertions(+), 45 deletions(-)
Merging net-next/master (5e3d31896b87 Merge branch 'be2net-next')
$ git merge net-next/master
Auto-merging net/core/skbuff.c
Auto-merging net/core/ethtool.c
Auto-merging net/compat.c
Auto-merging drivers/net/usb/hso.c
Auto-merging arch/powerpc/net/bpf_jit_asm.S
Merge made by the 'recursive' strategy.
 arch/powerpc/Kconfig                               |   2 +-
 arch/powerpc/include/asm/asm-compat.h              |   4 +
 arch/powerpc/include/asm/ppc-opcode.h              |   2 +
 arch/powerpc/net/Makefile                          |   2 +-
 arch/powerpc/net/bpf_jit.h                         |  64 +-
 arch/powerpc/net/{bpf_jit_64.S => bpf_jit_asm.S}   |  70 +-
 arch/powerpc/net/bpf_jit_comp.c                    |  46 +-
 drivers/net/bonding/bond_main.c                    |   6 +-
 drivers/net/dsa/mv88e6171.c                        |  18 +-
 drivers/net/dsa/mv88e6352.c                        |  77 +-
 drivers/net/dsa/mv88e6xxx.c                        |  53 ++
 drivers/net/dsa/mv88e6xxx.h                        |   6 +
 drivers/net/ethernet/altera/altera_tse_main.c      |  20 +-
 drivers/net/ethernet/broadcom/Kconfig              |   8 +-
 drivers/net/ethernet/broadcom/bnx2.c               |  14 +-
 drivers/net/ethernet/broadcom/bnx2.h               |   4 +-
 drivers/net/ethernet/broadcom/bnx2_fw.h            |   4 +-
 drivers/net/ethernet/broadcom/cnic.c               |   6 +-
 drivers/net/ethernet/broadcom/cnic_if.h            |   8 +-
 drivers/net/ethernet/brocade/Kconfig               |   8 +-
 drivers/net/ethernet/brocade/Makefile              |   2 +-
 drivers/net/ethernet/brocade/bna/Kconfig           |  12 +-
 drivers/net/ethernet/brocade/bna/Makefile          |   3 +-
 drivers/net/ethernet/brocade/bna/bfa_cee.c         |   7 +-
 drivers/net/ethernet/brocade/bna/bfa_cee.h         |   7 +-
 drivers/net/ethernet/brocade/bna/bfa_cs.h          |   7 +-
 drivers/net/ethernet/brocade/bna/bfa_defs.h        |   7 +-
 drivers/net/ethernet/brocade/bna/bfa_defs_cna.h    |   7 +-
 .../net/ethernet/brocade/bna/bfa_defs_mfg_comm.h   |   7 +-
 drivers/net/ethernet/brocade/bna/bfa_defs_status.h |   7 +-
 drivers/net/ethernet/brocade/bna/bfa_ioc.c         |   9 +-
 drivers/net/ethernet/brocade/bna/bfa_ioc.h         |   7 +-
 drivers/net/ethernet/brocade/bna/bfa_ioc_ct.c      |   7 +-
 drivers/net/ethernet/brocade/bna/bfa_msgq.c        |   7 +-
 drivers/net/ethernet/brocade/bna/bfa_msgq.h        |   7 +-
 drivers/net/ethernet/brocade/bna/bfi.h             |   7 +-
 drivers/net/ethernet/brocade/bna/bfi_cna.h         |   7 +-
 drivers/net/ethernet/brocade/bna/bfi_enet.h        |   7 +-
 drivers/net/ethernet/brocade/bna/bfi_reg.h         |  13 +-
 drivers/net/ethernet/brocade/bna/bna.h             |   7 +-
 drivers/net/ethernet/brocade/bna/bna_enet.c        |   7 +-
 drivers/net/ethernet/brocade/bna/bna_hw_defs.h     |   7 +-
 drivers/net/ethernet/brocade/bna/bna_tx_rx.c       |   7 +-
 drivers/net/ethernet/brocade/bna/bna_types.h       |   7 +-
 drivers/net/ethernet/brocade/bna/bnad.c            |  11 +-
 drivers/net/ethernet/brocade/bna/bnad.h            |   9 +-
 drivers/net/ethernet/brocade/bna/bnad_debugfs.c    |   7 +-
 drivers/net/ethernet/brocade/bna/bnad_ethtool.c    |   7 +-
 drivers/net/ethernet/brocade/bna/cna.h             |  11 +-
 drivers/net/ethernet/brocade/bna/cna_fwimg.c       |   7 +-
 drivers/net/ethernet/cadence/macb.c                |  18 +-
 drivers/net/ethernet/cadence/macb.h                |  15 +-
 drivers/net/ethernet/emulex/benet/be.h             |  43 +-
 drivers/net/ethernet/emulex/benet/be_cmds.c        |  85 +-
 drivers/net/ethernet/emulex/benet/be_main.c        | 979 +++++++++++----------
 drivers/net/ethernet/sun/sunvnet.c                 |   2 +
 drivers/net/usb/hso.c                              |  13 +-
 drivers/net/usb/r8152.c                            | 131 ++-
 include/linux/igmp.h                               |   2 +
 include/linux/skbuff.h                             |   3 +-
 net/batman-adv/gateway_client.c                    |  19 +-
 net/bridge/br_netlink.c                            |  46 +-
 net/compat.c                                       |  10 +-
 net/core/ethtool.c                                 |   2 +-
 net/core/skbuff.c                                  |   9 +-
 net/ipv4/igmp.c                                    |  52 +-
 net/ipv4/tcp_cong.c                                |   2 +-
 net/ipv6/raw.c                                     |   2 +-
 net/netfilter/nf_conntrack_amanda.c                |  10 +-
 net/netfilter/xt_string.c                          |   3 +-
 net/sched/em_text.c                                |   3 +-
 71 files changed, 1159 insertions(+), 936 deletions(-)
 rename arch/powerpc/net/{bpf_jit_64.S => bpf_jit_asm.S} (76%)
Merging ipsec-next/master (ff660f75be36 Merge branch 'stmmac-pci')
$ git merge ipsec-next/master
Already up-to-date.
Merging wireless-drivers-next/master (d53071143aa5 Merge ath-next from ath.git)
$ git merge wireless-drivers-next/master
Already up-to-date.
Merging bluetooth/master (03f310efd4b1 Bluetooth: Remove unnecessary queue_monitor_skb() function)
$ git merge bluetooth/master
Auto-merging drivers/bluetooth/btusb.c
Merge made by the 'recursive' strategy.
 drivers/bluetooth/ath3k.c          |   1 +
 drivers/bluetooth/btmrvl_drv.h     |   1 +
 drivers/bluetooth/btmrvl_main.c    |  14 +++
 drivers/bluetooth/btusb.c          | 120 ++++++++++++------
 drivers/net/ieee802154/at86rf230.c |   2 +-
 include/linux/ieee802154.h         |  12 +-
 include/net/bluetooth/hci_core.h   | 144 ++++++++--------------
 include/net/mac802154.h            |   9 +-
 net/6lowpan/Kconfig                |  57 ++++++++-
 net/6lowpan/Makefile               |  13 +-
 net/6lowpan/iphc.c                 | 200 +++++-------------------------
 net/6lowpan/nhc.c                  | 241 +++++++++++++++++++++++++++++++++++++
 net/6lowpan/nhc.h                  | 146 ++++++++++++++++++++++
 net/6lowpan/nhc_dest.c             |  28 +++++
 net/6lowpan/nhc_fragment.c         |  27 +++++
 net/6lowpan/nhc_hop.c              |  27 +++++
 net/6lowpan/nhc_ipv6.c             |  27 +++++
 net/6lowpan/nhc_mobility.c         |  27 +++++
 net/6lowpan/nhc_routing.c          |  27 +++++
 net/6lowpan/nhc_udp.c              | 157 ++++++++++++++++++++++++
 net/bluetooth/Kconfig              |   8 ++
 net/bluetooth/Makefile             |   3 +-
 net/bluetooth/a2mp.c               |  44 +++----
 net/bluetooth/a2mp.h               |   8 --
 net/bluetooth/hci_conn.c           |  20 ++-
 net/bluetooth/hci_core.c           |  48 +++++---
 net/bluetooth/hci_debugfs.h        |  22 ++++
 net/bluetooth/hci_event.c          |  38 +++---
 net/bluetooth/hci_sock.c           |  41 ++-----
 net/bluetooth/l2cap_core.c         |  40 +++++-
 net/bluetooth/mgmt.c               |  16 ++-
 net/bluetooth/sco.c                |  21 +++-
 net/bluetooth/smp.c                |  24 ++--
 net/ieee802154/6lowpan/core.c      |   6 +-
 net/ieee802154/core.c              |   1 +
 35 files changed, 1174 insertions(+), 446 deletions(-)
 create mode 100644 net/6lowpan/nhc.c
 create mode 100644 net/6lowpan/nhc.h
 create mode 100644 net/6lowpan/nhc_dest.c
 create mode 100644 net/6lowpan/nhc_fragment.c
 create mode 100644 net/6lowpan/nhc_hop.c
 create mode 100644 net/6lowpan/nhc_ipv6.c
 create mode 100644 net/6lowpan/nhc_mobility.c
 create mode 100644 net/6lowpan/nhc_routing.c
 create mode 100644 net/6lowpan/nhc_udp.c
Merging infiniband/for-next (147d1da951cf Merge branches 'core', 'cxgb4', 'iser', 'mlx4', 'mlx5', 'ocrdma', 'odp', 'qib' and 'srp' into for-next)
$ git merge infiniband/for-next
Already up-to-date.
Merging mtd/master (eb928d40a93f Merge JFFS2 updates from David Woodhouse)
$ git merge mtd/master
Already up-to-date.
Merging l2-mtd/master (eb928d40a93f Merge JFFS2 updates from David Woodhouse)
$ git merge l2-mtd/master
Already up-to-date.
Merging crypto/master (db71f29a1c32 crypto: testmgr - mark rfc4106(gcm(aes)) as fips_allowed)
$ git merge crypto/master
Already up-to-date.
Merging drm/drm-next (45ee2dbc65cb Merge branch 'drm-next-3.20' of git://people.freedesktop.org/~agd5f/linux into drm-next)
$ git merge drm/drm-next
Already up-to-date.
Merging drm-panel/drm/panel/for-next (23923ebaac52 drm: Remove unused DRM_MODE_OBJECT_BRIDGE)
$ git merge drm-panel/drm/panel/for-next
Merge made by the 'recursive' strategy.
 drivers/gpu/drm/bridge/Kconfig   |  11 +
 drivers/gpu/drm/bridge/Makefile  |   1 +
 drivers/gpu/drm/bridge/ps8622.c  | 684 +++++++++++++++++++++++++++++++++++++++
 drivers/gpu/drm/bridge/ptn3460.c |   2 +-
 include/drm/drm_crtc.h           |   1 -
 5 files changed, 697 insertions(+), 2 deletions(-)
 create mode 100644 drivers/gpu/drm/bridge/ps8622.c
Merging drm-intel/for-linux-next (e489e38e3f88 drm/i915: gen5+ can have FBC with multiple pipes)
$ git merge drm-intel/for-linux-next
Auto-merging include/uapi/drm/drm_fourcc.h
Auto-merging include/drm/i915_pciids.h
Auto-merging include/drm/drm_crtc.h
Auto-merging drivers/gpu/drm/i915/intel_uncore.c
Auto-merging drivers/gpu/drm/i915/intel_ringbuffer.c
Auto-merging drivers/gpu/drm/i915/intel_pm.c
Auto-merging drivers/gpu/drm/i915/intel_lrc.c
Removing drivers/gpu/drm/i915/intel_dsi_cmd.h
Auto-merging drivers/gpu/drm/i915/intel_dsi.c
Auto-merging drivers/gpu/drm/i915/intel_dp.c
Auto-merging drivers/gpu/drm/i915/intel_display.c
Auto-merging drivers/gpu/drm/i915/i915_gem.c
Auto-merging drivers/gpu/drm/i915/i915_drv.h
Auto-merging drivers/gpu/drm/i915/i915_drv.c
Auto-merging drivers/gpu/drm/i915/i915_debugfs.c
Auto-merging drivers/gpu/drm/drm_irq.c
Auto-merging drivers/gpu/drm/drm_crtc.c
Merge made by the 'recursive' strategy.
 Documentation/DocBook/drm.tmpl             |   5 +
 drivers/gpu/drm/drm_crtc.c                 |  14 +-
 drivers/gpu/drm/drm_crtc_helper.c          |   1 +
 drivers/gpu/drm/drm_ioctl.c                |   3 +
 drivers/gpu/drm/drm_irq.c                  |  56 ++++--
 drivers/gpu/drm/i915/Makefile              |   3 +
 drivers/gpu/drm/i915/i915_cmd_parser.c     |  74 ++++----
 drivers/gpu/drm/i915/i915_debugfs.c        |  98 ++++++++--
 drivers/gpu/drm/i915/i915_dma.c            |  81 +++++++++
 drivers/gpu/drm/i915/i915_drv.c            |  21 ++-
 drivers/gpu/drm/i915/i915_drv.h            |  48 +++--
 drivers/gpu/drm/i915/i915_gem.c            |   9 +
 drivers/gpu/drm/i915/i915_gem_execbuffer.c |  74 ++++----
 drivers/gpu/drm/i915/i915_gem_gtt.c        |  44 ++++-
 drivers/gpu/drm/i915/i915_gem_gtt.h        |   8 +-
 drivers/gpu/drm/i915/i915_gem_stolen.c     |   8 +-
 drivers/gpu/drm/i915/i915_gpu_error.c      |   5 +-
 drivers/gpu/drm/i915/i915_irq.c            |  93 ++--------
 drivers/gpu/drm/i915/i915_reg.h            | 107 ++++++++++-
 drivers/gpu/drm/i915/i915_sysfs.c          |  10 +-
 drivers/gpu/drm/i915/i915_trace.h          |   8 +-
 drivers/gpu/drm/i915/i915_vgpu.c           | 264 +++++++++++++++++++++++++++
 drivers/gpu/drm/i915/i915_vgpu.h           |  91 ++++++++++
 drivers/gpu/drm/i915/intel_display.c       | 278 +++++++++++++++--------------
 drivers/gpu/drm/i915/intel_dp.c            |   4 +-
 drivers/gpu/drm/i915/intel_drv.h           |  18 +-
 drivers/gpu/drm/i915/intel_dsi.c           |   2 +-
 drivers/gpu/drm/i915/intel_dsi_cmd.h       |  39 ----
 drivers/gpu/drm/i915/intel_fbc.c           |  93 ++++++----
 drivers/gpu/drm/i915/intel_fbdev.c         |   3 +-
 drivers/gpu/drm/i915/intel_lrc.c           | 140 +++++++++++----
 drivers/gpu/drm/i915/intel_lrc.h           |   8 +-
 drivers/gpu/drm/i915/intel_pm.c            | 114 +++++++-----
 drivers/gpu/drm/i915/intel_ringbuffer.c    | 225 +++++++++++++++--------
 drivers/gpu/drm/i915/intel_ringbuffer.h    |   1 -
 drivers/gpu/drm/i915/intel_runtime_pm.c    | 220 +++++++++++++++++++++++
 drivers/gpu/drm/i915/intel_sprite.c        |  23 +--
 drivers/gpu/drm/i915/intel_uncore.c        |  59 +++++-
 include/drm/drmP.h                         |   1 +
 include/drm/drm_crtc.h                     |   4 +
 include/drm/i915_pciids.h                  |  28 ++-
 include/uapi/drm/drm.h                     |   1 +
 include/uapi/drm/drm_fourcc.h              |  63 +++++++
 include/uapi/drm/drm_mode.h                |   9 +
 44 files changed, 1808 insertions(+), 650 deletions(-)
 create mode 100644 drivers/gpu/drm/i915/i915_vgpu.c
 create mode 100644 drivers/gpu/drm/i915/i915_vgpu.h
 delete mode 100644 drivers/gpu/drm/i915/intel_dsi_cmd.h
Merging drm-tegra/drm/tegra/for-next (07d05cbf60ed drm/tegra: dc: Move more code into ->init())
$ git merge drm-tegra/drm/tegra/for-next
Merge made by the 'recursive' strategy.
 drivers/gpu/drm/tegra/dc.c   | 79 ++++++++++++++++++++++----------------------
 drivers/gpu/drm/tegra/hdmi.c |  8 +++++
 2 files changed, 48 insertions(+), 39 deletions(-)
Merging drm-misc/topic/drm-misc (9590552893e2 drm/atomic-helpers: make mode_set hooks optional)
$ git merge drm-misc/topic/drm-misc
Auto-merging include/drm/drmP.h
Auto-merging drivers/gpu/drm/drm_irq.c
Auto-merging drivers/gpu/drm/drm_crtc.c
Merge made by the 'recursive' strategy.
 drivers/gpu/drm/drm_atomic.c        | 100 ++++++++++---------
 drivers/gpu/drm/drm_atomic_helper.c | 192 +++++++++++++++++++-----------------
 drivers/gpu/drm/drm_crtc.c          |  25 +++--
 drivers/gpu/drm/drm_irq.c           |   2 +-
 drivers/gpu/drm/i915/intel_atomic.c |   4 +-
 drivers/gpu/drm/msm/msm_atomic.c    |   4 +-
 include/drm/drmP.h                  |   9 ++
 include/drm/drm_atomic_helper.h     |   6 +-
 include/drm/drm_crtc_helper.h       |   3 +-
 include/drm/drm_modes.h             |   2 +-
 10 files changed, 192 insertions(+), 155 deletions(-)
$ git am -3 ../patches/0001-drm-atomic-helper-fix-for-Rename-commmit_post-pre_pl.patch
Applying: drm/atomic-helper: fix for Rename commmit_post/pre_planes
$ git reset HEAD^
Unstaged changes after reset:
M	drivers/gpu/drm/tegra/drm.c
$ git add -A .
$ git commit -v -a --amend
[master 107e504709c4] Merge remote-tracking branch 'drm-misc/topic/drm-misc'
 Date: Tue Feb 24 11:19:45 2015 +1100
Merging sound/for-next (72f770c6acde Merge branch 'topic/timestamp' into for-next)
$ git merge sound/for-next
Removing sound/pci/hda/hda_priv.h
Auto-merging sound/core/pcm_native.c
Merge made by the 'recursive' strategy.
 Documentation/sound/alsa/timestamping.txt | 200 +++++++++++
 include/sound/pcm.h                       |  66 +++-
 include/sound/seq_device.h                |  46 ++-
 include/sound/seq_kernel.h                |   6 +-
 include/uapi/sound/asequencer.h           |   1 +
 include/uapi/sound/asound.h               |  39 +-
 include/uapi/sound/emu10k1.h              |   3 +-
 include/uapi/sound/hdspm.h                |   6 +
 sound/core/pcm.c                          |  92 +++--
 sound/core/pcm_compat.c                   |  28 +-
 sound/core/pcm_lib.c                      |  88 +++--
 sound/core/pcm_native.c                   |  41 ++-
 sound/core/seq/oss/seq_oss.c              |  22 +-
 sound/core/seq/oss/seq_oss_synth.c        |   6 +-
 sound/core/seq/oss/seq_oss_synth.h        |   4 +-
 sound/core/seq/seq_device.c               | 569 +++++++-----------------------
 sound/core/seq/seq_dummy.c                |   6 +-
 sound/core/seq/seq_midi.c                 |  36 +-
 sound/core/sound.c                        |  14 +-
 sound/drivers/opl3/opl3_seq.c             |  34 +-
 sound/drivers/opl4/opl4_seq.c             |  33 +-
 sound/isa/sb/emu8000_synth.c              |  35 +-
 sound/pci/emu10k1/emu10k1_synth.c         |  35 +-
 sound/pci/hda/hda_codec.c                 |  87 ++---
 sound/pci/hda/hda_codec.h                 |  22 +-
 sound/pci/hda/hda_controller.c            | 136 ++++---
 sound/pci/hda/hda_controller.h            | 397 ++++++++++++++++++++-
 sound/pci/hda/hda_i915.c                  |   2 +-
 sound/pci/hda/hda_intel.c                 |  23 +-
 sound/pci/hda/hda_intel.h                 |   2 +-
 sound/pci/hda/hda_local.h                 |  17 -
 sound/pci/hda/hda_priv.h                  | 406 ---------------------
 sound/pci/hda/hda_tegra.c                 |   9 +-
 sound/pci/rme9652/hdspm.c                 | 141 ++------
 34 files changed, 1285 insertions(+), 1367 deletions(-)
 create mode 100644 Documentation/sound/alsa/timestamping.txt
 delete mode 100644 sound/pci/hda/hda_priv.h
Merging sound-asoc/for-next (9c208ed74c76 Merge remote-tracking branches 'asoc/fix/rsnd', 'asoc/fix/rt5670' and 'asoc/fix/samsung' into asoc-linus)
$ git merge sound-asoc/for-next
Merge made by the 'recursive' strategy.
 sound/soc/cirrus/Kconfig         |  2 +-
 sound/soc/codecs/Kconfig         |  2 +-
 sound/soc/codecs/max98357a.c     | 12 +++++++++++-
 sound/soc/codecs/rt5670.c        |  6 ++++++
 sound/soc/fsl/fsl_ssi.c          | 11 +++++++----
 sound/soc/intel/sst/sst.c        |  4 ++++
 sound/soc/omap/omap-hdmi-audio.c |  3 +++
 sound/soc/samsung/Kconfig        | 10 +++++-----
 sound/soc/sh/rcar/core.c         |  4 ++--
 9 files changed, 40 insertions(+), 14 deletions(-)
Merging modules/modules-next (9cc019b8c94f module: Replace over-engineered nested sleep)
$ git merge modules/modules-next
Already up-to-date.
Merging virtio/virtio-next (5b40a7daf518 virtio: don't set VIRTIO_CONFIG_S_DRIVER_OK twice.)
$ git merge virtio/virtio-next
Already up-to-date.
Merging input/next (290b799c390d Input: psmouse - use IS_ENABLED instead of homegrown code)
$ git merge input/next
Already up-to-date.
Merging block/for-next (434c26478166 Merge branch 'for-3.20/core' into for-next)
$ git merge block/for-next
Already up-to-date!
Merge made by the 'recursive' strategy.
Merging device-mapper/for-next (762143713731 dm: remove unnecessary wrapper around blk_lld_busy)
$ git merge device-mapper/for-next
Merge made by the 'recursive' strategy.
 drivers/md/dm-cache-policy-mq.c    | 251 +++++++++++++++++++++++++++----------
 drivers/md/dm-log-userspace-base.c |  84 +++++++------
 drivers/md/dm-mpath.c              |   2 +-
 drivers/md/dm.c                    |   6 -
 include/linux/device-mapper.h      |   5 -
 5 files changed, 230 insertions(+), 118 deletions(-)
Merging mmc/mmc-next (11bc9381b277 mmc: sdhci-s3c: use mmc_of_parse and remove the card_tasklet)
$ git merge mmc/mmc-next
Already up-to-date.
Merging mmc-uh/next (802ea9d8645d Merge tag 'dm-3.20-changes' of git://git.kernel.org/pub/scm/linux/kernel/git/device-mapper/linux-dm)
$ git merge mmc-uh/next
Already up-to-date.
Merging kgdb/kgdb-next (dd8f30cc0550 kgdb, docs: Fix <para> pdfdocs build errors)
$ git merge kgdb/kgdb-next
Already up-to-date.
Merging md/for-next (26ac107378c4 md/raid5: Fix livelock when array is both resyncing and degraded.)
$ git merge md/for-next
Already up-to-date.
Merging mfd/for-mfd-next (0a65fbf64dad mfd: intel_soc_pmic: Add missing error check for devm_kzalloc)
$ git merge mfd/for-mfd-next
Already up-to-date.
Merging backlight/for-backlight-next (1926469377bb backlight: da9052_bl: Terminate da9052_wled_ids array with empty element)
$ git merge backlight/for-backlight-next
Merge made by the 'recursive' strategy.
 drivers/video/backlight/88pm860x_bl.c | 5 +----
 drivers/video/backlight/da9052_bl.c   | 1 +
 2 files changed, 2 insertions(+), 4 deletions(-)
Merging battery/master (9e23e22cd61a power: ltc2941-battery-gauge: Fix typo in conversion formula (58 instead of 85))
$ git merge battery/master
Merge made by the 'recursive' strategy.
 drivers/power/ltc2941-battery-gauge.c | 2 +-
 1 file changed, 1 insertion(+), 1 deletion(-)
Merging omap_dss2/for-next (d6c2152b3efd Merge branches '3.20/fbdev' and '3.20/omapdss' into for-next)
$ git merge omap_dss2/for-next
Already up-to-date.
Merging regulator/for-next (264d8de777a4 Merge remote-tracking branches 'regulator/fix/da9210' and 'regulator/fix/rk808' into regulator-linus)
$ git merge regulator/for-next
Merge made by the 'recursive' strategy.
 drivers/regulator/da9210-regulator.c | 9 +++++++++
 drivers/regulator/rk808-regulator.c  | 8 ++++++++
 2 files changed, 17 insertions(+)
Merging security/next (04f81f0154e4 cipso: don't use IPCB() to locate the CIPSO IP option)
$ git merge security/next
Already up-to-date.
Merging integrity/next (7bea7ff67e0c ima: /proc/keys is now mandatory)
$ git merge integrity/next
Merge made by the 'recursive' strategy.
Merging selinux/next (387fb779789d selinux: reconcile security_netlbl_secattr_to_sid() and mls_import_netlbl_cat())
$ git merge selinux/next
Merge made by the 'recursive' strategy.
 security/selinux/ss/mls.c      | 10 +++-------
 security/selinux/ss/services.c |  6 +-----
 2 files changed, 4 insertions(+), 12 deletions(-)
Merging lblnet/next (b2776bf7149b Linux 3.18)
$ git merge lblnet/next
Already up-to-date.
Merging watchdog/master (b08c144e3a10 watchdog: bcm47xx_wdt.c: allow enabling on BCM5301X arch)
$ git merge watchdog/master
Resolved 'drivers/watchdog/Makefile' using previous resolution.
Auto-merging drivers/watchdog/Makefile
CONFLICT (content): Merge conflict in drivers/watchdog/Makefile
Auto-merging drivers/watchdog/Kconfig
Automatic merge failed; fix conflicts and then commit the result.
$ git commit -v -a
[master 1146be587c49] Merge remote-tracking branch 'watchdog/master'
$ git diff -M --stat --summary HEAD^..
 .../devicetree/bindings/watchdog/mt7621-wdt.txt    |  12 ++
 drivers/watchdog/Kconfig                           |   7 +
 drivers/watchdog/Makefile                          |   1 +
 drivers/watchdog/mt7621_wdt.c                      | 186 +++++++++++++++++++++
 4 files changed, 206 insertions(+)
 create mode 100644 Documentation/devicetree/bindings/watchdog/mt7621-wdt.txt
 create mode 100644 drivers/watchdog/mt7621_wdt.c
Merging iommu/next (a20cc76b9efa Merge branches 'arm/renesas', 'arm/smmu', 'arm/omap', 'ppc/pamu', 'x86/amd' and 'core' into next)
$ git merge iommu/next
Already up-to-date.
Merging dwmw2-iommu/master (1860e379875d Linux 3.15)
$ git merge dwmw2-iommu/master
Already up-to-date.
Merging vfio/next (6140a8f56238 vfio-pci: Add device request interface)
$ git merge vfio/next
Already up-to-date.
Merging osd/linux-next (1fa3a002b254 Boaz Harrosh - fix email in Documentation)
$ git merge osd/linux-next
Already up-to-date.
Merging jc_docs/docs-next (52e68924dfa8 Documentation: Fix the wrong command `echo -1 > set_ftrace_pid` for cleaning the filter.)
$ git merge jc_docs/docs-next
Already up-to-date.
Merging trivial/for-next (edb0ec0725bb kexec, Kconfig: spell "architecture" properly)
$ git merge trivial/for-next
Already up-to-date.
Merging audit/next (5b28255278dd audit: reduce mmap_sem hold for mm->exe_file)
$ git merge audit/next
Auto-merging kernel/auditsc.c
Auto-merging kernel/audit_tree.c
Auto-merging kernel/audit.h
Auto-merging kernel/audit.c
Merge made by the 'recursive' strategy.
 kernel/audit.c      | 42 ++++++++++++++++---------
 kernel/audit.h      |  3 ++
 kernel/audit_tree.c | 88 ++++++++++++++++++++++++++++++++++++-----------------
 kernel/auditsc.c    |  9 +-----
 4 files changed, 92 insertions(+), 50 deletions(-)
Merging devicetree/devicetree/next (fca8ba4ee24d of/unittest: Remove obsolete code)
$ git merge devicetree/devicetree/next
Already up-to-date.
Merging dt-rh/for-next (3c3c8e3618b0 Merge remote-tracking branch 'grant/devicetree/next' into for-next)
$ git merge dt-rh/for-next
Already up-to-date.
Merging mailbox/mailbox-for-next (9f3e3cacb2ff dt: mailbox: add generic bindings)
$ git merge mailbox/mailbox-for-next
Already up-to-date.
Merging spi/for-next (4f16c3cd0b66 Merge remote-tracking branch 'spi/fix/ti-qspi' into spi-linus)
$ git merge spi/for-next
Merge made by the 'recursive' strategy.
 drivers/spi/spi-ti-qspi.c | 22 ++++++++++++++++++++++
 1 file changed, 22 insertions(+)
Merging tip/auto-latest (3cf6be48c376 Merge branch 'timers/core')
$ git merge tip/auto-latest
Already up-to-date!
Merge made by the 'recursive' strategy.
Merging clockevents/clockevents/next (4c8305221193 clocksource: Driver for Conexant Digicolor SoC timer)
$ git merge clockevents/clockevents/next
Resolved 'arch/arm/mach-rockchip/Kconfig' using previous resolution.
Resolved 'drivers/clocksource/Kconfig' using previous resolution.
Resolved 'drivers/clocksource/rockchip_timer.c' using previous resolution.
Auto-merging drivers/clocksource/rockchip_timer.c
CONFLICT (add/add): Merge conflict in drivers/clocksource/rockchip_timer.c
Auto-merging drivers/clocksource/Kconfig
CONFLICT (content): Merge conflict in drivers/clocksource/Kconfig
Auto-merging arch/arm/mach-rockchip/Kconfig
CONFLICT (content): Merge conflict in arch/arm/mach-rockchip/Kconfig
Automatic merge failed; fix conflicts and then commit the result.
$ git commit -v -a
[master 154ef31287fe] Merge remote-tracking branch 'clockevents/clockevents/next'
$ git diff -M --stat --summary HEAD^..
Merging edac/linux_next (fec53af531dd sb_edac: Fix typo computing number of banks)
$ git merge edac/linux_next
Already up-to-date.
Merging edac-amd/for-next (30263b4052c6 EDAC, mv64x60_edac: Fix an error code in probe())
$ git merge edac-amd/for-next
Already up-to-date.
Merging irqchip/irqchip/for-next (91d117921216 irqchip: atmel-aic-common: Prevent clobbering of priority when changing IRQ type)
$ git merge irqchip/irqchip/for-next
Already up-to-date.
Merging tiny/tiny/next (f114040e3ea6 Linux 3.18-rc1)
$ git merge tiny/tiny/next
Already up-to-date.
Merging ftrace/for-next (c19565fc83e6 Merge branch 'for-next/ftrace/core' into trace/for-next)
$ git merge ftrace/for-next
Auto-merging kernel/trace/trace_kprobe.c
Auto-merging kernel/trace/trace.c
Auto-merging fs/Makefile
Merge made by the 'recursive' strategy.
 fs/Makefile                          |   1 +
 fs/tracefs/Makefile                  |   4 +
 fs/tracefs/inode.c                   | 644 +++++++++++++++++++++++++++++++++++
 include/linux/tracefs.h              |  45 +++
 include/uapi/linux/magic.h           |   2 +
 kernel/trace/ftrace.c                |  22 +-
 kernel/trace/trace.c                 | 187 +++++-----
 kernel/trace/trace.h                 |   2 +-
 kernel/trace/trace_events.c          |  32 +-
 kernel/trace/trace_functions_graph.c |   7 +-
 kernel/trace/trace_kprobe.c          |  10 +-
 kernel/trace/trace_probe.h           |   2 +-
 kernel/trace/trace_stat.c            |  10 +-
 13 files changed, 826 insertions(+), 142 deletions(-)
 create mode 100644 fs/tracefs/Makefile
 create mode 100644 fs/tracefs/inode.c
 create mode 100644 include/linux/tracefs.h
Merging rcu/rcu/next (b52e22f3021d Merge with c8bcfbf1b744 (rcu: Process offlining and onlining only at grace-period start))
$ git merge rcu/rcu/next
Auto-merging lib/Kconfig.debug
Auto-merging kernel/sched/idle.c
Auto-merging kernel/rcu/tree_plugin.h
Auto-merging init/Kconfig
Auto-merging arch/x86/kernel/smpboot.c
Auto-merging Documentation/kernel-parameters.txt
Merge made by the 'recursive' strategy.
 Documentation/atomic_ops.txt                       |  45 +--
 Documentation/kernel-parameters.txt                |  20 +-
 Documentation/kernel-per-CPU-kthreads.txt          |  34 +-
 Documentation/memory-barriers.txt                  |  42 ++-
 Documentation/timers/NO_HZ.txt                     |  10 +-
 arch/x86/kernel/smpboot.c                          |  10 +-
 include/linux/cpu.h                                |   4 +
 include/linux/lockdep.h                            |   7 +-
 include/linux/rcupdate.h                           |  40 ++-
 include/linux/srcu.h                               |   2 +-
 init/Kconfig                                       |  13 +
 kernel/cpu.c                                       |   4 +-
 kernel/rcu/rcutorture.c                            |  27 +-
 kernel/rcu/srcu.c                                  |  19 +-
 kernel/rcu/tiny.c                                  |  14 +-
 kernel/rcu/tree.c                                  | 363 ++++++++++++++-------
 kernel/rcu/tree.h                                  |  12 +-
 kernel/rcu/tree_plugin.h                           | 233 ++++++-------
 kernel/rcu/tree_trace.c                            |   4 +-
 kernel/rcu/update.c                                |  72 +++-
 kernel/sched/idle.c                                |   9 +-
 lib/Kconfig.debug                                  |  35 +-
 tools/testing/selftests/rcutorture/bin/kvm.sh      |   2 +-
 .../selftests/rcutorture/configs/rcu/CFcommon      |   1 +
 24 files changed, 651 insertions(+), 371 deletions(-)
Merging kvm/linux-next (4ff6f8e61eb7 KVM: emulate: fix CMPXCHG8B on 32-bit hosts)
$ git merge kvm/linux-next
Merge made by the 'recursive' strategy.
 arch/arm/include/asm/kvm_mmu.h |  2 +-
 arch/arm/kvm/arm.c             |  2 +-
 arch/arm/kvm/trace.h           | 10 +++++++---
 arch/x86/kvm/emulate.c         |  3 ++-
 arch/x86/kvm/vmx.c             | 23 ++++++++++++++---------
 5 files changed, 25 insertions(+), 15 deletions(-)
Merging kvm-arm/next (4b990589952f KVM: Remove unused config symbol)
$ git merge kvm-arm/next
Already up-to-date.
Merging kvm-ppc/kvm-ppc-next (2c4aa55a6af0 Merge tag 'signed-kvm-ppc-next' of git://github.com/agraf/linux-2.6 into HEAD)
$ git merge kvm-ppc/kvm-ppc-next
Already up-to-date.
Merging kvms390/next (de8e5d744051 KVM: Disable compat ioctl for s390)
$ git merge kvms390/next
Already up-to-date.
Merging xen-tip/linux-next (a2e75bc2ee20 xenbus: Add proper handling of XS_ERROR from Xenbus for transactions.)
$ git merge xen-tip/linux-next
Already up-to-date.
Merging percpu/for-next (4c907baf36d8 percpu_ref: implement percpu_ref_is_dying())
$ git merge percpu/for-next
Already up-to-date.
Merging workqueues/for-next (b5b3ab523e31 Merge branch 'for-3.19-fixes' into for-next)
$ git merge workqueues/for-next
Already up-to-date!
Merge made by the 'recursive' strategy.
Merging drivers-x86/for-next (c57c0fa4bc9c toshiba_acpi: Cleanup GPL header)
$ git merge drivers-x86/for-next
Already up-to-date.
Merging chrome-platform/for-next (5502486a2077 platform/chrome: chromeos_laptop - Add a limit for deferred retries)
$ git merge chrome-platform/for-next
Already up-to-date.
Merging regmap/for-next (48bbdbb173fa Merge remote-tracking branch 'regmap/fix/irq' into regmap-linus)
$ git merge regmap/for-next
Merge made by the 'recursive' strategy.
 drivers/base/regmap/regmap-irq.c | 3 ++-
 1 file changed, 2 insertions(+), 1 deletion(-)
Merging hsi/for-next (f034125dfdae HSI: nokia-modem: fix error return code)
$ git merge hsi/for-next
Merge made by the 'recursive' strategy.
 drivers/hsi/clients/nokia-modem.c | 1 +
 1 file changed, 1 insertion(+)
Merging leds/for-next (ffe2428614d2 leds: flash: remove stray include directive)
$ git merge leds/for-next
Merge made by the 'recursive' strategy.
 drivers/leds/leds-pwm.c         | 3 ---
 include/linux/led-class-flash.h | 1 -
 2 files changed, 4 deletions(-)
Merging ipmi/for-next (3a31f945b709 ipmi: Remove incorrect use of seq_has_overflowed)
$ git merge ipmi/for-next
Merge made by the 'recursive' strategy.
 drivers/char/ipmi/ipmi_msghandler.c | 4 ++--
 drivers/char/ipmi/ipmi_si_intf.c    | 4 ++--
 drivers/char/ipmi/ipmi_ssif.c       | 2 +-
 3 files changed, 5 insertions(+), 5 deletions(-)
Merging driver-core/driver-core-next (c517d838eb7d Linux 4.0-rc1)
$ git merge driver-core/driver-core-next
Already up-to-date.
Merging tty/tty-next (c517d838eb7d Linux 4.0-rc1)
$ git merge tty/tty-next
Already up-to-date.
Merging usb/usb-next (c517d838eb7d Linux 4.0-rc1)
$ git merge usb/usb-next
Already up-to-date.
Merging usb-gadget/next (c517d838eb7d Linux 4.0-rc1)
$ git merge usb-gadget/next
Already up-to-date.
Merging usb-serial/usb-next (3e264ffc831e USB: mos7840: remove unused code)
$ git merge usb-serial/usb-next
Already up-to-date.
Merging staging/staging-next (c517d838eb7d Linux 4.0-rc1)
$ git merge staging/staging-next
Already up-to-date.
Merging char-misc/char-misc-next (c517d838eb7d Linux 4.0-rc1)
$ git merge char-misc/char-misc-next
Already up-to-date.
Merging cgroup/for-next (8abba61bcfd4 Merge branch 'for-3.19-fixes' into for-next)
$ git merge cgroup/for-next
Already up-to-date!
Merge made by the 'recursive' strategy.
Merging scsi/for-next (cad8000836ef Merge branch 'misc' into for-next)
$ git merge scsi/for-next
Already up-to-date!
Merge made by the 'recursive' strategy.
Merging target-updates/for-next (aa04dae454d0 target: Set LBPWS10 bit in Logical Block Provisioning EVPD)
$ git merge target-updates/for-next
Already up-to-date.
Merging target-merge/for-next-merge (b28a960c42fc Linux 3.14-rc2)
$ git merge target-merge/for-next-merge
Already up-to-date.
Merging pinctrl/for-next (c517d838eb7d Linux 4.0-rc1)
$ git merge pinctrl/for-next
Already up-to-date.
Merging vhost/linux-next (4fe00489e61c vhost: drop hard-coded num_buffers size)
$ git merge vhost/linux-next
Merge made by the 'recursive' strategy.
 drivers/vhost/net.c | 25 ++++++++++++++-----------
 1 file changed, 14 insertions(+), 11 deletions(-)
Merging remoteproc/for-next (9a3c4145af32 Linux 3.16-rc6)
$ git merge remoteproc/for-next
Already up-to-date.
Merging rpmsg/for-next (b1b9891441fa rpmsg: use less buffers when vrings are small)
$ git merge rpmsg/for-next
Already up-to-date.
Merging gpio/for-next (2f97c20e5f7c gpio: tps65912: fix wrong container_of arguments)
$ git merge gpio/for-next
Merge made by the 'recursive' strategy.
 drivers/gpio/gpio-tps65912.c | 14 ++++++++++----
 drivers/gpio/gpiolib-of.c    |  9 +++++----
 2 files changed, 15 insertions(+), 8 deletions(-)
Merging dma-mapping/dma-mapping-next (dda02fd6278d mm, cma: make parameters order consistent in func declaration and definition)
$ git merge dma-mapping/dma-mapping-next
Already up-to-date.
Merging pwm/for-next (b65af27ad89d pwm: tegra: Use NSEC_PER_SEC)
$ git merge pwm/for-next
Already up-to-date.
Merging dma-buf/for-next (817bd7253291 dma-buf: cleanup dma_buf_export() to make it easily extensible)
$ git merge dma-buf/for-next
Auto-merging drivers/staging/android/ion/ion.c
Auto-merging drivers/media/v4l2-core/videobuf2-vmalloc.c
Auto-merging drivers/gpu/drm/tegra/gem.c
Auto-merging drivers/gpu/drm/exynos/exynos_drm_dmabuf.c
Merge made by the 'recursive' strategy.
 Documentation/dma-buf-sharing.txt              | 23 +++++++------
 drivers/dma-buf/dma-buf.c                      | 47 ++++++++++++--------------
 drivers/dma-buf/fence.c                        |  3 ++
 drivers/dma-buf/reservation.c                  |  5 +--
 drivers/gpu/drm/armada/armada_gem.c            | 10 ++++--
 drivers/gpu/drm/drm_prime.c                    | 12 ++++---
 drivers/gpu/drm/exynos/exynos_drm_dmabuf.c     |  9 +++--
 drivers/gpu/drm/i915/i915_gem_dmabuf.c         | 10 ++++--
 drivers/gpu/drm/omapdrm/omap_gem_dmabuf.c      |  9 ++++-
 drivers/gpu/drm/tegra/gem.c                    | 10 ++++--
 drivers/gpu/drm/ttm/ttm_object.c               |  9 +++--
 drivers/gpu/drm/udl/udl_dmabuf.c               |  9 ++++-
 drivers/media/v4l2-core/videobuf2-dma-contig.c |  8 ++++-
 drivers/media/v4l2-core/videobuf2-dma-sg.c     |  8 ++++-
 drivers/media/v4l2-core/videobuf2-vmalloc.c    |  8 ++++-
 drivers/staging/android/ion/ion.c              |  9 +++--
 include/linux/dma-buf.h                        | 34 +++++++++++++++----
 17 files changed, 158 insertions(+), 65 deletions(-)
Merging userns/for-next (db86da7cb76f userns: Unbreak the unprivileged remount tests)
$ git merge userns/for-next
Already up-to-date.
Merging ktest/for-next (7c2c49eceb79 ktest: Place quotes around item variable)
$ git merge ktest/for-next
Already up-to-date.
Merging clk/clk-next (ec02ace8ca0a clk: Only recalculate the rate if needed)
$ git merge clk/clk-next
Already up-to-date.
Merging random/dev (7185ad2672a7 crypto: memzero_explicit - make sure to clear out sensitive data)
$ git merge random/dev
Already up-to-date.
Merging aio/master (5f785de58873 aio: Skip timer for io_getevents if timeout=0)
$ git merge aio/master
Already up-to-date.
Merging llvmlinux/for-next (25d4aee23af2 arm: LLVMLinux: Use global stack register variable for percpu)
$ git merge llvmlinux/for-next
Merge made by the 'recursive' strategy.
Merging kselftest/next (6ddf898c23d6 selftests/exec: Check if the syscall exists and bail if not)
$ git merge kselftest/next
Auto-merging tools/testing/selftests/vm/Makefile
Auto-merging tools/testing/selftests/exec/execveat.c
Auto-merging Makefile
Merge made by the 'recursive' strategy.
 Makefile                                           | 14 +++++-
 tools/testing/selftests/Makefile                   | 54 +++++++++++++++++++++-
 tools/testing/selftests/breakpoints/Makefile       | 19 +++++++-
 tools/testing/selftests/cpu-hotplug/Makefile       | 14 +++++-
 .../{on-off-test.sh => cpu-on-off-test.sh}         |  0
 tools/testing/selftests/efivarfs/Makefile          | 16 ++++++-
 tools/testing/selftests/exec/execveat.c            | 10 +++-
 tools/testing/selftests/firmware/Makefile          | 43 ++++++++++-------
 tools/testing/selftests/ftrace/Makefile            | 13 +++++-
 tools/testing/selftests/ipc/Makefile               | 19 +++++++-
 tools/testing/selftests/kcmp/Makefile              | 13 +++++-
 tools/testing/selftests/memfd/Makefile             | 17 +++++--
 tools/testing/selftests/memory-hotplug/Makefile    | 14 +++++-
 .../{on-off-test.sh => mem-on-off-test.sh}         |  0
 tools/testing/selftests/mount/Makefile             | 12 ++++-
 tools/testing/selftests/mqueue/Makefile            | 18 ++++++--
 tools/testing/selftests/net/Makefile               | 20 ++++++--
 tools/testing/selftests/ptrace/Makefile            | 16 +++++--
 tools/testing/selftests/size/Makefile              | 12 ++++-
 tools/testing/selftests/sysctl/Makefile            | 17 ++++++-
 tools/testing/selftests/timers/Makefile            | 12 ++++-
 tools/testing/selftests/user/Makefile              | 12 ++++-
 tools/testing/selftests/vm/Makefile                | 11 ++++-
 23 files changed, 326 insertions(+), 50 deletions(-)
 rename tools/testing/selftests/cpu-hotplug/{on-off-test.sh => cpu-on-off-test.sh} (100%)
 rename tools/testing/selftests/memory-hotplug/{on-off-test.sh => mem-on-off-test.sh} (100%)
Merging y2038/y2038 (ed8c2241c1ae coredump: Use 64bit time for unix time of coredump)
$ git merge y2038/y2038
Auto-merging kernel/cpuset.c
Auto-merging fs/coredump.c
Auto-merging drivers/staging/media/lirc/lirc_serial.c
Auto-merging drivers/staging/ft1000/ft1000-usb/ft1000_hw.c
Auto-merging drivers/staging/ft1000/ft1000-pcmcia/ft1000_hw.c
Merge made by the 'recursive' strategy.
 drivers/staging/ft1000/ft1000-pcmcia/ft1000_hw.c |  4 +-
 drivers/staging/ft1000/ft1000-usb/ft1000_debug.c |  4 +-
 drivers/staging/ft1000/ft1000-usb/ft1000_hw.c    |  4 +-
 drivers/staging/ft1000/ft1000.h                  |  4 +-
 drivers/staging/gdm72xx/gdm_sdio.c               | 13 +++---
 drivers/staging/gdm72xx/gdm_sdio.h               |  4 +-
 drivers/staging/media/lirc/lirc_parallel.c       | 35 +++++++----------
 drivers/staging/media/lirc/lirc_sasem.c          | 20 +++++-----
 drivers/staging/media/lirc/lirc_serial.c         | 50 ++++++++----------------
 fs/coredump.c                                    |  8 ++--
 kernel/cpuset.c                                  | 12 ++++--
 11 files changed, 68 insertions(+), 90 deletions(-)
Merging luto-misc/next (82bbadb13ef4 x86, entry: Remove int_check_syscall_exit_work)
$ git merge luto-misc/next
Merge made by the 'recursive' strategy.
 arch/x86/ia32/ia32entry.S              | 179 ++++++++++----------
 arch/x86/include/asm/calling.h         | 262 ++++++++++++++---------------
 arch/x86/include/asm/dwarf2.h          |  24 +++
 arch/x86/include/asm/irqflags.h        |   4 +-
 arch/x86/include/asm/ptrace.h          |  13 +-
 arch/x86/include/uapi/asm/ptrace-abi.h |  16 +-
 arch/x86/include/uapi/asm/ptrace.h     |  13 +-
 arch/x86/kernel/entry_32.S             |  21 +--
 arch/x86/kernel/entry_64.S             | 294 ++++++++++++++-------------------
 arch/x86/lib/atomic64_cx8_32.S         |  50 +++---
 arch/x86/lib/checksum_32.S             |  60 +++----
 arch/x86/lib/msr-reg.S                 |  24 +--
 arch/x86/lib/rwsem.S                   |  44 +++--
 arch/x86/lib/thunk_32.S                |  18 +-
 arch/x86/lib/thunk_64.S                |  28 +++-
 15 files changed, 502 insertions(+), 548 deletions(-)
Merging access_once/linux-next (c5b19946eb76 kernel: Fix sparse warning for ACCESS_ONCE)
$ git merge access_once/linux-next
Already up-to-date.
Merging livepatching/for-next (0937e3b025f7 livepatch: simplify disable error path)
$ git merge livepatching/for-next
Merge made by the 'recursive' strategy.
 arch/x86/include/asm/livepatch.h |  4 +--
 include/linux/livepatch.h        |  8 ++---
 kernel/livepatch/core.c          | 67 ++++++++++------------------------------
 3 files changed, 23 insertions(+), 56 deletions(-)
Merging akpm-current/current (d07b956c650a scripts/gdb: Add infrastructure)
$ git merge --no-ff akpm-current/current
Resolved 'Documentation/kasan.txt' using previous resolution.
Resolved 'arch/mips/include/asm/pgtable-bits.h' using previous resolution.
Resolved 'arch/powerpc/kernel/time.c' using previous resolution.
Resolved 'arch/x86/Kconfig' using previous resolution.
Resolved 'arch/x86/include/asm/pgtable.h' using previous resolution.
Resolved 'drivers/block/zram/zram_drv.c' using previous resolution.
Resolved 'drivers/rtc/Makefile' using previous resolution.
Resolved 'fs/notify/fanotify/fanotify.c' using previous resolution.
Resolved 'include/linux/mm.h' using previous resolution.
Resolved 'init/Kconfig' using previous resolution.
Resolved 'kernel/fork.c' using previous resolution.
Resolved 'lib/Makefile' using previous resolution.
Resolved 'mm/slab_common.c' using previous resolution.
Resolved 'mm/slub.c' using previous resolution.
Resolved 'mm/swap.c' using previous resolution.
Resolved 'mm/vmscan.c' using previous resolution.
Resolved 'scripts/Makefile.kasan' using previous resolution.
Resolved 'scripts/module-common.lds' using previous resolution.
Auto-merging scripts/module-common.lds
CONFLICT (content): Merge conflict in scripts/module-common.lds
Auto-merging scripts/Makefile.kasan
CONFLICT (add/add): Merge conflict in scripts/Makefile.kasan
Auto-merging mm/vmstat.c
Auto-merging mm/vmscan.c
CONFLICT (content): Merge conflict in mm/vmscan.c
Auto-merging mm/util.c
Auto-merging mm/swap.c
CONFLICT (content): Merge conflict in mm/swap.c
Auto-merging mm/slub.c
CONFLICT (content): Merge conflict in mm/slub.c
Auto-merging mm/slab_common.c
CONFLICT (content): Merge conflict in mm/slab_common.c
Auto-merging mm/rmap.c
Auto-merging mm/memory.c
Auto-merging mm/madvise.c
Auto-merging mm/huge_memory.c
CONFLICT (modify/delete): mm/filemap_xip.c deleted in HEAD and modified in akpm-current/current. Version akpm-current/current of mm/filemap_xip.c left in tree.
Auto-merging lib/vsprintf.c
Auto-merging lib/Makefile
CONFLICT (content): Merge conflict in lib/Makefile
Auto-merging lib/Kconfig
Auto-merging kernel/fork.c
CONFLICT (content): Merge conflict in kernel/fork.c
Auto-merging init/Kconfig
CONFLICT (content): Merge conflict in init/Kconfig
Auto-merging include/linux/string.h
Auto-merging include/linux/rtc.h
Auto-merging include/linux/rmap.h
Auto-merging include/linux/mm.h
CONFLICT (content): Merge conflict in include/linux/mm.h
Auto-merging include/linux/kexec.h
Auto-merging include/linux/huge_mm.h
Auto-merging fs/proc/task_mmu.c
Auto-merging fs/ocfs2/aops.c
Auto-merging fs/notify/fanotify/fanotify.c
CONFLICT (content): Merge conflict in fs/notify/fanotify/fanotify.c
Auto-merging fs/fat/inode.c
Auto-merging drivers/rtc/interface.c
Auto-merging drivers/rtc/Makefile
CONFLICT (content): Merge conflict in drivers/rtc/Makefile
Auto-merging drivers/leds/Kconfig
Auto-merging drivers/input/input.c
Auto-merging drivers/block/zram/zram_drv.c
CONFLICT (content): Merge conflict in drivers/block/zram/zram_drv.c
Auto-merging arch/x86/include/asm/pgtable.h
CONFLICT (content): Merge conflict in arch/x86/include/asm/pgtable.h
Auto-merging arch/x86/Kconfig
CONFLICT (content): Merge conflict in arch/x86/Kconfig
Auto-merging arch/sparc/include/asm/pgtable_64.h
Auto-merging arch/powerpc/kernel/time.c
CONFLICT (content): Merge conflict in arch/powerpc/kernel/time.c
Auto-merging arch/powerpc/include/asm/pgtable-ppc64.h
Auto-merging arch/mips/include/asm/pgtable-bits.h
CONFLICT (content): Merge conflict in arch/mips/include/asm/pgtable-bits.h
Auto-merging arch/arm64/include/asm/pgtable.h
Auto-merging arch/arm/include/asm/pgtable-3level.h
Auto-merging Documentation/kasan.txt
CONFLICT (add/add): Merge conflict in Documentation/kasan.txt
Automatic merge failed; fix conflicts and then commit the result.
$ git rm -f mm/filemap_xip.c
mm/filemap_xip.c: needs merge
rm 'mm/filemap_xip.c'
$ git commit -v -a
[master c02e22c6b3a3] Merge branch 'akpm-current/current'
$ git diff -M --stat --summary HEAD^..
 Documentation/filesystems/vfat.txt       |  10 +
 Documentation/leds/leds-class.txt        |   3 -
 Documentation/printk-formats.txt         |   6 +
 arch/alpha/include/uapi/asm/mman.h       |   1 +
 arch/arm/include/asm/pgtable-3level.h    |   1 +
 arch/arm64/include/asm/pgtable.h         |   2 +
 arch/mips/include/uapi/asm/mman.h        |   1 +
 arch/parisc/include/uapi/asm/mman.h      |   1 +
 arch/powerpc/include/asm/pgtable-ppc64.h |   2 +
 arch/sparc/include/asm/pgtable_64.h      |   9 +
 arch/x86/include/asm/pgtable.h           |   5 +
 arch/x86/kernel/machine_kexec_64.c       |   1 +
 arch/xtensa/include/uapi/asm/mman.h      |   1 +
 block/genhd.c                            |   2 +-
 drivers/input/Kconfig                    |   9 +
 drivers/input/Makefile                   |   3 +
 drivers/input/input.c                    |   9 +
 drivers/input/leds.c                     | 272 ++++++++++++++++++++++++
 drivers/leds/Kconfig                     |   3 -
 drivers/rtc/class.c                      |  24 +++
 drivers/rtc/interface.c                  |  13 +-
 drivers/tty/Kconfig                      |   4 +
 drivers/tty/vt/keyboard.c                | 110 +++++++---
 fs/ext4/fsync.c                          |   5 +-
 fs/fat/cache.c                           |  79 ++++---
 fs/fat/dir.c                             |   2 +-
 fs/fat/fat.h                             |   6 +-
 fs/fat/file.c                            |  61 ++++++
 fs/fat/inode.c                           |  75 ++++++-
 fs/mpage.c                               |  23 ++-
 fs/ocfs2/aops.c                          |  21 +-
 fs/ocfs2/dlm/dlmmaster.c                 |  10 -
 fs/ocfs2/dlm/dlmthread.c                 |  10 +
 fs/proc/task_mmu.c                       |   4 +-
 include/linux/crc64_ecma.h               |  56 +++++
 include/linux/huge_mm.h                  |   4 +
 include/linux/input.h                    |  28 +++
 include/linux/kexec.h                    |   2 +
 include/linux/rmap.h                     |   9 +-
 include/linux/rtc.h                      |   4 +
 include/linux/string.h                   |   1 +
 include/linux/vm_event_item.h            |   1 +
 include/uapi/asm-generic/mman-common.h   |   1 +
 lib/Kconfig                              |   7 +
 lib/Makefile                             |   1 +
 lib/crc64_ecma.c                         | 341 +++++++++++++++++++++++++++++++
 lib/vsprintf.c                           |  20 +-
 mm/huge_memory.c                         |  35 ++++
 mm/madvise.c                             | 150 ++++++++++++++
 mm/memory.c                              |   1 +
 mm/memory_hotplug.c                      |  11 +-
 mm/page_isolation.c                      |   7 +-
 mm/rmap.c                                |  46 ++++-
 mm/slub.c                                |   2 +
 mm/util.c                                |  30 +++
 mm/vmscan.c                              | 115 ++++++++---
 mm/vmstat.c                              |   1 +
 57 files changed, 1514 insertions(+), 147 deletions(-)
 create mode 100644 drivers/input/leds.c
 create mode 100644 include/linux/crc64_ecma.h
 create mode 100644 lib/crc64_ecma.c
$ git am -3 ../patches/0001-fix-bad-merge-in-akpm-current.patch
Applying: fix bad merge in akpm-current
$ git reset HEAD^
Unstaged changes after reset:
M	mm/slub.c
$ git add -A .
$ git commit -v -a --amend
[master 624d82075db9] Merge branch 'akpm-current/current'
 Date: Tue Feb 24 13:17:31 2015 +1100
$ git am -3 ../patches/0001-fix-another-bad-merge-in-akpm-current.patch
Applying: fix another bad merge in akpm-current
$ git reset HEAD^
Unstaged changes after reset:
M	mm/memory.c
$ git add -A .
$ git commit -v -a --amend
[master 93c47d043263] Merge branch 'akpm-current/current'
 Date: Tue Feb 24 13:17:31 2015 +1100
$ git clone -s -l -n -q . ../rebase-tmp
$ cd ../rebase-tmp
$ git checkout -b akpm remotes/origin/akpm/master
Switched to a new branch 'akpm'
$ git rebase --onto master remotes/origin/akpm/master-base
First, rewinding head to replay your work on top of it...
Applying: ocfs2: use 64bit variables to track heartbeat time
Applying: lib/Kconfig: fix up HAVE_ARCH_BITREVERSE help text
Applying: drivers/w1/w1_int.c: call put_device if device_register fails
Applying: mm: add strictlimit knob
$ cd ../next
$ git fetch -f ../rebase-tmp akpm:akpm/master
From ../rebase-tmp
 + 2520c1d9f84a...2e34ea6cab7b akpm       -> akpm/master  (forced update)
$ rm -rf ../rebase-tmp
Merging akpm/master (2e34ea6cab7b mm: add strictlimit knob)
$ git merge --no-ff akpm/master
Merge made by the 'recursive' strategy.
 Documentation/ABI/testing/sysfs-class-bdi |  8 +++++
 drivers/w1/w1_int.c                       |  3 +-
 fs/ocfs2/cluster/heartbeat.c              | 49 ++++++-------------------------
 lib/Kconfig                               |  5 ++--
 mm/backing-dev.c                          | 35 ++++++++++++++++++++++
 5 files changed, 55 insertions(+), 45 deletions(-)
